Component: ARM Compiler 5.06 update 6 (build 750) Tool: armlink [4d35ed]

==============================================================================

Section Cross References

    startup_stm32f407xx.o(RESET) refers to startup_stm32f407xx.o(STACK) for __initial_sp
    startup_stm32f407xx.o(RESET) refers to startup_stm32f407xx.o(.text) for Reset_Handler
    startup_stm32f407xx.o(RESET) refers to stm32f4xx_it.o(i.NMI_Handler) for NMI_Handler
    startup_stm32f407xx.o(RESET) refers to stm32f4xx_it.o(i.HardFault_Handler) for HardFault_Handler
    startup_stm32f407xx.o(RESET) refers to stm32f4xx_it.o(i.MemManage_Handler) for MemManage_Handler
    startup_stm32f407xx.o(RESET) refers to stm32f4xx_it.o(i.BusFault_Handler) for BusFault_Handler
    startup_stm32f407xx.o(RESET) refers to stm32f4xx_it.o(i.UsageFault_Handler) for UsageFault_Handler
    startup_stm32f407xx.o(RESET) refers to stm32f4xx_it.o(i.SVC_Handler) for SVC_Handler
    startup_stm32f407xx.o(RESET) refers to stm32f4xx_it.o(i.DebugMon_Handler) for DebugMon_Handler
    startup_stm32f407xx.o(RESET) refers to stm32f4xx_it.o(i.PendSV_Handler) for PendSV_Handler
    startup_stm32f407xx.o(RESET) refers to stm32f4xx_it.o(i.SysTick_Handler) for SysTick_Handler
    startup_stm32f407xx.o(RESET) refers to stm32f4xx_it.o(i.DMA1_Stream1_IRQHandler) for DMA1_Stream1_IRQHandler
    startup_stm32f407xx.o(RESET) refers to stm32f4xx_it.o(i.DMA1_Stream2_IRQHandler) for DMA1_Stream2_IRQHandler
    startup_stm32f407xx.o(RESET) refers to stm32f4xx_it.o(i.DMA1_Stream3_IRQHandler) for DMA1_Stream3_IRQHandler
    startup_stm32f407xx.o(RESET) refers to stm32f4xx_it.o(i.DMA1_Stream4_IRQHandler) for DMA1_Stream4_IRQHandler
    startup_stm32f407xx.o(RESET) refers to stm32f4xx_it.o(i.DMA1_Stream5_IRQHandler) for DMA1_Stream5_IRQHandler
    startup_stm32f407xx.o(RESET) refers to stm32f4xx_it.o(i.DMA1_Stream6_IRQHandler) for DMA1_Stream6_IRQHandler
    startup_stm32f407xx.o(RESET) refers to stm32f4xx_it.o(i.TIM3_IRQHandler) for TIM3_IRQHandler
    startup_stm32f407xx.o(RESET) refers to stm32f4xx_it.o(i.TIM4_IRQHandler) for TIM4_IRQHandler
    startup_stm32f407xx.o(RESET) refers to stm32f4xx_it.o(i.USART1_IRQHandler) for USART1_IRQHandler
    startup_stm32f407xx.o(RESET) refers to stm32f4xx_it.o(i.USART2_IRQHandler) for USART2_IRQHandler
    startup_stm32f407xx.o(RESET) refers to stm32f4xx_it.o(i.USART3_IRQHandler) for USART3_IRQHandler
    startup_stm32f407xx.o(RESET) refers to stm32f4xx_it.o(i.DMA1_Stream7_IRQHandler) for DMA1_Stream7_IRQHandler
    startup_stm32f407xx.o(RESET) refers to stm32f4xx_it.o(i.UART4_IRQHandler) for UART4_IRQHandler
    startup_stm32f407xx.o(RESET) refers to stm32f4xx_it.o(i.UART5_IRQHandler) for UART5_IRQHandler
    startup_stm32f407xx.o(RESET) refers to stm32f4xx_it.o(i.DMA2_Stream1_IRQHandler) for DMA2_Stream1_IRQHandler
    startup_stm32f407xx.o(RESET) refers to stm32f4xx_it.o(i.DMA2_Stream2_IRQHandler) for DMA2_Stream2_IRQHandler
    startup_stm32f407xx.o(RESET) refers to stm32f4xx_it.o(i.OTG_FS_IRQHandler) for OTG_FS_IRQHandler
    startup_stm32f407xx.o(RESET) refers to stm32f4xx_it.o(i.DMA2_Stream6_IRQHandler) for DMA2_Stream6_IRQHandler
    startup_stm32f407xx.o(RESET) refers to stm32f4xx_it.o(i.USART6_IRQHandler) for USART6_IRQHandler
    startup_stm32f407xx.o(.text) refers to system_stm32f4xx.o(i.SystemInit) for SystemInit
    startup_stm32f407xx.o(.text) refers to entry.o(.ARM.Collect$$$$00000000) for __main
    system.o(i.KernelPolling) refers to control.o(i.FlightPidControl) for FlightPidControl
    system.o(i.KernelPolling) refers to control.o(i.MotorControl) for MotorControl
    system.o(i.KernelPolling) refers to imu.o(i.GetAngle) for GetAngle
    system.o(i.KernelPolling) refers to ano_of.o(i.AnoOF_State_Task) for AnoOF_State_Task
    system.o(i.KernelPolling) refers to followline_eg4.o(i.UpdateCentControl) for UpdateCentControl
    system.o(i.KernelPolling) refers to sdk.o(i.sdk_update) for sdk_update
    system.o(i.KernelPolling) refers to speed_estimator.o(i.WZ_Obs_Calcu) for WZ_Obs_Calcu
    system.o(i.KernelPolling) refers to speed_estimator.o(i.WZ_Fix_Calcu) for WZ_Fix_Calcu
    system.o(i.KernelPolling) refers to height_control.o(i.ALT_Ctrl) for ALT_Ctrl
    system.o(i.KernelPolling) refers to pos_ctrl.o(i.POS_Ctrl) for POS_Ctrl
    system.o(i.KernelPolling) refers to gcs.o(i.PollingGCS) for PollingGCS
    system.o(i.KernelPolling) refers to lcd_status.o(i.lcd_update) for lcd_update
    system.o(i.KernelPolling) refers to status.o(i.update_status) for update_status
    system.o(i.KernelPolling) refers to led.o(i.PollingLED) for PollingLED
    system.o(i.KernelPolling) refers to hardware_uart.o(i.PollingUSART) for PollingUSART
    system.o(i.KernelPolling) refers to beep.o(i.beep_update) for beep_update
    system.o(i.KernelPolling) refers to system.o(.data) for .data
    system.o(i.KernelPolling) refers to imu.o(.bss) for g_Attitude
    main.o(i.SystemClock_Config) refers to memseta.o(.text) for __aeabi_memclr4
[...]
    MX_UART5_Init                            0x08004f6d   Thumb Code    48  usart.o(i.MX_UART5_Init)
    MX_USART1_UART_Init                      0x08004fa5   Thumb Code    54  usart.o(i.MX_USART1_UART_Init)
    MX_USART2_UART_Init                      0x08004fe9   Thumb Code    48  usart.o(i.MX_USART2_UART_Init)
    MX_USART3_UART_Init                      0x08005021   Thumb Code    48  usart.o(i.MX_USART3_UART_Init)
    MX_USART6_UART_Init                      0x08005059   Thumb Code    48  usart.o(i.MX_USART6_UART_Init)
    MX_USB_DEVICE_Init                       0x08005091   Thumb Code    66  usb_device.o(i.MX_USB_DEVICE_Init)
    MemManage_Handler                        0x080050e5   Thumb Code     2  stm32f4xx_it.o(i.MemManage_Handler)
    MotorControl                             0x080050e9   Thumb Code   514  control.o(i.MotorControl)
    Motor_Init                               0x08005311   Thumb Code    38  motor.o(i.Motor_Init)
    NMI_Handler                              0x0800533d   Thumb Code     2  stm32f4xx_it.o(i.NMI_Handler)
    OTG_FS_IRQHandler                        0x08005341   Thumb Code     6  stm32f4xx_it.o(i.OTG_FS_IRQHandler)
    PID_Init                                 0x080054cd   Thumb Code   124  init.o(i.PID_Init)
    POS_Ctrl                                 0x0800556d   Thumb Code   506  pos_ctrl.o(i.POS_Ctrl)
    PendSV_Handler                           0x080057a9   Thumb Code     2  stm32f4xx_it.o(i.PendSV_Handler)
    PollingGCS                               0x080057ad   Thumb Code    80  gcs.o(i.PollingGCS)
    PollingLED                               0x08005801   Thumb Code   182  led.o(i.PollingLED)
    PollingUSART                             0x080058c5   Thumb Code    80  hardware_uart.o(i.PollingUSART)
    Q_rsqrt                                  0x0800591d   Thumb Code    40  mymath.o(i.Q_rsqrt)
    RCReceiveHandle                          0x08005949   Thumb Code   210  remote.o(i.RCReceiveHandle)
    RemotePolling                            0x08005a4d   Thumb Code    40  remote.o(i.RemotePolling)
    RemoteUnlock                             0x08005a81   Thumb Code   172  remote.o(i.RemoteUnlock)
    Remote_init                              0x08005b39   Thumb Code    32  remote.o(i.Remote_init)
    ResetPID                                 0x08005b61   Thumb Code    48  pid.o(i.ResetPID)
    SVC_Handler                              0x08005b9d   Thumb Code     2  stm32f4xx_it.o(i.SVC_Handler)
    SysTick_Handler                          0x08005ba1   Thumb Code   110  stm32f4xx_it.o(i.SysTick_Handler)
    SystemClock_Config                       0x08005c2d   Thumb Code   126  main.o(i.SystemClock_Config)
    SystemInit                               0x08005cb5   Thumb Code    66  system_stm32f4xx.o(i.SystemInit)
    TIM3_IRQHandler                          0x08005d09   Thumb Code     6  stm32f4xx_it.o(i.TIM3_IRQHandler)
    TIM4_IRQHandler                          0x08005d15   Thumb Code     6  stm32f4xx_it.o(i.TIM4_IRQHandler)
    TIM_Base_SetConfig                       0x08005d21   Thumb Code   156  stm32f4xx_hal_tim.o(i.TIM_Base_SetConfig)
    TIM_CCxChannelCmd                        0x08005de9   Thumb Code    26  stm32f4xx_hal_tim.o(i.TIM_CCxChannelCmd)
    TIM_ETR_SetConfig                        0x08005e03   Thumb Code    20  stm32f4xx_hal_tim.o(i.TIM_ETR_SetConfig)
    TIM_OC2_SetConfig                        0x08005e89   Thumb Code    98  stm32f4xx_hal_tim.o(i.TIM_OC2_SetConfig)
    Terrain_following                        0x08005ff5   Thumb Code    48  speed_estimator.o(i.Terrain_following)
    UART4_IRQHandler                         0x08006029   Thumb Code    44  stm32f4xx_it.o(i.UART4_IRQHandler)
    UART5_IRQHandler                         0x08006059   Thumb Code    52  stm32f4xx_it.o(i.UART5_IRQHandler)
    UART_1_ReceiveHandle                     0x08006099   Thumb Code    26  hardware_uart.o(i.UART_1_ReceiveHandle)
    UART_2_ReceiveHandle                     0x080060bd   Thumb Code    20  hardware_uart.o(i.UART_2_ReceiveHandle)
    UART_3_ReceiveHandle                     0x080060d1   Thumb Code     2  hardware_uart.o(i.UART_3_ReceiveHandle)
    UART_4_ReceiveHandle                     0x080060d3   Thumb Code     2  hardware_uart.o(i.UART_4_ReceiveHandle)
    UART_5_ReceiveHandle                     0x080060d5   Thumb Code     2  hardware_uart.o(i.UART_5_ReceiveHandle)
    UART_6_ReceiveHandle                     0x080060d7   Thumb Code     2  hardware_uart.o(i.UART_6_ReceiveHandle)
    USART1_IRQHandler                        0x08006585   Thumb Code    44  stm32f4xx_it.o(i.USART1_IRQHandler)
    USART2_IRQHandler                        0x080065b5   Thumb Code    44  stm32f4xx_it.o(i.USART2_IRQHandler)
    USART3_IRQHandler                        0x080065e5   Thumb Code    34  stm32f4xx_it.o(i.USART3_IRQHandler)
    USART6_IRQHandler                        0x0800660d   Thumb Code    54  stm32f4xx_it.o(i.USART6_IRQHandler)
    USART_Init                               0x08006651   Thumb Code   762  hardware_uart.o(i.USART_Init)
    USBD_CDC_GetDeviceQualifierDescriptor    0x08006a65   Thumb Code     8  usbd_cdc.o(i.USBD_CDC_GetDeviceQualifierDescriptor)
    USBD_CDC_ReceivePacket                   0x08006b29   Thumb Code    40  usbd_cdc.o(i.USBD_CDC_ReceivePacket)
    USBD_CDC_RegisterInterface               0x08006b51   Thumb Code    16  usbd_cdc.o(i.USBD_CDC_RegisterInterface)
    USBD_CDC_SetRxBuffer                     0x08006b61   Thumb Code    12  usbd_cdc.o(i.USBD_CDC_SetRxBuffer)
    USBD_CDC_SetTxBuffer                     0x08006b6d   Thumb Code    16  usbd_cdc.o(i.USBD_CDC_SetTxBuffer)
    USBD_ClrClassConfig                      0x08006c29   Thumb Code    14  usbd_core.o(i.USBD_ClrClassConfig)
    USBD_CtlContinueRx                       0x08006c37   Thumb Code    16  usbd_ioreq.o(i.USBD_CtlContinueRx)
    USBD_CtlContinueSendData                 0x08006c47   Thumb Code    16  usbd_ioreq.o(i.USBD_CtlContinueSendData)
    USBD_CtlError                            0x08006c57   Thumb Code    22  usbd_ctlreq.o(i.USBD_CtlError)
    USBD_CtlPrepareRx                        0x08006c6d   Thumb Code    30  usbd_ioreq.o(i.USBD_CtlPrepareRx)
    USBD_CtlReceiveStatus                    0x08006c8b   Thumb Code    22  usbd_ioreq.o(i.USBD_CtlReceiveStatus)
    USBD_CtlSendData                         0x08006ca1   Thumb Code    26  usbd_ioreq.o(i.USBD_CtlSendData)
    USBD_CtlSendStatus                       0x08006cbb   Thumb Code    22  usbd_ioreq.o(i.USBD_CtlSendStatus)
    USBD_FS_ConfigStrDescriptor              0x08006cd1   Thumb Code    16  usbd_desc.o(i.USBD_FS_ConfigStrDescriptor)
    USBD_FS_DeviceDescriptor                 0x08006cf1   Thumb Code     8  usbd_desc.o(i.USBD_FS_DeviceDescriptor)
    USBD_FS_InterfaceStrDescriptor           0x08006cfd   Thumb Code    16  usbd_desc.o(i.USBD_FS_InterfaceStrDescriptor)
    USBD_FS_LangIDStrDescriptor              0x08006d21   Thumb Code     8  usbd_desc.o(i.USBD_FS_LangIDStrDescriptor)
    USBD_FS_ManufacturerStrDescriptor        0x08006d2d   Thumb Code    16  usbd_desc.o(i.USBD_FS_ManufacturerStrDescriptor)
    USBD_FS_ProductStrDescriptor             0x08006d49   Thumb Code    16  usbd_desc.o(i.USBD_FS_ProductStrDescriptor)
    USBD_FS_SerialStrDescriptor              0x08006d65   Thumb Code    48  usbd_desc.o(i.USBD_FS_SerialStrDescriptor)
    USBD_GetString                           0x08006e85   Thumb Code    72  usbd_ctlreq.o(i.USBD_GetString)
    USBD_Get_USB_Status                      0x08006ecd   Thumb Code    24  usbd_conf.o(i.USBD_Get_USB_Status)
    USBD_Init                                0x08006ee5   Thumb Code    42  usbd_core.o(i.USBD_Init)
    USBD_LL_ClearStallEP                     0x08006f0f   Thumb Code    18  usbd_conf.o(i.USBD_LL_ClearStallEP)
    USBD_LL_CloseEP                          0x08006f21   Thumb Code    18  usbd_conf.o(i.USBD_LL_CloseEP)
    USBD_LL_DataInStage                      0x08006f33   Thumb Code   198  usbd_core.o(i.USBD_LL_DataInStage)
    USBD_LL_DataOutStage                     0x08006ff9   Thumb Code   130  usbd_core.o(i.USBD_LL_DataOutStage)
    USBD_LL_DevConnected                     0x0800707b   Thumb Code     4  usbd_core.o(i.USBD_LL_DevConnected)
    USBD_LL_DevDisconnected                  0x0800707f   Thumb Code    22  usbd_core.o(i.USBD_LL_DevDisconnected)
    USBD_LL_GetRxDataSize                    0x08007095   Thumb Code     8  usbd_conf.o(i.USBD_LL_GetRxDataSize)
    USBD_LL_Init                             0x0800709d   Thumb Code    90  usbd_conf.o(i.USBD_LL_Init)
    USBD_LL_IsStallEP                        0x080070fd   Thumb Code    32  usbd_conf.o(i.USBD_LL_IsStallEP)
    USBD_LL_IsoINIncomplete                  0x0800711d   Thumb Code     4  usbd_core.o(i.USBD_LL_IsoINIncomplete)
    USBD_LL_IsoOUTIncomplete                 0x08007121   Thumb Code     4  usbd_core.o(i.USBD_LL_IsoOUTIncomplete)
    USBD_LL_OpenEP                           0x08007125   Thumb Code    24  usbd_conf.o(i.USBD_LL_OpenEP)
    USBD_LL_PrepareReceive                   0x0800713d   Thumb Code    18  usbd_conf.o(i.USBD_LL_PrepareReceive)
    USBD_LL_Reset                            0x0800714f   Thumb Code    80  usbd_core.o(i.USBD_LL_Reset)
    USBD_LL_Resume                           0x0800719f   Thumb Code    12  usbd_core.o(i.USBD_LL_Resume)
    USBD_LL_SOF                              0x080071ab   Thumb Code    24  usbd_core.o(i.USBD_LL_SOF)
    USBD_LL_SetSpeed                         0x080071c3   Thumb Code     6  usbd_core.o(i.USBD_LL_SetSpeed)
    USBD_LL_SetUSBAddress                    0x080071c9   Thumb Code    18  usbd_conf.o(i.USBD_LL_SetUSBAddress)
    USBD_LL_SetupStage                       0x080071db   Thumb Code    90  usbd_core.o(i.USBD_LL_SetupStage)
    USBD_LL_StallEP                          0x08007235   Thumb Code    18  usbd_conf.o(i.USBD_LL_StallEP)
    USBD_LL_Start                            0x08007247   Thumb Code    18  usbd_conf.o(i.USBD_LL_Start)
    USBD_LL_Suspend                          0x08007259   Thumb Code    18  usbd_core.o(i.USBD_LL_Suspend)
    USBD_LL_Transmit                         0x0800726b   Thumb Code    18  usbd_conf.o(i.USBD_LL_Transmit)
    USBD_ParseSetupRequest                   0x0800727d   Thumb Code    40  usbd_ctlreq.o(i.USBD_ParseSetupRequest)
    USBD_RegisterClass                       0x080072a5   Thumb Code    16  usbd_core.o(i.USBD_RegisterClass)
    USBD_SetClassConfig                      0x080072b5   Thumb Code    22  usbd_core.o(i.USBD_SetClassConfig)
    USBD_Start                               0x08007351   Thumb Code    10  usbd_core.o(i.USBD_Start)
    USBD_StdDevReq                           0x0800735b   Thumb Code   274  usbd_ctlreq.o(i.USBD_StdDevReq)
    USBD_StdEPReq                            0x0800746d   Thumb Code   336  usbd_ctlreq.o(i.USBD_StdEPReq)
    USBD_StdItfReq                           0x080075bd   Thumb Code    78  usbd_ctlreq.o(i.USBD_StdItfReq)
    USB_ActivateEndpoint                     0x0800760d   Thumb Code   122  stm32f4xx_ll_usb.o(i.USB_ActivateEndpoint)
    USB_ActivateSetup                        0x0800768d   Thumb Code    52  stm32f4xx_ll_usb.o(i.USB_ActivateSetup)
    USB_CoreInit                             0x080076c1   Thumb Code   112  stm32f4xx_ll_usb.o(i.USB_CoreInit)
    USB_DeactivateEndpoint                   0x0800776d   Thumb Code   118  stm32f4xx_ll_usb.o(i.USB_DeactivateEndpoint)
    USB_DevConnect                           0x080077ed   Thumb Code    24  stm32f4xx_ll_usb.o(i.USB_DevConnect)
    USB_DevDisconnect                        0x08007805   Thumb Code    24  stm32f4xx_ll_usb.o(i.USB_DevDisconnect)
    USB_DevInit                              0x0800781d   Thumb Code   378  stm32f4xx_ll_usb.o(i.USB_DevInit)
    USB_DisableGlobalInt                     0x080079a9   Thumb Code    12  stm32f4xx_ll_usb.o(i.USB_DisableGlobalInt)
    USB_EP0StartXfer                         0x080079b5   Thumb Code   276  stm32f4xx_ll_usb.o(i.USB_EP0StartXfer)
    USB_EP0_OutStart                         0x08007acd   Thumb Code    84  stm32f4xx_ll_usb.o(i.USB_EP0_OutStart)
    USB_EPClearStall                         0x08007b25   Thumb Code    88  stm32f4xx_ll_usb.o(i.USB_EPClearStall)
    USB_EPSetStall                           0x08007b7d   Thumb Code    88  stm32f4xx_ll_usb.o(i.USB_EPSetStall)
    USB_EPStartXfer                          0x08007bd5   Thumb Code   482  stm32f4xx_ll_usb.o(i.USB_EPStartXfer)
    USB_EnableGlobalInt                      0x08007dbd   Thumb Code    12  stm32f4xx_ll_usb.o(i.USB_EnableGlobalInt)
    USB_FlushRxFifo                          0x08007dc9   Thumb Code    28  stm32f4xx_ll_usb.o(i.USB_FlushRxFifo)
    USB_FlushTxFifo                          0x08007de9   Thumb Code    32  stm32f4xx_ll_usb.o(i.USB_FlushTxFifo)
    USB_GetDevSpeed                          0x08007e0d   Thumb Code    26  stm32f4xx_ll_usb.o(i.USB_GetDevSpeed)
    USB_GetMode                              0x08007e27   Thumb Code     8  stm32f4xx_ll_usb.o(i.USB_GetMode)
    USB_ReadDevAllInEpInterrupt              0x08007e2f   Thumb Code    14  stm32f4xx_ll_usb.o(i.USB_ReadDevAllInEpInterrupt)
    USB_ReadDevAllOutEpInterrupt             0x08007e3d   Thumb Code    14  stm32f4xx_ll_usb.o(i.USB_ReadDevAllOutEpInterrupt)
    USB_ReadDevInEPInterrupt                 0x08007e4b   Thumb Code    36  stm32f4xx_ll_usb.o(i.USB_ReadDevInEPInterrupt)
    USB_ReadDevOutEPInterrupt                0x08007e6f   Thumb Code    16  stm32f4xx_ll_usb.o(i.USB_ReadDevOutEPInterrupt)
    USB_ReadInterrupts                       0x08007e7f   Thumb Code     8  stm32f4xx_ll_usb.o(i.USB_ReadInterrupts)
    USB_ReadPacket                           0x08007e87   Thumb Code    28  stm32f4xx_ll_usb.o(i.USB_ReadPacket)
    USB_SetCurrentMode                       0x08007ea3   Thumb Code    46  stm32f4xx_ll_usb.o(i.USB_SetCurrentMode)
    USB_SetDevAddress                        0x08007ed1   Thumb Code    34  stm32f4xx_ll_usb.o(i.USB_SetDevAddress)
    USB_SetTurnaroundTime                    0x08007ef5   Thumb Code   158  stm32f4xx_ll_usb.o(i.USB_SetTurnaroundTime)
    USB_WritePacket                          0x08007fdd   Thumb Code    36  stm32f4xx_ll_usb.o(i.USB_WritePacket)
    UpdateAction                             0x08008001   Thumb Code   170  followline_eg4.o(i.UpdateAction)
    UpdateButton                             0x080080c5   Thumb Code    30  followline_eg4.o(i.UpdateButton)
    UpdateCentControl                        0x080080f1   Thumb Code    60  followline_eg4.o(i.UpdateCentControl)
    UpdateMotor                              0x08008131   Thumb Code    92  motor.o(i.UpdateMotor)
    UpdatePID                                0x08008191   Thumb Code   312  pid.o(i.UpdatePID)
    UpdateStatus                             0x080082cd   Thumb Code   130  followline_eg4.o(i.UpdateStatus)
    UpdateToGCSAltitude                      0x08008359   Thumb Code    74  gcs.o(i.UpdateToGCSAltitude)
    UpdateToGCSAttitude                      0x080083ad   Thumb Code   166  gcs.o(i.UpdateToGCSAttitude)
    UpdateToGCSHardwareInfo                  0x08008465   Thumb Code    62  gcs.o(i.UpdateToGCSHardwareInfo)
    UpdateToGCSMPU6050                       0x080084ad   Thumb Code    58  gcs.o(i.UpdateToGCSMPU6050)
    UpdateUSBQueue                           0x080084f1   Thumb Code    24  gcs.o(i.UpdateUSBQueue)
    UsageFault_Handler                       0x0800850d   Thumb Code     2  stm32f4xx_it.o(i.UsageFault_Handler)
    WZ_Est_Calcu                             0x08008511   Thumb Code    34  speed_estimator.o(i.WZ_Est_Calcu)
    WZ_Fix_Calcu                             0x0800853d   Thumb Code   202  speed_estimator.o(i.WZ_Fix_Calcu)
    WZ_Fus_Reset                             0x08008639   Thumb Code    24  speed_estimator.o(i.WZ_Fus_Reset)
    WZ_Obs_Calcu                             0x08008659   Thumb Code   204  speed_estimator.o(i.WZ_Obs_Calcu)
    ZKHD_Link_FMU_To_GCS_Handle              0x0800873d   Thumb Code    10  zkhd_link.o(i.ZKHD_Link_FMU_To_GCS_Handle)
    ZKHD_Link_MakeFrame                      0x0800874d   Thumb Code   100  zkhd_link.o(i.ZKHD_Link_MakeFrame)
    __ARM_fpclassify                         0x080087b1   Thumb Code    48  fpclassify.o(i.__ARM_fpclassify)
    __ARM_fpclassifyf                        0x080087e1   Thumb Code    38  fpclassifyf.o(i.__ARM_fpclassifyf)
    __hardfp_asin                            0x08008829   Thumb Code   770  asin.o(i.__hardfp_asin)
    __hardfp_atan2f                          0x08008b89   Thumb Code   502  atan2f.o(i.__hardfp_atan2f)
    __kernel_poly                            0x08008dd9   Thumb Code   248  poly.o(i.__kernel_poly)
    __mathlib_dbl_infnan                     0x08008ed1   Thumb Code    20  dunder.o(i.__mathlib_dbl_infnan)
    __mathlib_dbl_invalid                    0x08008ee9   Thumb Code    24  dunder.o(i.__mathlib_dbl_invalid)
    __mathlib_dbl_underflow                  0x08008f09   Thumb Code    24  dunder.o(i.__mathlib_dbl_underflow)
    __mathlib_flt_infnan2                    0x08008f29   Thumb Code     6  funder.o(i.__mathlib_flt_infnan2)
    __mathlib_flt_underflow                  0x08008f31   Thumb Code    10  funder.o(i.__mathlib_flt_underflow)
    __scatterload_copy                       0x08008f41   Thumb Code    14  handlers.o(i.__scatterload_copy)
    __scatterload_null                       0x08008f4f   Thumb Code     2  handlers.o(i.__scatterload_null)
    __scatterload_zeroinit                   0x08008f51   Thumb Code    14  handlers.o(i.__scatterload_zeroinit)
    __set_errno                              0x08008f61   Thumb Code     6  errno.o(i.__set_errno)
    beep_update                              0x08008f6d   Thumb Code    58  beep.o(i.beep_update)
    deQueue                                  0x08008fb1   Thumb Code    68  my_queue.o(i.deQueue)
    delay                                    0x08008ff5   Thumb Code    10  hardware_i2c.o(i.delay)
    enQueue                                  0x08009005   Thumb Code    70  my_queue.o(i.enQueue)
    fabs                                     0x0800904b   Thumb Code    24  fabs.o(i.fabs)
    free                                     0x08009065   Thumb Code    76  malloc.o(i.free)
    gcs_init                                 0x080090b5   Thumb Code    32  gcs.o(i.gcs_init)
    lcd_update                               0x080090f1   Thumb Code   218  lcd_status.o(i.lcd_update)
    main                                     0x08009261   Thumb Code    94  main.o(i.main)
    malloc                                   0x080092c1   Thumb Code    92  malloc.o(i.malloc)
    mypow                                    0x0800932d   Thumb Code    16  lcd.o(i.mypow)
    reset_i                                  0x0800933d   Thumb Code    10  pid.o(i.reset_i)
    sdk_init                                 0x0800934d   Thumb Code   138  sdk.o(i.sdk_init)
    sdk_land                                 0x080093f1   Thumb Code     8  sdk.o(i.sdk_land)
    sdk_lock                                 0x080093fd   Thumb Code    12  sdk.o(i.sdk_lock)
    sdk_takeoff                              0x0800940d   Thumb Code    16  sdk.o(i.sdk_takeoff)
    sdk_unlock                               0x08009421   Thumb Code    12  sdk.o(i.sdk_unlock)
    sdk_update                               0x08009431   Thumb Code   258  sdk.o(i.sdk_update)
    sdk_update_position                      0x08009569   Thumb Code    80  sdk.o(i.sdk_update_position)
    sdk_update_s_2                           0x080095c9   Thumb Code   122  sdk.o(i.sdk_update_s_2)
    sdk_velocity_reset                       0x08009649   Thumb Code    16  sdk.o(i.sdk_velocity_reset)
    sdk_velocity_set                         0x08009661   Thumb Code    76  sdk.o(i.sdk_velocity_set)
    sdk_velociyt_x_set                       0x080096c1   Thumb Code    38  sdk.o(i.sdk_velociyt_x_set)
    sdk_velociyt_y_set                       0x080096fd   Thumb Code    38  sdk.o(i.sdk_velociyt_y_set)
    sqrt                                     0x08009739   Thumb Code   110  sqrt.o(i.sqrt)
    update2gcs_mode                          0x080097a9   Thumb Code    46  gcs.o(i.update2gcs_mode)
    update2gcsdevecelist                     0x080097dd   Thumb Code   136  gcs.o(i.update2gcsdevecelist)
    update2gcsotherinfogroup1                0x08009871   Thumb Code   116  gcs.o(i.update2gcsotherinfogroup1)
    update_status                            0x080098ed   Thumb Code    44  status.o(i.update_status)
    usart_rx_idle_handle                     0x08009925   Thumb Code    94  hardware_uart.o(i.usart_rx_idle_handle)
    AHBPrescTable                            0x08009994   Data          16  system_stm32f4xx.o(.constdata)
    APBPrescTable                            0x080099a4   Data           8  system_stm32f4xx.o(.constdata)
    ascii_1206                               0x080099ac   Data        1140  lcd.o(.constdata)
    ascii_1608                               0x08009e20   Data        1520  lcd.o(.constdata)
    ascii_2412                               0x0800a410   Data        4560  lcd.o(.constdata)
    ascii_3216                               0x0800b5e0   Data        6080  lcd.o(.constdata)
    tfont12                                  0x0800cda0   Data         130  lcd.o(.constdata)
    tfont16                                  0x0800ce22   Data         170  lcd.o(.constdata)
    tfont24                                  0x0800cecc   Data         370  lcd.o(.constdata)
    tfont32                                  0x0800d03e   Data         650  lcd.o(.constdata)
    RtA                                      0x0800d2c8   Data           4  mymath.o(.constdata)
    Gyro_G                                   0x0800d2cc   Data           4  mymath.o(.constdata)
    Gyro_Gr                                  0x0800d2d0   Data           4  mymath.o(.constdata)
    Region$$Table$$Base                      0x0800d328   Number         0  anon$$obj.o(Region$$Table)
    Region$$Table$$Limit                     0x0800d348   Number         0  anon$$obj.o(Region$$Table)
    KernelRunning                            0x20000000   Data           1  system.o(.data)
    FS_Desc                                  0x20000008   Data          28  usbd_desc.o(.data)
    USBD_LangIDDesc                          0x20000024   Data           4  usbd_desc.o(.data)
    USBD_FS_DeviceDesc                       0x20000028   Data          18  usbd_desc.o(.data)
    USBD_StringSerial                        0x2000003c   Data          26  usbd_desc.o(.data)
    USBD_Interface_fops_FS                   0x20000058   Data          16  usbd_cdc_if.o(.data)
    msTicks                                  0x20000068   Data           4  stm32f4xx_it.o(.data)
    uwTickFreq                               0x2000006c   Data           1  stm32f4xx_hal.o(.data)
    uwTickPrio                               0x20000070   Data           4  stm32f4xx_hal.o(.data)
    uwTick                                   0x20000074   Data           4  stm32f4xx_hal.o(.data)
    SystemCoreClock                          0x20000078   Data           4  system_stm32f4xx.o(.data)
    USBD_CDC_CfgHSDesc                       0x2000008c   Data          67  usbd_cdc.o(.data)
    USBD_CDC_CfgFSDesc                       0x200000d0   Data          67  usbd_cdc.o(.data)
    USBD_CDC_OtherSpeedCfgDesc               0x20000114   Data          67  usbd_cdc.o(.data)
    USBD_CDC                                 0x20000158   Data          56  usbd_cdc.o(.data)
    BeepManager                              0x20000190   Data           6  beep.o(.data)
    g_LedManager                             0x20000196   Data           8  led.o(.data)
    pMpu                                     0x200001a4   Data           4  mpu6050.o(.data)
    NormAccz                                 0x200001b0   Data           4  imu.o(.data)
    ano_of_alt_count                         0x200001e4   Data           4  ano_of.o(.data)
    ano_of_count                             0x200001e8   Data           4  ano_of.o(.data)
    PID_select                               0x200001ed   Data           1  gcs.o(.data)
    base                                     0x200001f0   Data           4  gcs.o(.data)
    PID_Config_Info                          0x200001f8   Data           4  gcs.o(.data)
    FbAlt                                    0x200001fc   Data           2  gcs.o(.data)
    ExpAlt                                   0x200001fe   Data           2  gcs.o(.data)
    is_uart_init_compleate                   0x20000200   Data           1  hardware_uart.o(.data)
    Ack_Count                                0x20000204   Data           1  hardware_i2c.o(.data)
    cnt                                      0x20000208   Data           4  hardware_i2c.o(.data)
    Select_Baro                              0x2000020d   Data           1  speed_estimator.o(.data)
    wz_fus_sta                               0x2000020e   Data           1  speed_estimator.o(.data)
    obs_wz_hasl                              0x20000224   Data           4  speed_estimator.o(.data)
    obs_wz_hasl_gnd                          0x20000228   Data           4  speed_estimator.o(.data)
    obs_wz_velocity_ref                      0x2000022c   Data           4  speed_estimator.o(.data)
    obs_wz_height_ref                        0x20000230   Data           4  speed_estimator.o(.data)
    est_wz_velocity                          0x20000234   Data           4  speed_estimator.o(.data)
    est_wz_height                            0x20000238   Data           4  speed_estimator.o(.data)
    fix_wz_velocity                          0x2000023c   Data           4  speed_estimator.o(.data)
    fix_wz_height                            0x20000240   Data           4  speed_estimator.o(.data)
    fix_wz_acceleration                      0x20000244   Data           4  speed_estimator.o(.data)
    obs_wz_velocity                          0x20000248   Data           8  speed_estimator.o(.data)
    obs_wz_height                            0x20000250   Data           8  speed_estimator.o(.data)
    InitComplete                             0x20000260   Data           1  init.o(.data)
    count                                    0x20000264   Data           4  lcd_status.o(.data)
    g_FMUflg                                 0x2000026a   Data           1  control.o(.data)
    PIDGroup_desired_yaw_pos_tmp             0x2000026c   Data           4  control.o(.data)
    motor                                    0x20000270   Data           8  control.o(.data)
    fc_state_take_off                        0x20000278   Data           1  height_control.o(.data)
    exp_velocity                             0x200002b0   Data           8  pos_ctrl.o(.data)
    fb_velocity                              0x200002b8   Data           8  pos_ctrl.o(.data)
    fb_velocity_old                          0x200002c0   Data           8  pos_ctrl.o(.data)
    fb_velocity_d                            0x200002c8   Data           8  pos_ctrl.o(.data)
    fb_velocity_fixed                        0x200002d0   Data           8  pos_ctrl.o(.data)
    pos_velocity_err                         0x200002d8   Data           8  pos_ctrl.o(.data)
    pos_velocity_err_i                       0x200002e0   Data           8  pos_ctrl.o(.data)
    pos_out                                  0x200002e8   Data           8  pos_ctrl.o(.data)
    pos_out_trans                            0x200002f0   Data           8  pos_ctrl.o(.data)
    OnlineCnt                                0x200002fc   Data           4  remote.o(.data)
    __microlib_freelist                      0x20000324   Data           4  mvars.o(.data)
    __microlib_freelist_initialised          0x20000328   Data           4  mvars.o(.data)
    hi2c3                                    0x20000330   Data          84  i2c.o(.bss)
    hspi2                                    0x20000384   Data          88  spi.o(.bss)
    htim1                                    0x200003dc   Data          64  tim.o(.bss)
    htim2                                    0x2000041c   Data          64  tim.o(.bss)
    htim3                                    0x2000045c   Data          64  tim.o(.bss)
    htim4                                    0x2000049c   Data          64  tim.o(.bss)
    huart4                                   0x200004dc   Data          64  usart.o(.bss)
    huart5                                   0x2000051c   Data          64  usart.o(.bss)
    huart1                                   0x2000055c   Data          64  usart.o(.bss)
    huart2                                   0x2000059c   Data          64  usart.o(.bss)
    huart3                                   0x200005dc   Data          64  usart.o(.bss)
    huart6                                   0x2000061c   Data          64  usart.o(.bss)
    hdma_uart4_tx                            0x2000065c   Data          96  usart.o(.bss)
    hdma_uart4_rx                            0x200006bc   Data          96  usart.o(.bss)
    hdma_uart5_tx                            0x2000071c   Data          96  usart.o(.bss)
    hdma_usart1_rx                           0x2000077c   Data          96  usart.o(.bss)
    hdma_usart2_tx                           0x200007dc   Data          96  usart.o(.bss)
    hdma_usart2_rx                           0x2000083c   Data          96  usart.o(.bss)
    hdma_usart3_rx                           0x2000089c   Data          96  usart.o(.bss)
    hdma_usart3_tx                           0x200008fc   Data          96  usart.o(.bss)
    hdma_usart6_rx                           0x2000095c   Data          96  usart.o(.bss)
    hdma_usart6_tx                           0x200009bc   Data          96  usart.o(.bss)
    hUsbDeviceFS                             0x20000a1c   Data         668  usb_device.o(.bss)
    hpcd_USB_OTG_FS                          0x20000cb8   Data        1032  usbd_conf.o(.bss)
    USBD_StrDesc                             0x200010c0   Data         512  usbd_desc.o(.bss)
    UserRxBufferFS                           0x200012c0   Data        2048  usbd_cdc_if.o(.bss)
    UserTxBufferFS                           0x20001ac0   Data        2048  usbd_cdc_if.o(.bss)
    g_MPUManager                             0x200022f0   Data          26  mpu6050.o(.bss)
    buffer                                   0x2000230a   Data          14  mpu6050.o(.bss)
    g_Attitude                               0x20002318   Data          12  imu.o(.bss)
    ANO_OF                                   0x20002324   Data          72  ano_of.o(.bss)
    g_UAVinfo                                0x200023a0   Data          36  gcs.o(.bss)
    SBusRxBuff                               0x200023c4   Data         150  hardware_uart.o(.bss)
    UsartGroup                               0x2000245c   Data        4584  hardware_uart.o(.bss)
    fix_rat                                  0x20003644   Data          12  speed_estimator.o(.bss)
    USB_Send_Queue                           0x20003650   Data         332  init.o(.bss)
    PIDGroup                                 0x2000379c   Data         884  pid.o(.bss)
    fb_gyro_lpf                              0x20003b10   Data          12  control.o(.bss)
    HeightInfo                               0x20003b1c   Data          20  height_control.o(.bss)
    SBusRemote                               0x20003b40   Data          32  remote.o(.bss)
    RC_rxData                                0x20003b60   Data          32  remote.o(.bss)
    Remote                                   0x20003b80   Data          24  remote.o(.bss)
    PreRemote                                0x20003b98   Data          26  remote.o(.bss)
    sdk_pid                                  0x20003bb4   Data         204  sdk.o(.bss)
    sdk_manager                              0x20003c80   Data          44  sdk.o(.bss)
    s2_height                                0x20003cac   Data          88  sdk.o(.bss)
    FollowManager                            0x20003d04   Data          48  followline_eg4.o(.bss)
    __heap_base                              0x20003d38   Data           0  startup_stm32f407xx.o(HEAP)
    __heap_limit                             0x20003f38   Data           0  startup_stm32f407xx.o(HEAP)
    __initial_sp                             0x20004138   Data           0  startup_stm32f407xx.o(STACK)



==============================================================================

Memory Map of the image

  Image Entry point : 0x08000189

  Load Region LR_IROM1 (Base: 0x08000000, Size: 0x0000d678, Max: 0x00080000, ABSOLUTE, COMPRESSED[0x0000d434])

    Execution Region ER_IROM1 (Exec base: 0x08000000, Load base: 0x08000000, Size: 0x0000d348, Max: 0x00080000, ABSOLUTE)

    Exec Addr    Load Addr    Size         Type   Attr      Idx    E Section Name        Object

    0x08000000   0x08000000   0x00000188   Data   RO            3    RESET               startup_stm32f407xx.o
    0x08000188   0x08000188   0x00000000   Code   RO         7050  * .ARM.Collect$$$$00000000  mc_w.l(entry.o)
    0x08000188   0x08000188   0x00000004   Code   RO         7164    .ARM.Collect$$$$00000001  mc_w.l(entry2.o)
    0x0800018c   0x0800018c   0x00000004   Code   RO         7167    .ARM.Collect$$$$00000004  mc_w.l(entry5.o)
    0x08000190   0x08000190   0x00000000   Code   RO         7169    .ARM.Collect$$$$00000008  mc_w.l(entry7b.o)
    0x08000190   0x08000190   0x00000000   Code   RO         7171    .ARM.Collect$$$$0000000A  mc_w.l(entry8b.o)
    0x08000190   0x08000190   0x00000008   Code   RO         7172    .ARM.Collect$$$$0000000B  mc_w.l(entry9a.o)
    0x08000198   0x08000198   0x00000000   Code   RO         7174    .ARM.Collect$$$$0000000D  mc_w.l(entry10a.o)
    0x08000198   0x08000198   0x00000000   Code   RO         7176    .ARM.Collect$$$$0000000F  mc_w.l(entry11a.o)
    0x08000198   0x08000198   0x00000004   Code   RO         7165    .ARM.Collect$$$$00002712  mc_w.l(entry2.o)
    0x0800019c   0x0800019c   0x00000024   Code   RO            4    .text               startup_stm32f407xx.o
    0x080001c0   0x080001c0   0x00000062   Code   RO         7053    .text               mc_w.l(uldiv.o)
    0x08000222   0x08000222   0x00000040   Code   RO         7057    .text               mc_w.l(memmovea.o)
    0x08000262   0x08000262   0x00000024   Code   RO         7059    .text               mc_w.l(memseta.o)
    0x08000286   0x08000286   0x0000014e   Code   RO         7097    .text               mf_w.l(dadd.o)
    0x080003d4   0x080003d4   0x000000e4   Code   RO         7099    .text               mf_w.l(dmul.o)
    0x080004b8   0x080004b8   0x0000001a   Code   RO         7101    .text               mf_w.l(dfltui.o)
    0x080004d2   0x080004d2   0x00000032   Code   RO         7103    .text               mf_w.l(dfixui.o)
    0x08000504   0x08000504   0x00000026   Code   RO         7105    .text               mf_w.l(f2d.o)
    0x0800052a   0x0800052a   0x00000038   Code   RO         7107    .text               mf_w.l(d2f.o)
    0x08000562   0x08000562   0x0000001e   Code   RO         7178    .text               mc_w.l(llshl.o)
    0x08000580   0x08000580   0x00000020   Code   RO         7180    .text               mc_w.l(llushr.o)
    0x080005a0   0x080005a0   0x00000024   Code   RO         7182    .text               mc_w.l(llsshr.o)
    0x080005c4   0x080005c4   0x00000000   Code   RO         7193    .text               mc_w.l(iusefp.o)
    0x080005c4   0x080005c4   0x0000006e   Code   RO         7194    .text               mf_w.l(fepilogue.o)
    0x08000632   0x08000632   0x000000ba   Code   RO         7196    .text               mf_w.l(depilogue.o)
    0x080006ec   0x080006ec   0x000000de   Code   RO         7198    .text               mf_w.l(ddiv.o)
    0x080007ca   0x080007ca   0x00000002   PAD
    0x080007cc   0x080007cc   0x00000024   Code   RO         7202    .text               mc_w.l(init.o)
    0x080007f0   0x080007f0   0x000000a2   Code   RO         7204    .text               mf_w.l(dsqrt.o)
    0x08000892   0x08000892   0x00000056   Code   RO         7216    .text               mc_w.l(__dczerorl2.o)
    0x080008e8   0x080008e8   0x000002ac   Code   RO         6601    i.ALT_Ctrl          height_control.o
    0x08000b94   0x08000b94   0x00000344   Code   RO         5447    i.ATT_Update        imu.o
    0x08000ed8   0x08000ed8   0x00000034   Code   RO         6917    i.ActionHoldPoint   followline_eg4.o
    0x08000f0c   0x08000f0c   0x0000021c   Code   RO         6671    i.AnalyRC           remote.o
    0x08001128   0x08001128   0x00000060   Code   RO         5500    i.AnoOF_Check       ano_of.o
    0x08001188   0x08001188   0x000000c0   Code   RO         5501    i.AnoOF_DataAnl     ano_of.o
    0x08001248   0x08001248   0x000000a4   Code   RO         5502    i.AnoOF_GetOneByte  ano_of.o
    0x080012ec   0x080012ec   0x00000020   Code   RO         5503    i.AnoOF_State_Get   ano_of.o
    0x0800130c   0x0800130c   0x0000000a   Code   RO         5504    i.AnoOF_State_Task  ano_of.o
    0x08001316   0x08001316   0x00000002   Code   RO          981    i.BusFault_Handler  stm32f4xx_it.o
    0x08001318   0x08001318   0x00000004   Code   RO          929    i.CDC_Control_FS    usbd_cdc_if.o
    0x0800131c   0x0800131c   0x00000004   Code   RO          930    i.CDC_DeInit_FS     usbd_cdc_if.o
    0x08001320   0x08001320   0x00000024   Code   RO          931    i.CDC_Init_FS       usbd_cdc_if.o
    0x08001344   0x08001344   0x00000018   Code   RO          932    i.CDC_Receive_FS    usbd_cdc_if.o
    0x0800135c   0x0800135c   0x00000024   Code   RO         6488    i.ClacCascadePID    pid.o
    0x08001380   0x08001380   0x0000000c   Code   RO          982    i.DMA1_Stream1_IRQHandler  stm32f4xx_it.o
    0x0800138c   0x0800138c   0x0000000c   Code   RO          983    i.DMA1_Stream2_IRQHandler  stm32f4xx_it.o
    0x08001398   0x08001398   0x0000001c   Code   RO          984    i.DMA1_Stream3_IRQHandler  stm32f4xx_it.o
    0x080013b4   0x080013b4   0x0000001c   Code   RO          985    i.DMA1_Stream4_IRQHandler  stm32f4xx_it.o
    0x080013d0   0x080013d0   0x0000000c   Code   RO          986    i.DMA1_Stream5_IRQHandler  stm32f4xx_it.o
    0x080013dc   0x080013dc   0x0000001c   Code   RO          987    i.DMA1_Stream6_IRQHandler  stm32f4xx_it.o
    0x080013f8   0x080013f8   0x0000001c   Code   RO          988    i.DMA1_Stream7_IRQHandler  stm32f4xx_it.o
    0x08001414   0x08001414   0x0000000c   Code   RO          989    i.DMA2_Stream1_IRQHandler  stm32f4xx_it.o
    0x08001420   0x08001420   0x0000000c   Code   RO          990    i.DMA2_Stream2_IRQHandler  stm32f4xx_it.o
    0x0800142c   0x0800142c   0x0000001c   Code   RO          991    i.DMA2_Stream6_IRQHandler  stm32f4xx_it.o
    0x08001448   0x08001448   0x00000028   Code   RO         4239    i.DMA_CalcBaseAndBitshift  stm32f4xx_hal_dma.o
    0x08001470   0x08001470   0x00000054   Code   RO         4240    i.DMA_CheckFifoParam  stm32f4xx_hal_dma.o
    0x080014c4   0x080014c4   0x00000028   Code   RO         4241    i.DMA_SetConfig     stm32f4xx_hal_dma.o
    0x080014ec   0x080014ec   0x00000002   Code   RO          992    i.DebugMon_Handler  stm32f4xx_it.o
    0x080014ee   0x080014ee   0x00000002   Code   RO          248    i.Error_Handler     main.o
    0x080014f0   0x080014f0   0x0000019c   Code   RO         6560    i.FlightPidControl  control.o
    0x0800168c   0x0800168c   0x000000b4   Code   RO         6918    i.Follow_Init       followline_eg4.o
    0x08001740   0x08001740   0x000000a4   Code   RO         5448    i.GetAngle          imu.o
    0x080017e4   0x080017e4   0x000000a0   Code   RO         5388    i.GetMPU6050Data    mpu6050.o
    0x08001884   0x08001884   0x00000160   Code   RO         5389    i.GetMPU6050Offset  mpu6050.o
    0x080019e4   0x080019e4   0x0000008e   Code   RO         4242    i.HAL_DMA_Abort     stm32f4xx_hal_dma.o
    0x08001a72   0x08001a72   0x00000024   Code   RO         4243    i.HAL_DMA_Abort_IT  stm32f4xx_hal_dma.o
    0x08001a96   0x08001a96   0x00000002   PAD
    0x08001a98   0x08001a98   0x000001a0   Code   RO         4247    i.HAL_DMA_IRQHandler  stm32f4xx_hal_dma.o
    0x08001c38   0x08001c38   0x000000d4   Code   RO         4248    i.HAL_DMA_Init      stm32f4xx_hal_dma.o
    0x08001d0c   0x08001d0c   0x00000078   Code   RO         4252    i.HAL_DMA_Start_IT  stm32f4xx_hal_dma.o
    0x08001d84   0x08001d84   0x00000024   Code   RO         4661    i.HAL_Delay         stm32f4xx_hal.o
    0x08001da8   0x08001da8   0x000001b0   Code   RO         4135    i.HAL_GPIO_Init     stm32f4xx_hal_gpio.o
    0x08001f58   0x08001f58   0x0000000e   Code   RO         4138    i.HAL_GPIO_TogglePin  stm32f4xx_hal_gpio.o
    0x08001f66   0x08001f66   0x0000000a   Code   RO         4139    i.HAL_GPIO_WritePin  stm32f4xx_hal_gpio.o
    0x08001f70   0x08001f70   0x0000000c   Code   RO         4667    i.HAL_GetTick       stm32f4xx_hal.o
    0x08001f7c   0x08001f7c   0x00000174   Code   RO         1775    i.HAL_I2C_Init      stm32f4xx_hal_i2c.o
    0x080020f0   0x080020f0   0x00000088   Code   RO          367    i.HAL_I2C_MspInit   i2c.o
    0x08002178   0x08002178   0x00000010   Code   RO         4673    i.HAL_IncTick       stm32f4xx_hal.o
    0x08002188   0x08002188   0x00000034   Code   RO         4674    i.HAL_Init          stm32f4xx_hal.o
    0x080021bc   0x080021bc   0x00000040   Code   RO         4675    i.HAL_InitTick      stm32f4xx_hal.o
    0x080021fc   0x080021fc   0x00000030   Code   RO         1178    i.HAL_MspInit       stm32f4xx_hal_msp.o
    0x0800222c   0x0800222c   0x0000001a   Code   RO         4524    i.HAL_NVIC_EnableIRQ  stm32f4xx_hal_cortex.o
    0x08002246   0x08002246   0x00000002   PAD
    0x08002248   0x08002248   0x00000040   Code   RO         4530    i.HAL_NVIC_SetPriority  stm32f4xx_hal_cortex.o
    0x08002288   0x08002288   0x00000024   Code   RO         4531    i.HAL_NVIC_SetPriorityGrouping  stm32f4xx_hal_cortex.o
    0x080022ac   0x080022ac   0x00000002   Code   RO         1423    i.HAL_PCDEx_LPM_Callback  stm32f4xx_hal_pcd_ex.o
    0x080022ae   0x080022ae   0x00000008   Code   RO         1424    i.HAL_PCDEx_SetRxFiFo  stm32f4xx_hal_pcd_ex.o
    0x080022b6   0x080022b6   0x00000044   Code   RO         1425    i.HAL_PCDEx_SetTxFiFo  stm32f4xx_hal_pcd_ex.o
    0x080022fa   0x080022fa   0x00000008   Code   RO          648    i.HAL_PCD_ConnectCallback  usbd_conf.o
    0x08002302   0x08002302   0x00000012   Code   RO          649    i.HAL_PCD_DataInStageCallback  usbd_conf.o
    0x08002314   0x08002314   0x00000014   Code   RO          650    i.HAL_PCD_DataOutStageCallback  usbd_conf.o
    0x08002328   0x08002328   0x00000008   Code   RO          651    i.HAL_PCD_DisconnectCallback  usbd_conf.o
    0x08002330   0x08002330   0x0000004c   Code   RO         1211    i.HAL_PCD_EP_Close  stm32f4xx_hal_pcd.o
    0x0800237c   0x0800237c   0x0000005c   Code   RO         1212    i.HAL_PCD_EP_ClrStall  stm32f4xx_hal_pcd.o
    0x080023d8   0x080023d8   0x00000012   Code   RO         1214    i.HAL_PCD_EP_GetRxCount  stm32f4xx_hal_pcd.o
    0x080023ea   0x080023ea   0x00000060   Code   RO         1215    i.HAL_PCD_EP_Open   stm32f4xx_hal_pcd.o
    0x0800244a   0x0800244a   0x00000048   Code   RO         1216    i.HAL_PCD_EP_Receive  stm32f4xx_hal_pcd.o
    0x08002492   0x08002492   0x00000074   Code   RO         1217    i.HAL_PCD_EP_SetStall  stm32f4xx_hal_pcd.o
    0x08002506   0x08002506   0x00000040   Code   RO         1218    i.HAL_PCD_EP_Transmit  stm32f4xx_hal_pcd.o
    0x08002546   0x08002546   0x00000002   PAD
    0x08002548   0x08002548   0x00000464   Code   RO         1220    i.HAL_PCD_IRQHandler  stm32f4xx_hal_pcd.o
    0x080029ac   0x080029ac   0x00000008   Code   RO          652    i.HAL_PCD_ISOINIncompleteCallback  usbd_conf.o
    0x080029b4   0x080029b4   0x00000008   Code   RO          653    i.HAL_PCD_ISOOUTIncompleteCallback  usbd_conf.o
    0x080029bc   0x080029bc   0x000000e2   Code   RO         1223    i.HAL_PCD_Init      stm32f4xx_hal_pcd.o
    0x08002a9e   0x08002a9e   0x00000002   PAD
    0x08002aa0   0x08002aa0   0x00000084   Code   RO          655    i.HAL_PCD_MspInit   usbd_conf.o
    0x08002b24   0x08002b24   0x0000002c   Code   RO          656    i.HAL_PCD_ResetCallback  usbd_conf.o
    0x08002b50   0x08002b50   0x00000008   Code   RO          657    i.HAL_PCD_ResumeCallback  usbd_conf.o
    0x08002b58   0x08002b58   0x00000008   Code   RO          658    i.HAL_PCD_SOFCallback  usbd_conf.o
    0x08002b60   0x08002b60   0x00000028   Code   RO         1229    i.HAL_PCD_SetAddress  stm32f4xx_hal_pcd.o
    0x08002b88   0x08002b88   0x0000000e   Code   RO          659    i.HAL_PCD_SetupStageCallback  usbd_conf.o
    0x08002b96   0x08002b96   0x00000042   Code   RO         1231    i.HAL_PCD_Start     stm32f4xx_hal_pcd.o
    0x08002bd8   0x08002bd8   0x00000030   Code   RO          660    i.HAL_PCD_SuspendCallback  usbd_conf.o
    0x08002c08   0x08002c08   0x00000130   Code   RO         3781    i.HAL_RCC_ClockConfig  stm32f4xx_hal_rcc.o
    0x08002d38   0x08002d38   0x0000000c   Code   RO         3786    i.HAL_RCC_GetHCLKFreq  stm32f4xx_hal_rcc.o
    0x08002d44   0x08002d44   0x00000020   Code   RO         3788    i.HAL_RCC_GetPCLK1Freq  stm32f4xx_hal_rcc.o
    0x08002d64   0x08002d64   0x00000020   Code   RO         3789    i.HAL_RCC_GetPCLK2Freq  stm32f4xx_hal_rcc.o
    0x08002d84   0x08002d84   0x00000064   Code   RO         3790    i.HAL_RCC_GetSysClockFreq  stm32f4xx_hal_rcc.o
    0x08002de8   0x08002de8   0x0000031c   Code   RO         3793    i.HAL_RCC_OscConfig  stm32f4xx_hal_rcc.o
    0x08003104   0x08003104   0x00000080   Code   RO         2215    i.HAL_SPI_Init      stm32f4xx_hal_spi.o
    0x08003184   0x08003184   0x0000006c   Code   RO          409    i.HAL_SPI_MspInit   spi.o
    0x080031f0   0x080031f0   0x00000028   Code   RO         4535    i.HAL_SYSTICK_Config  stm32f4xx_hal_cortex.o
    0x08003218   0x08003218   0x00000002   Code   RO         3203    i.HAL_TIMEx_BreakCallback  stm32f4xx_hal_tim_ex.o
    0x0800321a   0x0800321a   0x00000002   Code   RO         3204    i.HAL_TIMEx_CommutCallback  stm32f4xx_hal_tim_ex.o
    0x0800321c   0x0800321c   0x00000054   Code   RO         3206    i.HAL_TIMEx_ConfigBreakDeadTime  stm32f4xx_hal_tim_ex.o
    0x08003270   0x08003270   0x00000042   Code   RO         3221    i.HAL_TIMEx_MasterConfigSynchronization  stm32f4xx_hal_tim_ex.o
    0x080032b2   0x080032b2   0x00000036   Code   RO         2528    i.HAL_TIM_Base_Init  stm32f4xx_hal_tim.o
    0x080032e8   0x080032e8   0x00000064   Code   RO          451    i.HAL_TIM_Base_MspInit  tim.o
    0x0800334c   0x0800334c   0x00000022   Code   RO         2533    i.HAL_TIM_Base_Start_IT  stm32f4xx_hal_tim.o
    0x0800336e   0x0800336e   0x000000d6   Code   RO         2537    i.HAL_TIM_ConfigClockSource  stm32f4xx_hal_tim.o
    0x08003444   0x08003444   0x00000002   Code   RO         2557    i.HAL_TIM_IC_CaptureCallback  stm32f4xx_hal_tim.o
    0x08003446   0x08003446   0x00000166   Code   RO         2571    i.HAL_TIM_IRQHandler  stm32f4xx_hal_tim.o
    0x080035ac   0x080035ac   0x000000a4   Code   RO          452    i.HAL_TIM_MspPostInit  tim.o
    0x08003650   0x08003650   0x00000002   Code   RO         2574    i.HAL_TIM_OC_DelayElapsedCallback  stm32f4xx_hal_tim.o
    0x08003652   0x08003652   0x000000d0   Code   RO         2595    i.HAL_TIM_PWM_ConfigChannel  stm32f4xx_hal_tim.o
    0x08003722   0x08003722   0x00000036   Code   RO         2598    i.HAL_TIM_PWM_Init  stm32f4xx_hal_tim.o
    0x08003758   0x08003758   0x00000034   Code   RO          454    i.HAL_TIM_PWM_MspInit  tim.o
    0x0800378c   0x0800378c   0x00000002   Code   RO         2601    i.HAL_TIM_PWM_PulseFinishedCallback  stm32f4xx_hal_tim.o
    0x0800378e   0x0800378e   0x00000002   PAD
    0x08003790   0x08003790   0x00000044   Code   RO         2603    i.HAL_TIM_PWM_Start  stm32f4xx_hal_tim.o
    0x080037d4   0x080037d4   0x00000002   Code   RO         2609    i.HAL_TIM_PeriodElapsedCallback  stm32f4xx_hal_tim.o
    0x080037d6   0x080037d6   0x00000002   Code   RO         2614    i.HAL_TIM_TriggerCallback  stm32f4xx_hal_tim.o
    0x080037d8   0x080037d8   0x00000058   Code   RO         3473    i.HAL_UART_DMAStop  stm32f4xx_hal_uart.o
    0x08003830   0x08003830   0x00000002   Code   RO         3475    i.HAL_UART_ErrorCallback  stm32f4xx_hal_uart.o
    0x08003832   0x08003832   0x00000002   PAD
    0x08003834   0x08003834   0x00000110   Code   RO         3478    i.HAL_UART_IRQHandler  stm32f4xx_hal_uart.o
    0x08003944   0x08003944   0x00000062   Code   RO         3479    i.HAL_UART_Init     stm32f4xx_hal_uart.o
    0x080039a6   0x080039a6   0x00000002   PAD
    0x080039a8   0x080039a8   0x00000476   Code   RO          529    i.HAL_UART_MspInit  usart.o
    0x08003e1e   0x08003e1e   0x00000002   PAD
    0x08003e20   0x08003e20   0x00000098   Code   RO         3483    i.HAL_UART_Receive_DMA  stm32f4xx_hal_uart.o
    0x08003eb8   0x08003eb8   0x00000002   Code   RO         5686    i.HAL_UART_RxCpltCallback  hardware_uart.o
    0x08003eba   0x08003eba   0x00000002   Code   RO         3486    i.HAL_UART_RxHalfCpltCallback  stm32f4xx_hal_uart.o
    0x08003ebc   0x08003ebc   0x00000080   Code   RO         3488    i.HAL_UART_Transmit_DMA  stm32f4xx_hal_uart.o
    0x08003f3c   0x08003f3c   0x00000002   Code   RO         3490    i.HAL_UART_TxCpltCallback  stm32f4xx_hal_uart.o
    0x08003f3e   0x08003f3e   0x00000002   Code   RO         3491    i.HAL_UART_TxHalfCpltCallback  stm32f4xx_hal_uart.o
    0x08003f40   0x08003f40   0x00000054   Code   RO         5933    i.Hadrware_Init     init.o
    0x08003f94   0x08003f94   0x00000002   Code   RO          993    i.HardFault_Handler  stm32f4xx_it.o
    0x08003f96   0x08003f96   0x00000002   PAD
    0x08003f98   0x08003f98   0x000000e4   Code   RO         6919    i.HoldCurrentPostion  followline_eg4.o
    0x0800407c   0x0800407c   0x00000028   Code   RO         5791    i.I2C_Init          hardware_i2c.o
    0x080040a4   0x080040a4   0x00000040   Code   RO         5792    i.I2C_Read_Byte     hardware_i2c.o
    0x080040e4   0x080040e4   0x00000032   Code   RO         5794    i.I2C_Write_Byte    hardware_i2c.o
    0x08004116   0x08004116   0x00000002   PAD
    0x08004118   0x08004118   0x00000054   Code   RO         5795    i.IIC_RecvACK       hardware_i2c.o
    0x0800416c   0x0800416c   0x0000004c   Code   RO         5796    i.IIC_RecvByte      hardware_i2c.o
    0x080041b8   0x080041b8   0x00000060   Code   RO         5797    i.IIC_SendACK       hardware_i2c.o
    0x08004218   0x08004218   0x00000060   Code   RO         5798    i.IIC_SendByte      hardware_i2c.o
    0x08004278   0x08004278   0x0000004c   Code   RO         5799    i.IIC_Start         hardware_i2c.o
    0x080042c4   0x080042c4   0x00000044   Code   RO         5800    i.IIC_Stop          hardware_i2c.o
    0x08004308   0x08004308   0x00000024   Code   RO         5450    i.IMU_Reset         imu.o
    0x0800432c   0x0800432c   0x00000038   Code   RO          843    i.IntToUnicode      usbd_desc.o
    0x08004364   0x08004364   0x000000ec   Code   RO           13    i.KernelPolling     system.o
    0x08004450   0x08004450   0x00000042   Code   RO         6255    i.LCD_Address_Set   lcd_init.o
    0x08004492   0x08004492   0x00000016   Code   RO         6125    i.LCD_DrawPoint     lcd.o
    0x080044a8   0x080044a8   0x0000003e   Code   RO         6127    i.LCD_Fill          lcd.o
    0x080044e6   0x080044e6   0x00000002   PAD
    0x080044e8   0x080044e8   0x00000254   Code   RO         6257    i.LCD_Init          lcd_init.o
    0x0800473c   0x0800473c   0x0000010c   Code   RO         6128    i.LCD_ShowChar      lcd.o
    0x08004848   0x08004848   0x00000080   Code   RO         6135    i.LCD_ShowIntNum    lcd.o
    0x080048c8   0x080048c8   0x0000003a   Code   RO         6138    i.LCD_ShowString    lcd.o
    0x08004902   0x08004902   0x00000014   Code   RO         6258    i.LCD_WR_DATA       lcd_init.o
    0x08004916   0x08004916   0x00000002   PAD
    0x08004918   0x08004918   0x00000028   Code   RO         6260    i.LCD_WR_REG        lcd_init.o
    0x08004940   0x08004940   0x00000058   Code   RO         6261    i.LCD_Writ_Bus      lcd_init.o
    0x08004998   0x08004998   0x00000018   Code   RO         5352    i.LEDInit           led.o
    0x080049b0   0x080049b0   0x000000ac   Code   RO         5390    i.MPU6050Init       mpu6050.o
    0x08004a5c   0x08004a5c   0x000000bc   Code   RO          342    i.MX_DMA_Init       dma.o
    0x08004b18   0x08004b18   0x0000016c   Code   RO          318    i.MX_GPIO_Init      gpio.o
    0x08004c84   0x08004c84   0x00000040   Code   RO          368    i.MX_I2C3_Init      i2c.o
    0x08004cc4   0x08004cc4   0x00000044   Code   RO          410    i.MX_SPI2_Init      spi.o
    0x08004d08   0x08004d08   0x000000d4   Code   RO          455    i.MX_TIM1_Init      tim.o
    0x08004ddc   0x08004ddc   0x00000088   Code   RO          456    i.MX_TIM2_Init      tim.o
    0x08004e64   0x08004e64   0x00000068   Code   RO          457    i.MX_TIM3_Init      tim.o
    0x08004ecc   0x08004ecc   0x00000068   Code   RO          458    i.MX_TIM4_Init      tim.o
    0x08004f34   0x08004f34   0x00000038   Code   RO          530    i.MX_UART4_Init     usart.o
    0x08004f6c   0x08004f6c   0x00000038   Code   RO          531    i.MX_UART5_Init     usart.o
    0x08004fa4   0x08004fa4   0x00000044   Code   RO          532    i.MX_USART1_UART_Init  usart.o
    0x08004fe8   0x08004fe8   0x00000038   Code   RO          533    i.MX_USART2_UART_Init  usart.o
    0x08005020   0x08005020   0x00000038   Code   RO          534    i.MX_USART3_UART_Init  usart.o
    0x08005058   0x08005058   0x00000038   Code   RO          535    i.MX_USART6_UART_Init  usart.o
    0x08005090   0x08005090   0x00000054   Code   RO          600    i.MX_USB_DEVICE_Init  usb_device.o
    0x080050e4   0x080050e4   0x00000002   Code   RO          994    i.MemManage_Handler  stm32f4xx_it.o
    0x080050e6   0x080050e6   0x00000002   PAD
    0x080050e8   0x080050e8   0x00000228   Code   RO         6561    i.MotorControl      control.o
    0x08005310   0x08005310   0x0000002c   Code   RO         6076    i.Motor_Init        motor.o
    0x0800533c   0x0800533c   0x00000002   Code   RO          995    i.NMI_Handler       stm32f4xx_it.o
    0x0800533e   0x0800533e   0x00000002   PAD
    0x08005340   0x08005340   0x0000000c   Code   RO          996    i.OTG_FS_IRQHandler  stm32f4xx_it.o
    0x0800534c   0x0800534c   0x000000dc   Code   RO         1234    i.PCD_EP_OutXfrComplete_int  stm32f4xx_hal_pcd.o
    0x08005428   0x08005428   0x000000a2   Code   RO         1235    i.PCD_WriteEmptyTxFifo  stm32f4xx_hal_pcd.o
    0x080054ca   0x080054ca   0x00000002   PAD
    0x080054cc   0x080054cc   0x000000a0   Code   RO         5934    i.PID_Init          init.o
    0x0800556c   0x0800556c   0x0000023c   Code   RO         6641    i.POS_Ctrl          pos_ctrl.o
    0x080057a8   0x080057a8   0x00000002   Code   RO          997    i.PendSV_Handler    stm32f4xx_it.o
    0x080057aa   0x080057aa   0x00000002   PAD
    0x080057ac   0x080057ac   0x00000054   Code   RO         5553    i.PollingGCS        gcs.o
    0x08005800   0x08005800   0x000000c4   Code   RO         5353    i.PollingLED        led.o
    0x080058c4   0x080058c4   0x00000058   Code   RO         5687    i.PollingUSART      hardware_uart.o
    0x0800591c   0x0800591c   0x0000002c   Code   RO         6423    i.Q_rsqrt           mymath.o
    0x08005948   0x08005948   0x00000104   Code   RO         6672    i.RCReceiveHandle   remote.o
    0x08005a4c   0x08005a4c   0x00000034   Code   RO         6673    i.RemotePolling     remote.o
    0x08005a80   0x08005a80   0x000000b8   Code   RO         6674    i.RemoteUnlock      remote.o
    0x08005b38   0x08005b38   0x00000028   Code   RO         6675    i.Remote_init       remote.o
    0x08005b60   0x08005b60   0x0000003c   Code   RO         6489    i.ResetPID          pid.o
    0x08005b9c   0x08005b9c   0x00000002   Code   RO          998    i.SVC_Handler       stm32f4xx_it.o
    0x08005b9e   0x08005b9e   0x00000002   PAD
    0x08005ba0   0x08005ba0   0x0000008c   Code   RO          999    i.SysTick_Handler   stm32f4xx_it.o
    0x08005c2c   0x08005c2c   0x00000088   Code   RO          249    i.SystemClock_Config  main.o
    0x08005cb4   0x08005cb4   0x00000054   Code   RO         4910    i.SystemInit        system_stm32f4xx.o
    0x08005d08   0x08005d08   0x0000000c   Code   RO         1000    i.TIM3_IRQHandler   stm32f4xx_it.o
    0x08005d14   0x08005d14   0x0000000c   Code   RO         1001    i.TIM4_IRQHandler   stm32f4xx_it.o
    0x08005d20   0x08005d20   0x000000c8   Code   RO         2616    i.TIM_Base_SetConfig  stm32f4xx_hal_tim.o
    0x08005de8   0x08005de8   0x0000001a   Code   RO         2617    i.TIM_CCxChannelCmd  stm32f4xx_hal_tim.o
    0x08005e02   0x08005e02   0x00000014   Code   RO         2627    i.TIM_ETR_SetConfig  stm32f4xx_hal_tim.o
    0x08005e16   0x08005e16   0x00000010   Code   RO         2628    i.TIM_ITRx_SetConfig  stm32f4xx_hal_tim.o
    0x08005e26   0x08005e26   0x00000002   PAD
    0x08005e28   0x08005e28   0x00000060   Code   RO         2629    i.TIM_OC1_SetConfig  stm32f4xx_hal_tim.o
    0x08005e88   0x08005e88   0x0000006c   Code   RO         2630    i.TIM_OC2_SetConfig  stm32f4xx_hal_tim.o
    0x08005ef4   0x08005ef4   0x00000068   Code   RO         2631    i.TIM_OC3_SetConfig  stm32f4xx_hal_tim.o
    0x08005f5c   0x08005f5c   0x00000050   Code   RO         2632    i.TIM_OC4_SetConfig  stm32f4xx_hal_tim.o
    0x08005fac   0x08005fac   0x00000022   Code   RO         2634    i.TIM_TI1_ConfigInputStage  stm32f4xx_hal_tim.o
    0x08005fce   0x08005fce   0x00000024   Code   RO         2636    i.TIM_TI2_ConfigInputStage  stm32f4xx_hal_tim.o
    0x08005ff2   0x08005ff2   0x00000002   PAD
    0x08005ff4   0x08005ff4   0x00000034   Code   RO         5878    i.Terrain_following  speed_estimator.o
    0x08006028   0x08006028   0x00000030   Code   RO         1002    i.UART4_IRQHandler  stm32f4xx_it.o
    0x08006058   0x08006058   0x00000040   Code   RO         1003    i.UART5_IRQHandler  stm32f4xx_it.o
    0x08006098   0x08006098   0x00000024   Code   RO         5688    i.UART_1_ReceiveHandle  hardware_uart.o
    0x080060bc   0x080060bc   0x00000014   Code   RO         5689    i.UART_2_ReceiveHandle  hardware_uart.o
    0x080060d0   0x080060d0   0x00000002   Code   RO         5690    i.UART_3_ReceiveHandle  hardware_uart.o
    0x080060d2   0x080060d2   0x00000002   Code   RO         5691    i.UART_4_ReceiveHandle  hardware_uart.o
    0x080060d4   0x080060d4   0x00000002   Code   RO         5692    i.UART_5_ReceiveHandle  hardware_uart.o
    0x080060d6   0x080060d6   0x00000002   Code   RO         5693    i.UART_6_ReceiveHandle  hardware_uart.o
    0x080060d8   0x080060d8   0x00000010   Code   RO         3492    i.UART_DMAAbortOnError  stm32f4xx_hal_uart.o
    0x080060e8   0x080060e8   0x0000004a   Code   RO         3493    i.UART_DMAError     stm32f4xx_hal_uart.o
    0x08006132   0x08006132   0x0000003c   Code   RO         3494    i.UART_DMAReceiveCplt  stm32f4xx_hal_uart.o
    0x0800616e   0x0800616e   0x0000000a   Code   RO         3496    i.UART_DMARxHalfCplt  stm32f4xx_hal_uart.o
    0x08006178   0x08006178   0x0000002e   Code   RO         3498    i.UART_DMATransmitCplt  stm32f4xx_hal_uart.o
    0x080061a6   0x080061a6   0x0000000a   Code   RO         3500    i.UART_DMATxHalfCplt  stm32f4xx_hal_uart.o
    0x080061b0   0x080061b0   0x0000001c   Code   RO         3502    i.UART_EndRxTransfer  stm32f4xx_hal_uart.o
    0x080061cc   0x080061cc   0x00000012   Code   RO         3503    i.UART_EndTxTransfer  stm32f4xx_hal_uart.o
    0x080061de   0x080061de   0x00000096   Code   RO         3504    i.UART_Receive_IT   stm32f4xx_hal_uart.o
    0x08006274   0x08006274   0x000002ac   Code   RO         3505    i.UART_SetConfig    stm32f4xx_hal_uart.o
    0x08006520   0x08006520   0x00000062   Code   RO         3506    i.UART_Transmit_IT  stm32f4xx_hal_uart.o
    0x08006582   0x08006582   0x00000002   PAD
    0x08006584   0x08006584   0x00000030   Code   RO         1004    i.USART1_IRQHandler  stm32f4xx_it.o
    0x080065b4   0x080065b4   0x00000030   Code   RO         1005    i.USART2_IRQHandler  stm32f4xx_it.o
    0x080065e4   0x080065e4   0x00000028   Code   RO         1006    i.USART3_IRQHandler  stm32f4xx_it.o
    0x0800660c   0x0800660c   0x00000044   Code   RO         1007    i.USART6_IRQHandler  stm32f4xx_it.o
    0x08006650   0x08006650   0x00000334   Code   RO         5694    i.USART_Init        hardware_uart.o
    0x08006984   0x08006984   0x0000004a   Code   RO         5210    i.USBD_CDC_DataIn   usbd_cdc.o
    0x080069ce   0x080069ce   0x0000002e   Code   RO         5211    i.USBD_CDC_DataOut  usbd_cdc.o
    0x080069fc   0x080069fc   0x00000044   Code   RO         5212    i.USBD_CDC_DeInit   usbd_cdc.o
    0x08006a40   0x08006a40   0x00000024   Code   RO         5213    i.USBD_CDC_EP0_RxReady  usbd_cdc.o
    0x08006a64   0x08006a64   0x0000000c   Code   RO         5214    i.USBD_CDC_GetDeviceQualifierDescriptor  usbd_cdc.o
    0x08006a70   0x08006a70   0x0000000c   Code   RO         5215    i.USBD_CDC_GetFSCfgDesc  usbd_cdc.o
    0x08006a7c   0x08006a7c   0x0000000c   Code   RO         5216    i.USBD_CDC_GetHSCfgDesc  usbd_cdc.o
    0x08006a88   0x08006a88   0x0000000c   Code   RO         5217    i.USBD_CDC_GetOtherSpeedCfgDesc  usbd_cdc.o
    0x08006a94   0x08006a94   0x00000094   Code   RO         5218    i.USBD_CDC_Init     usbd_cdc.o
    0x08006b28   0x08006b28   0x00000028   Code   RO         5219    i.USBD_CDC_ReceivePacket  usbd_cdc.o
    0x08006b50   0x08006b50   0x00000010   Code   RO         5220    i.USBD_CDC_RegisterInterface  usbd_cdc.o
    0x08006b60   0x08006b60   0x0000000c   Code   RO         5221    i.USBD_CDC_SetRxBuffer  usbd_cdc.o
    0x08006b6c   0x08006b6c   0x00000010   Code   RO         5222    i.USBD_CDC_SetTxBuffer  usbd_cdc.o
    0x08006b7c   0x08006b7c   0x000000ac   Code   RO         5223    i.USBD_CDC_Setup    usbd_cdc.o
    0x08006c28   0x08006c28   0x0000000e   Code   RO         4947    i.USBD_ClrClassConfig  usbd_core.o
    0x08006c36   0x08006c36   0x00000010   Code   RO         5150    i.USBD_CtlContinueRx  usbd_ioreq.o
    0x08006c46   0x08006c46   0x00000010   Code   RO         5151    i.USBD_CtlContinueSendData  usbd_ioreq.o
    0x08006c56   0x08006c56   0x00000016   Code   RO         5085    i.USBD_CtlError     usbd_ctlreq.o
    0x08006c6c   0x08006c6c   0x0000001e   Code   RO         5152    i.USBD_CtlPrepareRx  usbd_ioreq.o
    0x08006c8a   0x08006c8a   0x00000016   Code   RO         5153    i.USBD_CtlReceiveStatus  usbd_ioreq.o
    0x08006ca0   0x08006ca0   0x0000001a   Code   RO         5154    i.USBD_CtlSendData  usbd_ioreq.o
    0x08006cba   0x08006cba   0x00000016   Code   RO         5155    i.USBD_CtlSendStatus  usbd_ioreq.o
    0x08006cd0   0x08006cd0   0x00000020   Code   RO          844    i.USBD_FS_ConfigStrDescriptor  usbd_desc.o
    0x08006cf0   0x08006cf0   0x0000000c   Code   RO          845    i.USBD_FS_DeviceDescriptor  usbd_desc.o
    0x08006cfc   0x08006cfc   0x00000024   Code   RO          846    i.USBD_FS_InterfaceStrDescriptor  usbd_desc.o
    0x08006d20   0x08006d20   0x0000000c   Code   RO          847    i.USBD_FS_LangIDStrDescriptor  usbd_desc.o
    0x08006d2c   0x08006d2c   0x0000001c   Code   RO          848    i.USBD_FS_ManufacturerStrDescriptor  usbd_desc.o
    0x08006d48   0x08006d48   0x0000001c   Code   RO          849    i.USBD_FS_ProductStrDescriptor  usbd_desc.o
    0x08006d64   0x08006d64   0x00000038   Code   RO          850    i.USBD_FS_SerialStrDescriptor  usbd_desc.o
    0x08006d9c   0x08006d9c   0x000000e8   Code   RO         5086    i.USBD_GetDescriptor  usbd_ctlreq.o
    0x08006e84   0x08006e84   0x00000048   Code   RO         5087    i.USBD_GetString    usbd_ctlreq.o
    0x08006ecc   0x08006ecc   0x00000018   Code   RO          661    i.USBD_Get_USB_Status  usbd_conf.o
    0x08006ee4   0x08006ee4   0x0000002a   Code   RO         4949    i.USBD_Init         usbd_core.o
    0x08006f0e   0x08006f0e   0x00000012   Code   RO          662    i.USBD_LL_ClearStallEP  usbd_conf.o
    0x08006f20   0x08006f20   0x00000012   Code   RO          663    i.USBD_LL_CloseEP   usbd_conf.o
    0x08006f32   0x08006f32   0x000000c6   Code   RO         4950    i.USBD_LL_DataInStage  usbd_core.o
    0x08006ff8   0x08006ff8   0x00000082   Code   RO         4951    i.USBD_LL_DataOutStage  usbd_core.o
    0x0800707a   0x0800707a   0x00000004   Code   RO         4952    i.USBD_LL_DevConnected  usbd_core.o
    0x0800707e   0x0800707e   0x00000016   Code   RO         4953    i.USBD_LL_DevDisconnected  usbd_core.o
    0x08007094   0x08007094   0x00000008   Code   RO          667    i.USBD_LL_GetRxDataSize  usbd_conf.o
    0x0800709c   0x0800709c   0x00000060   Code   RO          668    i.USBD_LL_Init      usbd_conf.o
    0x080070fc   0x080070fc   0x00000020   Code   RO          669    i.USBD_LL_IsStallEP  usbd_conf.o
    0x0800711c   0x0800711c   0x00000004   Code   RO         4954    i.USBD_LL_IsoINIncomplete  usbd_core.o
    0x08007120   0x08007120   0x00000004   Code   RO         4955    i.USBD_LL_IsoOUTIncomplete  usbd_core.o
    0x08007124   0x08007124   0x00000018   Code   RO          670    i.USBD_LL_OpenEP    usbd_conf.o
    0x0800713c   0x0800713c   0x00000012   Code   RO          671    i.USBD_LL_PrepareReceive  usbd_conf.o
    0x0800714e   0x0800714e   0x00000050   Code   RO         4956    i.USBD_LL_Reset     usbd_core.o
    0x0800719e   0x0800719e   0x0000000c   Code   RO         4957    i.USBD_LL_Resume    usbd_core.o
    0x080071aa   0x080071aa   0x00000018   Code   RO         4958    i.USBD_LL_SOF       usbd_core.o
    0x080071c2   0x080071c2   0x00000006   Code   RO         4959    i.USBD_LL_SetSpeed  usbd_core.o
    0x080071c8   0x080071c8   0x00000012   Code   RO          672    i.USBD_LL_SetUSBAddress  usbd_conf.o
    0x080071da   0x080071da   0x0000005a   Code   RO         4960    i.USBD_LL_SetupStage  usbd_core.o
    0x08007234   0x08007234   0x00000012   Code   RO          673    i.USBD_LL_StallEP   usbd_conf.o
    0x08007246   0x08007246   0x00000012   Code   RO          674    i.USBD_LL_Start     usbd_conf.o
    0x08007258   0x08007258   0x00000012   Code   RO         4961    i.USBD_LL_Suspend   usbd_core.o
    0x0800726a   0x0800726a   0x00000012   Code   RO          676    i.USBD_LL_Transmit  usbd_conf.o
    0x0800727c   0x0800727c   0x00000028   Code   RO         5088    i.USBD_ParseSetupRequest  usbd_ctlreq.o
    0x080072a4   0x080072a4   0x00000010   Code   RO         4962    i.USBD_RegisterClass  usbd_core.o
    0x080072b4   0x080072b4   0x00000016   Code   RO         4964    i.USBD_SetClassConfig  usbd_core.o
    0x080072ca   0x080072ca   0x00000002   PAD
    0x080072cc   0x080072cc   0x00000084   Code   RO         5089    i.USBD_SetConfig    usbd_ctlreq.o
    0x08007350   0x08007350   0x0000000a   Code   RO         4965    i.USBD_Start        usbd_core.o
    0x0800735a   0x0800735a   0x00000112   Code   RO         5090    i.USBD_StdDevReq    usbd_ctlreq.o
    0x0800746c   0x0800746c   0x00000150   Code   RO         5091    i.USBD_StdEPReq     usbd_ctlreq.o
    0x080075bc   0x080075bc   0x0000004e   Code   RO         5092    i.USBD_StdItfReq    usbd_ctlreq.o
    0x0800760a   0x0800760a   0x00000002   PAD
    0x0800760c   0x0800760c   0x00000080   Code   RO         1465    i.USB_ActivateEndpoint  stm32f4xx_ll_usb.o
    0x0800768c   0x0800768c   0x00000034   Code   RO         1467    i.USB_ActivateSetup  stm32f4xx_ll_usb.o
    0x080076c0   0x080076c0   0x00000074   Code   RO         1469    i.USB_CoreInit      stm32f4xx_ll_usb.o
    0x08007734   0x08007734   0x00000038   Code   RO         1470    i.USB_CoreReset     stm32f4xx_ll_usb.o
    0x0800776c   0x0800776c   0x00000080   Code   RO         1473    i.USB_DeactivateEndpoint  stm32f4xx_ll_usb.o
    0x080077ec   0x080077ec   0x00000018   Code   RO         1474    i.USB_DevConnect    stm32f4xx_ll_usb.o
    0x08007804   0x08007804   0x00000018   Code   RO         1475    i.USB_DevDisconnect  stm32f4xx_ll_usb.o
    0x0800781c   0x0800781c   0x0000018c   Code   RO         1476    i.USB_DevInit       stm32f4xx_ll_usb.o
    0x080079a8   0x080079a8   0x0000000c   Code   RO         1477    i.USB_DisableGlobalInt  stm32f4xx_ll_usb.o
    0x080079b4   0x080079b4   0x00000118   Code   RO         1480    i.USB_EP0StartXfer  stm32f4xx_ll_usb.o
    0x08007acc   0x08007acc   0x00000058   Code   RO         1481    i.USB_EP0_OutStart  stm32f4xx_ll_usb.o
    0x08007b24   0x08007b24   0x00000058   Code   RO         1482    i.USB_EPClearStall  stm32f4xx_ll_usb.o
    0x08007b7c   0x08007b7c   0x00000058   Code   RO         1483    i.USB_EPSetStall    stm32f4xx_ll_usb.o
    0x08007bd4   0x08007bd4   0x000001e8   Code   RO         1484    i.USB_EPStartXfer   stm32f4xx_ll_usb.o
    0x08007dbc   0x08007dbc   0x0000000c   Code   RO         1485    i.USB_EnableGlobalInt  stm32f4xx_ll_usb.o
    0x08007dc8   0x08007dc8   0x00000020   Code   RO         1486    i.USB_FlushRxFifo   stm32f4xx_ll_usb.o
    0x08007de8   0x08007de8   0x00000024   Code   RO         1487    i.USB_FlushTxFifo   stm32f4xx_ll_usb.o
    0x08007e0c   0x08007e0c   0x0000001a   Code   RO         1489    i.USB_GetDevSpeed   stm32f4xx_ll_usb.o
    0x08007e26   0x08007e26   0x00000008   Code   RO         1491    i.USB_GetMode       stm32f4xx_ll_usb.o
    0x08007e2e   0x08007e2e   0x0000000e   Code   RO         1498    i.USB_ReadDevAllInEpInterrupt  stm32f4xx_ll_usb.o
    0x08007e3c   0x08007e3c   0x0000000e   Code   RO         1499    i.USB_ReadDevAllOutEpInterrupt  stm32f4xx_ll_usb.o
    0x08007e4a   0x08007e4a   0x00000024   Code   RO         1500    i.USB_ReadDevInEPInterrupt  stm32f4xx_ll_usb.o
    0x08007e6e   0x08007e6e   0x00000010   Code   RO         1501    i.USB_ReadDevOutEPInterrupt  stm32f4xx_ll_usb.o
    0x08007e7e   0x08007e7e   0x00000008   Code   RO         1502    i.USB_ReadInterrupts  stm32f4xx_ll_usb.o
    0x08007e86   0x08007e86   0x0000001c   Code   RO         1503    i.USB_ReadPacket    stm32f4xx_ll_usb.o
    0x08007ea2   0x08007ea2   0x0000002e   Code   RO         1505    i.USB_SetCurrentMode  stm32f4xx_ll_usb.o
    0x08007ed0   0x08007ed0   0x00000022   Code   RO         1506    i.USB_SetDevAddress  stm32f4xx_ll_usb.o
    0x08007ef2   0x08007ef2   0x00000002   PAD
    0x08007ef4   0x08007ef4   0x000000e8   Code   RO         1508    i.USB_SetTurnaroundTime  stm32f4xx_ll_usb.o
    0x08007fdc   0x08007fdc   0x00000024   Code   RO         1511    i.USB_WritePacket   stm32f4xx_ll_usb.o
    0x08008000   0x08008000   0x000000c4   Code   RO         6921    i.UpdateAction      followline_eg4.o
    0x080080c4   0x080080c4   0x0000002c   Code   RO         6922    i.UpdateButton      followline_eg4.o
    0x080080f0   0x080080f0   0x00000040   Code   RO         6923    i.UpdateCentControl  followline_eg4.o
    0x08008130   0x08008130   0x00000060   Code   RO         6079    i.UpdateMotor       motor.o
    0x08008190   0x08008190   0x0000013c   Code   RO         6490    i.UpdatePID         pid.o
    0x080082cc   0x080082cc   0x0000008c   Code   RO         6924    i.UpdateStatus      followline_eg4.o
    0x08008358   0x08008358   0x00000054   Code   RO         5554    i.UpdateToGCSAltitude  gcs.o
    0x080083ac   0x080083ac   0x000000b8   Code   RO         5555    i.UpdateToGCSAttitude  gcs.o
    0x08008464   0x08008464   0x00000048   Code   RO         5557    i.UpdateToGCSHardwareInfo  gcs.o
    0x080084ac   0x080084ac   0x00000044   Code   RO         5560    i.UpdateToGCSMPU6050  gcs.o
    0x080084f0   0x080084f0   0x0000001c   Code   RO         5563    i.UpdateUSBQueue    gcs.o
    0x0800850c   0x0800850c   0x00000002   Code   RO         1008    i.UsageFault_Handler  stm32f4xx_it.o
    0x0800850e   0x0800850e   0x00000002   PAD
    0x08008510   0x08008510   0x0000002c   Code   RO         5879    i.WZ_Est_Calcu      speed_estimator.o
    0x0800853c   0x0800853c   0x000000fc   Code   RO         5880    i.WZ_Fix_Calcu      speed_estimator.o
    0x08008638   0x08008638   0x00000020   Code   RO         5881    i.WZ_Fus_Reset      speed_estimator.o
    0x08008658   0x08008658   0x000000e4   Code   RO         5882    i.WZ_Obs_Calcu      speed_estimator.o
    0x0800873c   0x0800873c   0x00000010   Code   RO         5992    i.ZKHD_Link_FMU_To_GCS_Handle  zkhd_link.o
    0x0800874c   0x0800874c   0x00000064   Code   RO         5996    i.ZKHD_Link_MakeFrame  zkhd_link.o
    0x080087b0   0x080087b0   0x00000030   Code   RO         7129    i.__ARM_fpclassify  m_wm.l(fpclassify.o)
    0x080087e0   0x080087e0   0x00000026   Code   RO         7131    i.__ARM_fpclassifyf  m_wm.l(fpclassifyf.o)
    0x08008806   0x08008806   0x00000020   Code   RO         4537    i.__NVIC_SetPriority  stm32f4xx_hal_cortex.o
    0x08008826   0x08008826   0x00000002   PAD
    0x08008828   0x08008828   0x00000360   Code   RO         7000    i.__hardfp_asin     m_wm.l(asin.o)
    0x08008b88   0x08008b88   0x00000250   Code   RO         7014    i.__hardfp_atan2f   m_wm.l(atan2f.o)
    0x08008dd8   0x08008dd8   0x000000f8   Code   RO         7147    i.__kernel_poly     m_wm.l(poly.o)
    0x08008ed0   0x08008ed0   0x00000014   Code   RO         7110    i.__mathlib_dbl_infnan  m_wm.l(dunder.o)
    0x08008ee4   0x08008ee4   0x00000004   PAD
    0x08008ee8   0x08008ee8   0x00000020   Code   RO         7112    i.__mathlib_dbl_invalid  m_wm.l(dunder.o)
    0x08008f08   0x08008f08   0x00000020   Code   RO         7115    i.__mathlib_dbl_underflow  m_wm.l(dunder.o)
    0x08008f28   0x08008f28   0x00000006   Code   RO         7135    i.__mathlib_flt_infnan2  m_wm.l(funder.o)
    0x08008f2e   0x08008f2e   0x00000002   PAD
    0x08008f30   0x08008f30   0x00000010   Code   RO         7139    i.__mathlib_flt_underflow  m_wm.l(funder.o)
    0x08008f40   0x08008f40   0x0000000e   Code   RO         7210    i.__scatterload_copy  mc_w.l(handlers.o)
    0x08008f4e   0x08008f4e   0x00000002   Code   RO         7211    i.__scatterload_null  mc_w.l(handlers.o)
    0x08008f50   0x08008f50   0x0000000e   Code   RO         7212    i.__scatterload_zeroinit  mc_w.l(handlers.o)
    0x08008f5e   0x08008f5e   0x00000002   PAD
    0x08008f60   0x08008f60   0x0000000c   Code   RO         7188    i.__set_errno       mc_w.l(errno.o)
    0x08008f6c   0x08008f6c   0x00000044   Code   RO         5317    i.beep_update       beep.o
    0x08008fb0   0x08008fb0   0x00000044   Code   RO         6534    i.deQueue           my_queue.o
    0x08008ff4   0x08008ff4   0x00000010   Code   RO         5801    i.delay             hardware_i2c.o
    0x08009004   0x08009004   0x00000046   Code   RO         6535    i.enQueue           my_queue.o
    0x0800904a   0x0800904a   0x00000018   Code   RO         7125    i.fabs              m_wm.l(fabs.o)
    0x08009062   0x08009062   0x00000002   PAD
    0x08009064   0x08009064   0x00000050   Code   RO         7069    i.free              mc_w.l(malloc.o)
    0x080090b4   0x080090b4   0x0000003c   Code   RO         5565    i.gcs_init          gcs.o
    0x080090f0   0x080090f0   0x00000170   Code   RO         6312    i.lcd_update        lcd_status.o
    0x08009260   0x08009260   0x0000005e   Code   RO          250    i.main              main.o
    0x080092be   0x080092be   0x00000002   PAD
    0x080092c0   0x080092c0   0x0000006c   Code   RO         7070    i.malloc            mc_w.l(malloc.o)
    0x0800932c   0x0800932c   0x00000010   Code   RO         6139    i.mypow             lcd.o
    0x0800933c   0x0800933c   0x00000010   Code   RO         6491    i.reset_i           pid.o
    0x0800934c   0x0800934c   0x000000a4   Code   RO         6743    i.sdk_init          sdk.o
    0x080093f0   0x080093f0   0x0000000c   Code   RO         6744    i.sdk_land          sdk.o
    0x080093fc   0x080093fc   0x00000010   Code   RO         6745    i.sdk_lock          sdk.o
    0x0800940c   0x0800940c   0x00000014   Code   RO         6750    i.sdk_takeoff       sdk.o
    0x08009420   0x08009420   0x00000010   Code   RO         6751    i.sdk_unlock        sdk.o
    0x08009430   0x08009430   0x00000138   Code   RO         6752    i.sdk_update        sdk.o
    0x08009568   0x08009568   0x00000060   Code   RO         6753    i.sdk_update_position  sdk.o
    0x080095c8   0x080095c8   0x00000080   Code   RO         6754    i.sdk_update_s_2    sdk.o
    0x08009648   0x08009648   0x00000018   Code   RO         6755    i.sdk_velocity_reset  sdk.o
    0x08009660   0x08009660   0x00000060   Code   RO         6756    i.sdk_velocity_set  sdk.o
    0x080096c0   0x080096c0   0x0000003c   Code   RO         6757    i.sdk_velociyt_x_set  sdk.o
    0x080096fc   0x080096fc   0x0000003c   Code   RO         6758    i.sdk_velociyt_y_set  sdk.o
    0x08009738   0x08009738   0x0000006e   Code   RO         7154    i.sqrt              m_wm.l(sqrt.o)
    0x080097a6   0x080097a6   0x00000002   PAD
    0x080097a8   0x080097a8   0x00000034   Code   RO         5567    i.update2gcs_mode   gcs.o
    0x080097dc   0x080097dc   0x00000094   Code   RO         5568    i.update2gcsdevecelist  gcs.o
    0x08009870   0x08009870   0x0000007c   Code   RO         5569    i.update2gcsotherinfogroup1  gcs.o
    0x080098ec   0x080098ec   0x00000038   Code   RO         6344    i.update_status     status.o
    0x08009924   0x08009924   0x00000068   Code   RO         5696    i.usart_rx_idle_handle  hardware_uart.o
    0x0800998c   0x0800998c   0x00000008   Data   RO         4254    .constdata          stm32f4xx_hal_dma.o
    0x08009994   0x08009994   0x00000010   Data   RO         4911    .constdata          system_stm32f4xx.o
    0x080099a4   0x080099a4   0x00000008   Data   RO         4912    .constdata          system_stm32f4xx.o
    0x080099ac   0x080099ac   0x0000391c   Data   RO         6141    .constdata          lcd.o
    0x0800d2c8   0x0800d2c8   0x00000004   Data   RO         6430    .constdata          mymath.o
    0x0800d2cc   0x0800d2cc   0x00000004   Data   RO         6432    .constdata          mymath.o
    0x0800d2d0   0x0800d2d0   0x00000004   Data   RO         6433    .constdata          mymath.o
    0x0800d2d4   0x0800d2d4   0x00000004   PAD
    0x0800d2d8   0x0800d2d8   0x00000050   Data   RO         7003    .constdata          m_wm.l(asin.o)
    0x0800d328   0x0800d328   0x00000020   Data   RO         7208    Region$$Table       anon$$obj.o


    Execution Region RW_IRAM1 (Exec base: 0x20000000, Load base: 0x0800d348, Size: 0x00004138, Max: 0x00020000, ABSOLUTE, COMPRESSED[0x000000ec])

    Exec Addr    Load Addr    Size         Type   Attr      Idx    E Section Name        Object

    0x20000000   COMPRESSED   0x00000008   Data   RW           15    .data               system.o
    0x20000008   COMPRESSED   0x0000001c   Data   RW          852    .data               usbd_desc.o
    0x20000024   COMPRESSED   0x00000032   Data   RW          853    .data               usbd_desc.o
    0x20000056   COMPRESSED   0x00000002   PAD
    0x20000058   COMPRESSED   0x00000010   Data   RW          935    .data               usbd_cdc_if.o
    0x20000068   COMPRESSED   0x00000004   Data   RW         1009    .data               stm32f4xx_it.o
    0x2000006c   COMPRESSED   0x0000000c   Data   RW         4681    .data               stm32f4xx_hal.o
    0x20000078   COMPRESSED   0x00000004   Data   RW         4913    .data               system_stm32f4xx.o
    0x2000007c   COMPRESSED   0x00000001   Data   RW         5093    .data               usbd_ctlreq.o
    0x2000007d   COMPRESSED   0x00000003   PAD
    0x20000080   COMPRESSED   0x000000d7   Data   RW         5225    .data               usbd_cdc.o
    0x20000157   COMPRESSED   0x00000001   PAD
    0x20000158   COMPRESSED   0x00000038   Data   RW         5226    .data               usbd_cdc.o
    0x20000190   COMPRESSED   0x00000006   Data   RW         5318    .data               beep.o
    0x20000196   COMPRESSED   0x00000008   Data   RW         5354    .data               led.o
    0x2000019e   COMPRESSED   0x00000002   PAD
    0x200001a0   COMPRESSED   0x0000000c   Data   RW         5392    .data               mpu6050.o
    0x200001ac   COMPRESSED   0x0000002c   Data   RW         5452    .data               imu.o
    0x200001d8   COMPRESSED   0x00000014   Data   RW         5506    .data               ano_of.o
    0x200001ec   COMPRESSED   0x00000010   Data   RW         5571    .data               gcs.o
    0x200001fc   COMPRESSED   0x00000002   Data   RW         5572    .data               gcs.o
    0x200001fe   COMPRESSED   0x00000002   Data   RW         5573    .data               gcs.o
    0x20000200   COMPRESSED   0x00000001   Data   RW         5698    .data               hardware_uart.o
    0x20000201   COMPRESSED   0x00000003   PAD
    0x20000204   COMPRESSED   0x00000008   Data   RW         5802    .data               hardware_i2c.o
    0x2000020c   COMPRESSED   0x00000054   Data   RW         5884    .data               speed_estimator.o
    0x20000260   COMPRESSED   0x00000001   Data   RW         5937    .data               init.o
    0x20000261   COMPRESSED   0x00000003   PAD
    0x20000264   COMPRESSED   0x00000004   Data   RW         6314    .data               lcd_status.o
    0x20000268   COMPRESSED   0x00000010   Data   RW         6563    .data               control.o
    0x20000278   COMPRESSED   0x00000038   Data   RW         6603    .data               height_control.o
    0x200002b0   COMPRESSED   0x00000048   Data   RW         6642    .data               pos_ctrl.o
    0x200002f8   COMPRESSED   0x00000008   Data   RW         6678    .data               remote.o
    0x20000300   COMPRESSED   0x0000000c   Data   RW         6764    .data               sdk.o
    0x2000030c   COMPRESSED   0x00000018   Data   RW         6928    .data               followline_eg4.o
    0x20000324   COMPRESSED   0x00000004   Data   RW         7184    .data               mc_w.l(mvars.o)
    0x20000328   COMPRESSED   0x00000004   Data   RW         7185    .data               mc_w.l(mvars.o)
    0x2000032c   COMPRESSED   0x00000004   Data   RW         7189    .data               mc_w.l(errno.o)
    0x20000330        -       0x00000054   Zero   RW          369    .bss                i2c.o
    0x20000384        -       0x00000058   Zero   RW          411    .bss                spi.o
    0x200003dc        -       0x00000100   Zero   RW          459    .bss                tim.o
    0x200004dc        -       0x00000540   Zero   RW          536    .bss                usart.o
    0x20000a1c        -       0x0000029c   Zero   RW          601    .bss                usb_device.o
    0x20000cb8        -       0x00000408   Zero   RW          677    .bss                usbd_conf.o
    0x200010c0        -       0x00000200   Zero   RW          851    .bss                usbd_desc.o
    0x200012c0        -       0x00001000   Zero   RW          934    .bss                usbd_cdc_if.o
    0x200022c0        -       0x00000058   Zero   RW         5391    .bss                mpu6050.o
    0x20002318        -       0x0000000c   Zero   RW         5451    .bss                imu.o
    0x20002324        -       0x0000007a   Zero   RW         5505    .bss                ano_of.o
    0x2000239e   COMPRESSED   0x00000002   PAD
    0x200023a0        -       0x00000024   Zero   RW         5570    .bss                gcs.o
    0x200023c4        -       0x00001280   Zero   RW         5697    .bss                hardware_uart.o
    0x20003644        -       0x0000000c   Zero   RW         5883    .bss                speed_estimator.o
    0x20003650        -       0x0000014c   Zero   RW         5935    .bss                init.o
    0x2000379c        -       0x00000374   Zero   RW         6492    .bss                pid.o
    0x20003b10        -       0x0000000c   Zero   RW         6562    .bss                control.o
    0x20003b1c        -       0x00000024   Zero   RW         6602    .bss                height_control.o
    0x20003b40        -       0x00000072   Zero   RW         6677    .bss                remote.o
    0x20003bb2   COMPRESSED   0x00000002   PAD
    0x20003bb4        -       0x00000150   Zero   RW         6763    .bss                sdk.o
    0x20003d04        -       0x00000030   Zero   RW         6925    .bss                followline_eg4.o
    0x20003d34   COMPRESSED   0x00000004   PAD
    0x20003d38        -       0x00000200   Zero   RW            2    HEAP                startup_stm32f407xx.o
    0x20003f38        -       0x00000200   Zero   RW            1    STACK               startup_stm32f407xx.o


==============================================================================

Image component sizes


      Code (inc. data)   RO Data    RW Data    ZI Data      Debug   Object Name

       494         32          0         20        122       4793   ano_of.o
        68         10          0          6          0       1280   beep.o
       964         82          0         16         12       4420   control.o
       188          4          0          0          0        814   dma.o
       904        114          0         24         48       9878   followline_eg4.o
       904        116          0         20         36       8640   gcs.o
       364         22          0          0          0       1063   gpio.o
       666         44          0          8          0       6113   hardware_i2c.o
      1078         86          0          1       4736       7173   hardware_uart.o
       684        106          0         56         36       2705   height_control.o
       200         32          0          0         84       1609   i2c.o
      1036         44          0         44         12       3086   imu.o
       244         46          0          1        332       2800   init.o
       554         16      14620          0          0       6514   lcd.o
       810         16          0          0          0       5744   lcd_init.o
       368        150          0          4          0        912   lcd_status.o
       220         20          0          8          0       2514   led.o
       232         10          0          0          0       6552   main.o
       140         10          0          0          0       1043   motor.o
       684         32          0         12         88       4351   mpu6050.o
       138          0          0          0          0       1640   my_queue.o
        44          4         12          0          0        917   mymath.o
       428         22          0          0        884       3621   pid.o
       572         66          0         72          0       2020   pos_ctrl.o
      1076        116          0          8        114       5130   remote.o
      1004        190          0         12        336       8375   sdk.o
       608         96          0         84         12       4781   speed_estimator.o
       176         22          0          0         88       1573   spi.o
        36          8        392          0       1024        816   startup_stm32f407xx.o
        56         12          0          0          0        464   status.o
       180         28          0         12          0       4441   stm32f4xx_hal.o
       198         14          0          0          0      33835   stm32f4xx_hal_cortex.o
      1090         16          8          0          0       7182   stm32f4xx_hal_dma.o
       456         44          0          0          0       2965   stm32f4xx_hal_gpio.o
       372         16          0          0          0       2899   stm32f4xx_hal_i2c.o
        48          6          0          0          0        790   stm32f4xx_hal_msp.o
      2372         18          0          0          0      12629   stm32f4xx_hal_pcd.o
        78          0          0          0          0       2329   stm32f4xx_hal_pcd_ex.o
      1276         86          0          0          0       5492   stm32f4xx_hal_rcc.o
       128          0          0          0          0       1127   stm32f4xx_hal_spi.o
      1720         90          0          0          0      16096   stm32f4xx_hal_tim.o
       154          0          0          0          0       3157   stm32f4xx_hal_tim_ex.o
      1940         42          0          0          0      13647   stm32f4xx_hal_uart.o
       708        172          0          4          0      14868   stm32f4xx_it.o
      2546        140          0          0          0      22187   stm32f4xx_ll_usb.o
       236         20          0          8          0     721225   system.o
        84         18         24          4          0       1099   system_stm32f4xx.o
       872         76          0          0        256       4945   tim.o
      1490        118          0          0       1344       5898   usart.o
        84         18          0          0        668       2451   usb_device.o
       676         16          0        271          0      12400   usbd_cdc.o
        68         16          0         16       4096       2514   usbd_cdc_if.o
       634         20          0          0       1032      14404   usbd_conf.o
       696          0          0          0          0      11965   usbd_core.o
      1186         28          0          1          0       7948   usbd_ctlreq.o
       260         76          0         78        512       5697   usbd_desc.o
       132          0          0          0          0       4372   usbd_ioreq.o
       116          6          0          0          0       2113   zkhd_link.o

    ----------------------------------------------------------------------
     34792       2612      15092        804      15880    1052016   Object Totals
         0          0         32          0          0          0   (incl. Generated)
        52          0          4         14          8          0   (incl. Padding)

    ----------------------------------------------------------------------

      Code (inc. data)   RO Data    RW Data    ZI Data      Debug   Library Member Name

       864         94         80          0          0        280   asin.o
       592         90          0          0          0        184   atan2f.o
        84         16          0          0          0        372   dunder.o
        24          0          0          0          0        124   fabs.o
        48          0          0          0          0        124   fpclassify.o
        38          0          0          0          0        116   fpclassifyf.o
        22          6          0          0          0        232   funder.o
       248          0          0          0          0        152   poly.o
       110          0          0          0          0        148   sqrt.o
        86          0          0          0          0          0   __dczerorl2.o
         0          0          0          0          0          0   entry.o
         0          0          0          0          0          0   entry10a.o
         0          0          0          0          0          0   entry11a.o
         8          4          0          0          0          0   entry2.o
         4          0          0          0          0          0   entry5.o
         0          0          0          0          0          0   entry7b.o
         0          0          0          0          0          0   entry8b.o
         8          4          0          0          0          0   entry9a.o
        12          6          0          4          0         68   errno.o
        30          0          0          0          0          0   handlers.o
        36          8          0          0          0         68   init.o
         0          0          0          0          0          0   iusefp.o
        30          0          0          0          0         68   llshl.o
        36          0          0          0          0         68   llsshr.o
        32          0          0          0          0         68   llushr.o
       188         20          0          0          0        160   malloc.o
        64          0          0          0          0         76   memmovea.o
        36          0          0          0          0        108   memseta.o
         0          0          0          8          0          0   mvars.o
        98          0          0          0          0         92   uldiv.o
        56          0          0          0          0         88   d2f.o
       334          0          0          0          0        148   dadd.o
       222          0          0          0          0        100   ddiv.o
       186          0          0          0          0        176   depilogue.o
        50          0          0          0          0         76   dfixui.o
        26          0          0          0          0         76   dfltui.o
       228          0          0          0          0         96   dmul.o
       162          0          0          0          0        100   dsqrt.o
        38          0          0          0          0         68   f2d.o
       110          0          0          0          0        168   fepilogue.o

    ----------------------------------------------------------------------
      4124        248         80         12          0       3604   Library Totals
        14          0          0          0          0          0   (incl. Padding)

    ----------------------------------------------------------------------

      Code (inc. data)   RO Data    RW Data    ZI Data      Debug   Library Name

      2030        206         80          0          0       1732   m_wm.l
       668         42          0         12          0        776   mc_w.l
      1412          0          0          0          0       1096   mf_w.l

    ----------------------------------------------------------------------
      4124        248         80         12          0       3604   Library Totals

    ----------------------------------------------------------------------

==============================================================================


      Code (inc. data)   RO Data    RW Data    ZI Data      Debug   

     38916       2860      15172        816      15880    1020020   Grand Totals
     38916       2860      15172        236      15880    1020020   ELF Image Totals (compressed)
     38916       2860      15172        236          0          0   ROM Totals

==============================================================================

    Total RO  Size (Code + RO Data)                54088 (  52.82kB)
    Total RW  Size (RW Data + ZI Data)             16696 (  16.30kB)
    Total ROM Size (Code + RO Data + RW Data)      54324 (  53.05kB)

==============================================================================

