<html>
<body>
<pre>
<h1>µVision Build Log</h1>
<h2>Tool Versions:</h2>
IDE-Version: ¦ÌVision V5.36.0.0
Copyright (C) 2021 ARM Ltd and ARM Germany GmbH. All rights reserved.
License Information: bkrc mycomputer, mycomputer, LIC=9WSKC-7N85M-QDLKD-8BFFD-F48UE-H9SHJ
 
Tool Versions:
Toolchain:       MDK-ARM Plus  Version: 5.36.0.0
Toolchain Path:  C:\Keil_v5\ARM\ARMCC\Bin
C Compiler:      Armcc.exe V5.06 update 7 (build 960)
Assembler:       Armasm.exe V5.06 update 7 (build 960)
Linker/Locator:  ArmLink.exe V5.06 update 7 (build 960)
Library Manager: ArmAr.exe V5.06 update 7 (build 960)
Hex Converter:   FromElf.exe V5.06 update 7 (build 960)
CPU DLL:         SARMCM3.DLL V5.36.0.0
Dialog DLL:      DCM.DLL V1.17.3.0
Target DLL:      Segger\JL2CM3.dll V2.99.42.0
Dialog DLL:      TCM.DLL V1.53.0.0
 
<h2>Project:</h2>
C:\Users\86186\Desktop\F260-T432B£¨22.11.17£©\F260-T432B£¨22.11.17£© - ¸±±¾\MDK-ARM\F260-T432B.uvprojx
Project File Date:  08/03/2023

<h2>Output:</h2>
*** Using Compiler 'V5.06 update 7 (build 960)', folder: 'C:\Keil_v5\ARM\ARMCC\Bin'
Build target 'F260-T432B'
compiling FollowLine.c...
..\Module\HARDWARE_uart.h(104): warning:  #161-D: unrecognized #pragma
  #pragma
..\Control\FollowLine.c(75): warning:  #940-D: missing return statement at end of non-void function "absolute" 
  }
..\Control\FollowLine.c(355): warning:  #1035-D: single-precision operand implicitly converted to double-precision
  	vel[0] = 0.3 * (-PIDGroup[emPID_FolloLineSpdVertically].out) + 0.7 * vel_last[0];
..\Control\FollowLine.c(355): warning:  #1035-D: single-precision operand implicitly converted to double-precision
  	vel[0] = 0.3 * (-PIDGroup[emPID_FolloLineSpdVertically].out) + 0.7 * vel_last[0];
..\Control\FollowLine.c(356): warning:  #1035-D: single-precision operand implicitly converted to double-precision
  	vel[1] = 0.3 * (PIDGroup[emPID_FolloLineSpdHorizontally].out) + 0.7 * vel_last[1];
..\Control\FollowLine.c(356): warning:  #1035-D: single-precision operand implicitly converted to double-precision
  	vel[1] = 0.3 * (PIDGroup[emPID_FolloLineSpdHorizontally].out) + 0.7 * vel_last[1];
..\Control\FollowLine.c(213): warning:  #177-D: variable "flag"  was declared but never referenced
  static bool flag = false;
..\Control\FollowLine.c(214): warning:  #177-D: variable "find"  was declared but never referenced
  static uint8_t find = 0;
..\Control\FollowLine.c(215): warning:  #177-D: variable "fire_fighting_time"  was declared but never referenced
  static int fire_fighting_time;
..\Control\FollowLine.c(324): warning:  #177-D: variable "vel_filter"  was declared but never referenced
  static float vel_filter[2],vel_last_filter[2];
..\Control\FollowLine.c(324): warning:  #177-D: variable "vel_last_filter"  was declared but never referenced
  static float vel_filter[2],vel_last_filter[2];
..\Control\FollowLine.c(329): warning:  #177-D: variable "time_flag"  was declared but never referenced
  static uint8_t time_flag = 0;
..\Control\FollowLine.c: 12 warnings, 0 errors
linking...
Program Size: Code=41848 RO-data=15168 RW-data=1736 ZI-data=17136  
FromELF: creating hex file...
"F260-T432B\F260-T432B.axf" - 0 Error(s), 12 Warning(s).

<h2>Software Packages used:</h2>

Package Vendor: ARM
                http://www.keil.com/pack/ARM.CMSIS.5.8.0.pack
                ARM.CMSIS.5.8.0
                CMSIS (Common Microcontroller Software Interface Standard)
   * Component: CORE Version: 5.5.0

Package Vendor: Keil
                http://www.keil.com/pack/Keil.STM32F4xx_DFP.2.15.0.pack
                Keil.STM32F4xx_DFP.2.15.0
                STMicroelectronics STM32F4 Series Device Support, Drivers and Examples

<h2>Collection of Component include folders:</h2>
  .\RTE\_F260-T432B
  C:\Users\86186\AppData\Local\Arm\Packs\ARM\CMSIS\5.8.0\CMSIS\Core\Include
  C:\Users\86186\AppData\Local\Arm\Packs\Keil\STM32F4xx_DFP\2.15.0\Drivers\CMSIS\Device\ST\STM32F4xx\Include

<h2>Collection of Component Files used:</h2>

   * Component: ARM::CMSIS:CORE:5.5.0
Build Time Elapsed:  00:00:03
</pre>
</body>
</html>
