Component: ARM Compiler 5.06 update 7 (build 960) Tool: armlink [4d3601]

==============================================================================

Section Cross References

    startup_stm32f407xx.o(RESET) refers to startup_stm32f407xx.o(STACK) for __initial_sp
    startup_stm32f407xx.o(RESET) refers to startup_stm32f407xx.o(.text) for Reset_Handler
    startup_stm32f407xx.o(RESET) refers to stm32f4xx_it.o(i.NMI_Handler) for NMI_Handler
    startup_stm32f407xx.o(RESET) refers to stm32f4xx_it.o(i.HardFault_Handler) for HardFault_Handler
    startup_stm32f407xx.o(RESET) refers to stm32f4xx_it.o(i.MemManage_Handler) for MemManage_Handler
    startup_stm32f407xx.o(RESET) refers to stm32f4xx_it.o(i.BusFault_Handler) for BusFault_Handler
    startup_stm32f407xx.o(RESET) refers to stm32f4xx_it.o(i.UsageFault_Handler) for UsageFault_Handler
    startup_stm32f407xx.o(RESET) refers to stm32f4xx_it.o(i.SVC_Handler) for SVC_Handler
    startup_stm32f407xx.o(RESET) refers to stm32f4xx_it.o(i.DebugMon_Handler) for DebugMon_Handler
    startup_stm32f407xx.o(RESET) refers to stm32f4xx_it.o(i.PendSV_Handler) for PendSV_Handler
    startup_stm32f407xx.o(RESET) refers to stm32f4xx_it.o(i.SysTick_Handler) for SysTick_Handler
    startup_stm32f407xx.o(RESET) refers to stm32f4xx_it.o(i.DMA1_Stream0_IRQHandler) for DMA1_Stream0_IRQHandler
    startup_stm32f407xx.o(RESET) refers to stm32f4xx_it.o(i.DMA1_Stream1_IRQHandler) for DMA1_Stream1_IRQHandler
    startup_stm32f407xx.o(RESET) refers to stm32f4xx_it.o(i.DMA1_Stream2_IRQHandler) for DMA1_Stream2_IRQHandler
    startup_stm32f407xx.o(RESET) refers to stm32f4xx_it.o(i.DMA1_Stream3_IRQHandler) for DMA1_Stream3_IRQHandler
    startup_stm32f407xx.o(RESET) refers to stm32f4xx_it.o(i.DMA1_Stream4_IRQHandler) for DMA1_Stream4_IRQHandler
    startup_stm32f407xx.o(RESET) refers to stm32f4xx_it.o(i.DMA1_Stream5_IRQHandler) for DMA1_Stream5_IRQHandler
    startup_stm32f407xx.o(RESET) refers to stm32f4xx_it.o(i.DMA1_Stream6_IRQHandler) for DMA1_Stream6_IRQHandler
    startup_stm32f407xx.o(RESET) refers to stm32f4xx_it.o(i.TIM3_IRQHandler) for TIM3_IRQHandler
    startup_stm32f407xx.o(RESET) refers to stm32f4xx_it.o(i.TIM4_IRQHandler) for TIM4_IRQHandler
    startup_stm32f407xx.o(RESET) refers to stm32f4xx_it.o(i.USART1_IRQHandler) for USART1_IRQHandler
    startup_stm32f407xx.o(RESET) refers to stm32f4xx_it.o(i.USART2_IRQHandler) for USART2_IRQHandler
    startup_stm32f407xx.o(RESET) refers to stm32f4xx_it.o(i.USART3_IRQHandler) for USART3_IRQHandler
    startup_stm32f407xx.o(RESET) refers to stm32f4xx_it.o(i.DMA1_Stream7_IRQHandler) for DMA1_Stream7_IRQHandler
    startup_stm32f407xx.o(RESET) refers to stm32f4xx_it.o(i.UART4_IRQHandler) for UART4_IRQHandler
    startup_stm32f407xx.o(RESET) refers to stm32f4xx_it.o(i.UART5_IRQHandler) for UART5_IRQHandler
    startup_stm32f407xx.o(RESET) refers to stm32f4xx_it.o(i.DMA2_Stream1_IRQHandler) for DMA2_Stream1_IRQHandler
    startup_stm32f407xx.o(RESET) refers to stm32f4xx_it.o(i.DMA2_Stream2_IRQHandler) for DMA2_Stream2_IRQHandler
    startup_stm32f407xx.o(RESET) refers to stm32f4xx_it.o(i.OTG_FS_IRQHandler) for OTG_FS_IRQHandler
    startup_stm32f407xx.o(RESET) refers to stm32f4xx_it.o(i.DMA2_Stream6_IRQHandler) for DMA2_Stream6_IRQHandler
    startup_stm32f407xx.o(RESET) refers to stm32f4xx_it.o(i.USART6_IRQHandler) for USART6_IRQHandler
    startup_stm32f407xx.o(.text) refers to system_stm32f4xx.o(i.SystemInit) for SystemInit
    startup_stm32f407xx.o(.text) refers to entry.o(.ARM.Collect$$$$00000000) for __main
    system.o(i.KernelPolling) refers to control.o(i.FlightPidControl) for FlightPidControl
    system.o(i.KernelPolling) refers to control.o(i.MotorControl) for MotorControl
    system.o(i.KernelPolling) refers to imu.o(i.GetAngle) for GetAngle
    system.o(i.KernelPolling) refers to ano_of.o(i.AnoOF_State_Task) for AnoOF_State_Task
    system.o(i.KernelPolling) refers to followline.o(i.UpdateCentControl) for UpdateCentControl
    system.o(i.KernelPolling) refers to sdk.o(i.sdk_update) for sdk_update
    system.o(i.KernelPolling) refers to speed_estimator.o(i.WZ_Obs_Calcu) for WZ_Obs_Calcu
    system.o(i.KernelPolling) refers to speed_estimator.o(i.WZ_Fix_Calcu) for WZ_Fix_Calcu
    system.o(i.KernelPolling) refers to height_control.o(i.ALT_Ctrl) for ALT_Ctrl
    system.o(i.KernelPolling) refers to pos_ctrl.o(i.POS_Ctrl) for POS_Ctrl
    system.o(i.KernelPolling) refers to gcs.o(i.PollingGCS) for PollingGCS
    system.o(i.KernelPolling) refers to lcd_status.o(i.lcd_update) for lcd_update
    system.o(i.KernelPolling) refers to stm32f4xx_hal_uart.o(i.HAL_UART_Transmit) for HAL_UART_Transmit
    system.o(i.KernelPolling) refers to status.o(i.update_status) for update_status
    system.o(i.KernelPolling) refers to led.o(i.PollingLED) for PollingLED
    system.o(i.KernelPolling) refers to hardware_uart.o(i.PollingUSART) for PollingUSART
    system.o(i.KernelPolling) refers to beep.o(i.beep_update) for beep_update
[...]
    USART_Init                               0x08006b49   Thumb Code   776  hardware_uart.o(i.USART_Init)
    USBD_CDC_GetDeviceQualifierDescriptor    0x08006f6d   Thumb Code     8  usbd_cdc.o(i.USBD_CDC_GetDeviceQualifierDescriptor)
    USBD_CDC_ReceivePacket                   0x08007031   Thumb Code    40  usbd_cdc.o(i.USBD_CDC_ReceivePacket)
    USBD_CDC_RegisterInterface               0x08007059   Thumb Code    16  usbd_cdc.o(i.USBD_CDC_RegisterInterface)
    USBD_CDC_SetRxBuffer                     0x08007069   Thumb Code    12  usbd_cdc.o(i.USBD_CDC_SetRxBuffer)
    USBD_CDC_SetTxBuffer                     0x08007075   Thumb Code    16  usbd_cdc.o(i.USBD_CDC_SetTxBuffer)
    USBD_ClrClassConfig                      0x08007131   Thumb Code    14  usbd_core.o(i.USBD_ClrClassConfig)
    USBD_CtlContinueRx                       0x0800713f   Thumb Code    16  usbd_ioreq.o(i.USBD_CtlContinueRx)
    USBD_CtlContinueSendData                 0x0800714f   Thumb Code    16  usbd_ioreq.o(i.USBD_CtlContinueSendData)
    USBD_CtlError                            0x0800715f   Thumb Code    22  usbd_ctlreq.o(i.USBD_CtlError)
    USBD_CtlPrepareRx                        0x08007175   Thumb Code    30  usbd_ioreq.o(i.USBD_CtlPrepareRx)
    USBD_CtlReceiveStatus                    0x08007193   Thumb Code    22  usbd_ioreq.o(i.USBD_CtlReceiveStatus)
    USBD_CtlSendData                         0x080071a9   Thumb Code    26  usbd_ioreq.o(i.USBD_CtlSendData)
    USBD_CtlSendStatus                       0x080071c3   Thumb Code    22  usbd_ioreq.o(i.USBD_CtlSendStatus)
    USBD_FS_ConfigStrDescriptor              0x080071d9   Thumb Code    16  usbd_desc.o(i.USBD_FS_ConfigStrDescriptor)
    USBD_FS_DeviceDescriptor                 0x080071f9   Thumb Code     8  usbd_desc.o(i.USBD_FS_DeviceDescriptor)
    USBD_FS_InterfaceStrDescriptor           0x08007205   Thumb Code    16  usbd_desc.o(i.USBD_FS_InterfaceStrDescriptor)
    USBD_FS_LangIDStrDescriptor              0x08007229   Thumb Code     8  usbd_desc.o(i.USBD_FS_LangIDStrDescriptor)
    USBD_FS_ManufacturerStrDescriptor        0x08007235   Thumb Code    16  usbd_desc.o(i.USBD_FS_ManufacturerStrDescriptor)
    USBD_FS_ProductStrDescriptor             0x08007251   Thumb Code    16  usbd_desc.o(i.USBD_FS_ProductStrDescriptor)
    USBD_FS_SerialStrDescriptor              0x0800726d   Thumb Code    48  usbd_desc.o(i.USBD_FS_SerialStrDescriptor)
    USBD_GetString                           0x0800738d   Thumb Code    72  usbd_ctlreq.o(i.USBD_GetString)
    USBD_Get_USB_Status                      0x080073d5   Thumb Code    24  usbd_conf.o(i.USBD_Get_USB_Status)
    USBD_Init                                0x080073ed   Thumb Code    42  usbd_core.o(i.USBD_Init)
    USBD_LL_ClearStallEP                     0x08007417   Thumb Code    18  usbd_conf.o(i.USBD_LL_ClearStallEP)
    USBD_LL_CloseEP                          0x08007429   Thumb Code    18  usbd_conf.o(i.USBD_LL_CloseEP)
    USBD_LL_DataInStage                      0x0800743b   Thumb Code   198  usbd_core.o(i.USBD_LL_DataInStage)
    USBD_LL_DataOutStage                     0x08007501   Thumb Code   130  usbd_core.o(i.USBD_LL_DataOutStage)
    USBD_LL_DevConnected                     0x08007583   Thumb Code     4  usbd_core.o(i.USBD_LL_DevConnected)
    USBD_LL_DevDisconnected                  0x08007587   Thumb Code    22  usbd_core.o(i.USBD_LL_DevDisconnected)
    USBD_LL_GetRxDataSize                    0x0800759d   Thumb Code     8  usbd_conf.o(i.USBD_LL_GetRxDataSize)
    USBD_LL_Init                             0x080075a5   Thumb Code    90  usbd_conf.o(i.USBD_LL_Init)
    USBD_LL_IsStallEP                        0x08007605   Thumb Code    32  usbd_conf.o(i.USBD_LL_IsStallEP)
    USBD_LL_IsoINIncomplete                  0x08007625   Thumb Code     4  usbd_core.o(i.USBD_LL_IsoINIncomplete)
    USBD_LL_IsoOUTIncomplete                 0x08007629   Thumb Code     4  usbd_core.o(i.USBD_LL_IsoOUTIncomplete)
    USBD_LL_OpenEP                           0x0800762d   Thumb Code    24  usbd_conf.o(i.USBD_LL_OpenEP)
    USBD_LL_PrepareReceive                   0x08007645   Thumb Code    18  usbd_conf.o(i.USBD_LL_PrepareReceive)
    USBD_LL_Reset                            0x08007657   Thumb Code    80  usbd_core.o(i.USBD_LL_Reset)
    USBD_LL_Resume                           0x080076a7   Thumb Code    12  usbd_core.o(i.USBD_LL_Resume)
    USBD_LL_SOF                              0x080076b3   Thumb Code    24  usbd_core.o(i.USBD_LL_SOF)
    USBD_LL_SetSpeed                         0x080076cb   Thumb Code     6  usbd_core.o(i.USBD_LL_SetSpeed)
    USBD_LL_SetUSBAddress                    0x080076d1   Thumb Code    18  usbd_conf.o(i.USBD_LL_SetUSBAddress)
    USBD_LL_SetupStage                       0x080076e3   Thumb Code    90  usbd_core.o(i.USBD_LL_SetupStage)
    USBD_LL_StallEP                          0x0800773d   Thumb Code    18  usbd_conf.o(i.USBD_LL_StallEP)
    USBD_LL_Start                            0x0800774f   Thumb Code    18  usbd_conf.o(i.USBD_LL_Start)
    USBD_LL_Suspend                          0x08007761   Thumb Code    18  usbd_core.o(i.USBD_LL_Suspend)
    USBD_LL_Transmit                         0x08007773   Thumb Code    18  usbd_conf.o(i.USBD_LL_Transmit)
    USBD_ParseSetupRequest                   0x08007785   Thumb Code    40  usbd_ctlreq.o(i.USBD_ParseSetupRequest)
    USBD_RegisterClass                       0x080077ad   Thumb Code    16  usbd_core.o(i.USBD_RegisterClass)
    USBD_SetClassConfig                      0x080077bd   Thumb Code    22  usbd_core.o(i.USBD_SetClassConfig)
    USBD_Start                               0x08007859   Thumb Code    10  usbd_core.o(i.USBD_Start)
    USBD_StdDevReq                           0x08007863   Thumb Code   274  usbd_ctlreq.o(i.USBD_StdDevReq)
    USBD_StdEPReq                            0x08007975   Thumb Code   336  usbd_ctlreq.o(i.USBD_StdEPReq)
    USBD_StdItfReq                           0x08007ac5   Thumb Code    78  usbd_ctlreq.o(i.USBD_StdItfReq)
    USB_ActivateEndpoint                     0x08007b15   Thumb Code   122  stm32f4xx_ll_usb.o(i.USB_ActivateEndpoint)
    USB_ActivateSetup                        0x08007b95   Thumb Code    52  stm32f4xx_ll_usb.o(i.USB_ActivateSetup)
    USB_CoreInit                             0x08007bc9   Thumb Code   112  stm32f4xx_ll_usb.o(i.USB_CoreInit)
    USB_DeactivateEndpoint                   0x08007c75   Thumb Code   118  stm32f4xx_ll_usb.o(i.USB_DeactivateEndpoint)
    USB_DevConnect                           0x08007cf5   Thumb Code    24  stm32f4xx_ll_usb.o(i.USB_DevConnect)
    USB_DevDisconnect                        0x08007d0d   Thumb Code    24  stm32f4xx_ll_usb.o(i.USB_DevDisconnect)
    USB_DevInit                              0x08007d25   Thumb Code   378  stm32f4xx_ll_usb.o(i.USB_DevInit)
    USB_DisableGlobalInt                     0x08007eb1   Thumb Code    12  stm32f4xx_ll_usb.o(i.USB_DisableGlobalInt)
    USB_EP0StartXfer                         0x08007ebd   Thumb Code   276  stm32f4xx_ll_usb.o(i.USB_EP0StartXfer)
    USB_EP0_OutStart                         0x08007fd5   Thumb Code    84  stm32f4xx_ll_usb.o(i.USB_EP0_OutStart)
    USB_EPClearStall                         0x0800802d   Thumb Code    88  stm32f4xx_ll_usb.o(i.USB_EPClearStall)
    USB_EPSetStall                           0x08008085   Thumb Code    88  stm32f4xx_ll_usb.o(i.USB_EPSetStall)
    USB_EPStartXfer                          0x080080dd   Thumb Code   482  stm32f4xx_ll_usb.o(i.USB_EPStartXfer)
    USB_EnableGlobalInt                      0x080082c5   Thumb Code    12  stm32f4xx_ll_usb.o(i.USB_EnableGlobalInt)
    USB_FlushRxFifo                          0x080082d1   Thumb Code    28  stm32f4xx_ll_usb.o(i.USB_FlushRxFifo)
    USB_FlushTxFifo                          0x080082f1   Thumb Code    32  stm32f4xx_ll_usb.o(i.USB_FlushTxFifo)
    USB_GetDevSpeed                          0x08008315   Thumb Code    26  stm32f4xx_ll_usb.o(i.USB_GetDevSpeed)
    USB_GetMode                              0x0800832f   Thumb Code     8  stm32f4xx_ll_usb.o(i.USB_GetMode)
    USB_ReadDevAllInEpInterrupt              0x08008337   Thumb Code    14  stm32f4xx_ll_usb.o(i.USB_ReadDevAllInEpInterrupt)
    USB_ReadDevAllOutEpInterrupt             0x08008345   Thumb Code    14  stm32f4xx_ll_usb.o(i.USB_ReadDevAllOutEpInterrupt)
    USB_ReadDevInEPInterrupt                 0x08008353   Thumb Code    36  stm32f4xx_ll_usb.o(i.USB_ReadDevInEPInterrupt)
    USB_ReadDevOutEPInterrupt                0x08008377   Thumb Code    16  stm32f4xx_ll_usb.o(i.USB_ReadDevOutEPInterrupt)
    USB_ReadInterrupts                       0x08008387   Thumb Code     8  stm32f4xx_ll_usb.o(i.USB_ReadInterrupts)
    USB_ReadPacket                           0x0800838f   Thumb Code    28  stm32f4xx_ll_usb.o(i.USB_ReadPacket)
    USB_SetCurrentMode                       0x080083ab   Thumb Code    46  stm32f4xx_ll_usb.o(i.USB_SetCurrentMode)
    USB_SetDevAddress                        0x080083d9   Thumb Code    34  stm32f4xx_ll_usb.o(i.USB_SetDevAddress)
    USB_SetTurnaroundTime                    0x080083fd   Thumb Code   158  stm32f4xx_ll_usb.o(i.USB_SetTurnaroundTime)
    USB_WritePacket                          0x080084e5   Thumb Code    36  stm32f4xx_ll_usb.o(i.USB_WritePacket)
    UpdateAction                             0x08008509   Thumb Code   494  followline.o(i.UpdateAction)
    UpdateButton                             0x08008715   Thumb Code    62  followline.o(i.UpdateButton)
    UpdateCentControl                        0x08008761   Thumb Code    34  followline.o(i.UpdateCentControl)
    UpdateDebugInfo                          0x08008785   Thumb Code    76  followline.o(i.UpdateDebugInfo)
    UpdateMotor                              0x080087d5   Thumb Code    92  motor.o(i.UpdateMotor)
    UpdatePID                                0x08008835   Thumb Code   342  pid.o(i.UpdatePID)
    UpdateStatus                             0x08008999   Thumb Code   178  followline.o(i.UpdateStatus)
    UpdateToGCSAltitude                      0x08008a5d   Thumb Code    74  gcs.o(i.UpdateToGCSAltitude)
    UpdateToGCSAttitude                      0x08008ab1   Thumb Code   166  gcs.o(i.UpdateToGCSAttitude)
    UpdateToGCSHardwareInfo                  0x08008b69   Thumb Code    62  gcs.o(i.UpdateToGCSHardwareInfo)
    UpdateToGCSLine2                         0x08008bb1   Thumb Code    88  gcs.o(i.UpdateToGCSLine2)
    UpdateToGCSMPU6050                       0x08008c09   Thumb Code    58  gcs.o(i.UpdateToGCSMPU6050)
    UpdateUSBQueue                           0x08008c4d   Thumb Code    24  gcs.o(i.UpdateUSBQueue)
    UsageFault_Handler                       0x08008c69   Thumb Code     2  stm32f4xx_it.o(i.UsageFault_Handler)
    WZ_Est_Calcu                             0x08008c6d   Thumb Code    34  speed_estimator.o(i.WZ_Est_Calcu)
    WZ_Fix_Calcu                             0x08008c99   Thumb Code   202  speed_estimator.o(i.WZ_Fix_Calcu)
    WZ_Fus_Reset                             0x08008d95   Thumb Code    24  speed_estimator.o(i.WZ_Fus_Reset)
    WZ_Obs_Calcu                             0x08008db5   Thumb Code   248  speed_estimator.o(i.WZ_Obs_Calcu)
    ZKHD_Link_FMU_To_GCS_Handle              0x08008ed1   Thumb Code    10  zkhd_link.o(i.ZKHD_Link_FMU_To_GCS_Handle)
    ZKHD_Link_MakeFrame                      0x08008ee1   Thumb Code   100  zkhd_link.o(i.ZKHD_Link_MakeFrame)
    __ARM_fpclassify                         0x08008f45   Thumb Code    48  fpclassify.o(i.__ARM_fpclassify)
    __ARM_fpclassifyf                        0x08008f75   Thumb Code    38  fpclassifyf.o(i.__ARM_fpclassifyf)
    __hardfp_asin                            0x08008fc1   Thumb Code   770  asin.o(i.__hardfp_asin)
    __hardfp_atan2f                          0x08009321   Thumb Code   594  atan2f.o(i.__hardfp_atan2f)
    __kernel_poly                            0x080095cd   Thumb Code   248  poly.o(i.__kernel_poly)
    __mathlib_dbl_infnan                     0x080096c5   Thumb Code    20  dunder.o(i.__mathlib_dbl_infnan)
    __mathlib_dbl_invalid                    0x080096d9   Thumb Code    24  dunder.o(i.__mathlib_dbl_invalid)
    __mathlib_dbl_underflow                  0x080096f9   Thumb Code    24  dunder.o(i.__mathlib_dbl_underflow)
    __mathlib_flt_infnan2                    0x08009719   Thumb Code     6  funder.o(i.__mathlib_flt_infnan2)
    __mathlib_flt_underflow                  0x08009721   Thumb Code    10  funder.o(i.__mathlib_flt_underflow)
    __scatterload_copy                       0x08009731   Thumb Code    14  handlers.o(i.__scatterload_copy)
    __scatterload_null                       0x0800973f   Thumb Code     2  handlers.o(i.__scatterload_null)
    __scatterload_zeroinit                   0x08009741   Thumb Code    14  handlers.o(i.__scatterload_zeroinit)
    __set_errno                              0x08009751   Thumb Code     6  errno.o(i.__set_errno)
    absolute                                 0x0800975d   Thumb Code    26  followline.o(i.absolute)
    beep_update                              0x08009779   Thumb Code    10  beep.o(i.beep_update)
    deQueue                                  0x08009789   Thumb Code    68  my_queue.o(i.deQueue)
    delay                                    0x080097cd   Thumb Code    10  hardware_i2c.o(i.delay)
    enQueue                                  0x080097dd   Thumb Code    70  my_queue.o(i.enQueue)
    fabs                                     0x08009823   Thumb Code    24  fabs.o(i.fabs)
    flush_lcd                                0x0800983d   Thumb Code    44  lcd_status.o(i.flush_lcd)
    free                                     0x08009871   Thumb Code    76  malloc.o(i.free)
    gcs_init                                 0x080098c1   Thumb Code    32  gcs.o(i.gcs_init)
    lcd_exchange_page                        0x080098fd   Thumb Code    26  lcd_status.o(i.lcd_exchange_page)
    lcd_message                              0x0800991d   Thumb Code   118  lcd_status.o(i.lcd_message)
    lcd_status_init                          0x08009999   Thumb Code    86  lcd_status.o(i.lcd_status_init)
    lcd_update                               0x080099f5   Thumb Code   344  lcd_status.o(i.lcd_update)
    main                                     0x08009c69   Thumb Code   110  main.o(i.main)
    malloc                                   0x08009cdd   Thumb Code    92  malloc.o(i.malloc)
    mypow                                    0x08009d49   Thumb Code    16  lcd.o(i.mypow)
    power_init                               0x08009d59   Thumb Code    34  power.o(i.power_init)
    power_update                             0x08009d85   Thumb Code   114  power.o(i.power_update)
    reset_i                                  0x08009e05   Thumb Code    10  pid.o(i.reset_i)
    sdk_init                                 0x08009e15   Thumb Code   158  sdk.o(i.sdk_init)
    sdk_land                                 0x08009ed1   Thumb Code     8  sdk.o(i.sdk_land)
    sdk_lock                                 0x08009edd   Thumb Code    12  sdk.o(i.sdk_lock)
    sdk_pos_set                              0x08009eed   Thumb Code   212  sdk.o(i.sdk_pos_set)
    sdk_reset_Location                       0x08009fdd   Thumb Code    16  sdk.o(i.sdk_reset_Location)
    sdk_takeoff                              0x08009ff5   Thumb Code    16  sdk.o(i.sdk_takeoff)
    sdk_unlock                               0x0800a009   Thumb Code    12  sdk.o(i.sdk_unlock)
    sdk_update                               0x0800a019   Thumb Code   270  sdk.o(i.sdk_update)
    sdk_update_position                      0x0800a161   Thumb Code    40  sdk.o(i.sdk_update_position)
    sdk_update_s_2                           0x0800a191   Thumb Code   122  sdk.o(i.sdk_update_s_2)
    sdk_velocity_reset                       0x0800a211   Thumb Code    16  sdk.o(i.sdk_velocity_reset)
    sdk_velocity_set                         0x0800a229   Thumb Code    76  sdk.o(i.sdk_velocity_set)
    sdk_yaw_reset                            0x0800a289   Thumb Code    12  sdk.o(i.sdk_yaw_reset)
    sqrt                                     0x0800a29d   Thumb Code   110  sqrt.o(i.sqrt)
    update2gcs_mode                          0x0800a30d   Thumb Code    46  gcs.o(i.update2gcs_mode)
    update2gcsdevecelist                     0x0800a341   Thumb Code   136  gcs.o(i.update2gcsdevecelist)
    update2gcsotherinfogroup1                0x0800a3d5   Thumb Code   116  gcs.o(i.update2gcsotherinfogroup1)
    update_status                            0x0800a451   Thumb Code    32  status.o(i.update_status)
    usart_rx_idle_handle                     0x0800a47d   Thumb Code    94  hardware_uart.o(i.usart_rx_idle_handle)
    uwb_init                                 0x0800a4e5   Thumb Code    22  uwb.o(i.uwb_init)
    AHBPrescTable                            0x0800a508   Data          16  system_stm32f4xx.o(.constdata)
    APBPrescTable                            0x0800a518   Data           8  system_stm32f4xx.o(.constdata)
    ascii_1206                               0x0800a520   Data        1140  lcd.o(.constdata)
    ascii_1608                               0x0800a994   Data        1520  lcd.o(.constdata)
    ascii_2412                               0x0800af84   Data        4560  lcd.o(.constdata)
    ascii_3216                               0x0800c154   Data        6080  lcd.o(.constdata)
    tfont12                                  0x0800d914   Data         130  lcd.o(.constdata)
    tfont16                                  0x0800d996   Data         170  lcd.o(.constdata)
    tfont24                                  0x0800da40   Data         370  lcd.o(.constdata)
    tfont32                                  0x0800dbb2   Data         650  lcd.o(.constdata)
    RtA                                      0x0800de3c   Data           4  mymath.o(.constdata)
    Gyro_G                                   0x0800de40   Data           4  mymath.o(.constdata)
    Gyro_Gr                                  0x0800de44   Data           4  mymath.o(.constdata)
    Region$$Table$$Base                      0x0800de98   Number         0  anon$$obj.o(Region$$Table)
    Region$$Table$$Limit                     0x0800deb8   Number         0  anon$$obj.o(Region$$Table)
    KernelRunning                            0x20000000   Data           1  system.o(.data)
    t                                        0x20000008   Data           4  system.o(.data)
    temp2                                    0x2000000c   Data           1  stm32f4xx_it.o(.data)
    msTicks                                  0x20000010   Data           4  stm32f4xx_it.o(.data)
    FS_Desc                                  0x20000014   Data          28  usbd_desc.o(.data)
    USBD_LangIDDesc                          0x20000030   Data           4  usbd_desc.o(.data)
    USBD_FS_DeviceDesc                       0x20000034   Data          18  usbd_desc.o(.data)
    USBD_StringSerial                        0x20000048   Data          26  usbd_desc.o(.data)
    USBD_Interface_fops_FS                   0x20000064   Data          16  usbd_cdc_if.o(.data)
    uwTickFreq                               0x20000074   Data           1  stm32f4xx_hal.o(.data)
    uwTickPrio                               0x20000078   Data           4  stm32f4xx_hal.o(.data)
    uwTick                                   0x2000007c   Data           4  stm32f4xx_hal.o(.data)
    SystemCoreClock                          0x20000080   Data           4  system_stm32f4xx.o(.data)
    USBD_CDC_CfgHSDesc                       0x20000094   Data          67  usbd_cdc.o(.data)
    USBD_CDC_CfgFSDesc                       0x200000d8   Data          67  usbd_cdc.o(.data)
    USBD_CDC_OtherSpeedCfgDesc               0x2000011c   Data          67  usbd_cdc.o(.data)
    USBD_CDC                                 0x20000160   Data          56  usbd_cdc.o(.data)
    BeepManager                              0x20000198   Data           6  beep.o(.data)
    g_LedManager                             0x2000019e   Data           8  led.o(.data)
    pMpu                                     0x200001ac   Data           4  mpu6050.o(.data)
    NormAccz                                 0x200001b8   Data           4  imu.o(.data)
    ano_of_alt_count                         0x200001ec   Data           4  ano_of.o(.data)
    ano_of_count                             0x200001f0   Data           4  ano_of.o(.data)
    PID_select                               0x200001f5   Data           1  gcs.o(.data)
    base                                     0x200001f8   Data           4  gcs.o(.data)
    PID_Config_Info                          0x20000200   Data           4  gcs.o(.data)
    FbAlt                                    0x20000204   Data           2  gcs.o(.data)
    ExpAlt                                   0x20000206   Data           2  gcs.o(.data)
    is_uart_init_compleate                   0x20000208   Data           1  hardware_uart.o(.data)
    Ack_Count                                0x2000020c   Data           1  hardware_i2c.o(.data)
    cnt                                      0x20000210   Data           4  hardware_i2c.o(.data)
    Select_Baro                              0x20000215   Data           1  speed_estimator.o(.data)
    Estimator_Enable                         0x20000216   Data           1  speed_estimator.o(.data)
    wz_fus_sta                               0x20000217   Data           1  speed_estimator.o(.data)
    obs_wz_hasl                              0x2000022c   Data           4  speed_estimator.o(.data)
    obs_wz_hasl_gnd                          0x20000230   Data           4  speed_estimator.o(.data)
    obs_wz_velocity_ref                      0x20000234   Data           4  speed_estimator.o(.data)
    obs_wz_height_ref                        0x20000238   Data           4  speed_estimator.o(.data)
    est_wz_velocity                          0x2000023c   Data           4  speed_estimator.o(.data)
    est_wz_height                            0x20000240   Data           4  speed_estimator.o(.data)
    fix_wz_velocity                          0x20000244   Data           4  speed_estimator.o(.data)
    fix_wz_height                            0x20000248   Data           4  speed_estimator.o(.data)
    fix_wz_acceleration                      0x2000024c   Data           4  speed_estimator.o(.data)
    obs_wz_velocity                          0x20000250   Data           8  speed_estimator.o(.data)
    obs_wz_height                            0x20000258   Data           8  speed_estimator.o(.data)
    InitComplete                             0x20000268   Data           1  init.o(.data)
    FollowLine_ActionList_str                0x2000026b   Data         600  lcd_status.o(.data)
    power_update_enable                      0x200004c4   Data           1  power.o(.data)
    pwoer_status                             0x200004c5   Data           1  power.o(.data)
    g_FMUflg                                 0x200004ce   Data           1  control.o(.data)
    PIDGroup_desired_yaw_pos_tmp             0x200004d0   Data           4  control.o(.data)
    motor                                    0x200004d4   Data           8  control.o(.data)
    fc_state_take_off                        0x200004dc   Data           1  height_control.o(.data)
    exp_velocity                             0x20000514   Data           8  pos_ctrl.o(.data)
    fb_velocity                              0x2000051c   Data           8  pos_ctrl.o(.data)
    fb_velocity_old                          0x20000524   Data           8  pos_ctrl.o(.data)
    fb_velocity_d                            0x2000052c   Data           8  pos_ctrl.o(.data)
    fb_velocity_fixed                        0x20000534   Data           8  pos_ctrl.o(.data)
    pos_velocity_err                         0x2000053c   Data           8  pos_ctrl.o(.data)
    pos_velocity_err_i                       0x20000544   Data           8  pos_ctrl.o(.data)
    pos_out                                  0x2000054c   Data           8  pos_ctrl.o(.data)
    pos_out_trans                            0x20000554   Data           8  pos_ctrl.o(.data)
    OnlineCnt                                0x20000560   Data           4  remote.o(.data)
    vel                                      0x20000570   Data           8  sdk.o(.data)
    vel_last                                 0x20000578   Data           8  sdk.o(.data)
    FollowLine                               0x20000580   Data           1  followline.o(.data)
    FollowApriTag                            0x20000581   Data           1  followline.o(.data)
    start_position                           0x200005ac   Data           8  followline.o(.data)
    fire_position                            0x200005b4   Data           8  followline.o(.data)
    patrol_goal                              0x200005cc   Data         240  followline.o(.data)
    __microlib_freelist                      0x200006bc   Data           4  mvars.o(.data)
    __microlib_freelist_initialised          0x200006c0   Data           4  mvars.o(.data)
    UART4_SEND_BUFF                          0x200006c8   Data          15  system.o(.bss)
    hi2c3                                    0x200006d8   Data          84  i2c.o(.bss)
    htim1                                    0x2000072c   Data          64  tim.o(.bss)
    htim2                                    0x2000076c   Data          64  tim.o(.bss)
    htim3                                    0x200007ac   Data          64  tim.o(.bss)
    htim4                                    0x200007ec   Data          64  tim.o(.bss)
    huart4                                   0x2000082c   Data          64  usart.o(.bss)
    huart5                                   0x2000086c   Data          64  usart.o(.bss)
    huart1                                   0x200008ac   Data          64  usart.o(.bss)
    huart2                                   0x200008ec   Data          64  usart.o(.bss)
    huart3                                   0x2000092c   Data          64  usart.o(.bss)
    huart6                                   0x2000096c   Data          64  usart.o(.bss)
    hdma_uart4_tx                            0x200009ac   Data          96  usart.o(.bss)
    hdma_uart4_rx                            0x20000a0c   Data          96  usart.o(.bss)
    hdma_uart5_tx                            0x20000a6c   Data          96  usart.o(.bss)
    hdma_uart5_rx                            0x20000acc   Data          96  usart.o(.bss)
    hdma_usart1_rx                           0x20000b2c   Data          96  usart.o(.bss)
    hdma_usart2_tx                           0x20000b8c   Data          96  usart.o(.bss)
    hdma_usart2_rx                           0x20000bec   Data          96  usart.o(.bss)
    hdma_usart3_rx                           0x20000c4c   Data          96  usart.o(.bss)
    hdma_usart3_tx                           0x20000cac   Data          96  usart.o(.bss)
    hdma_usart6_rx                           0x20000d0c   Data          96  usart.o(.bss)
    hdma_usart6_tx                           0x20000d6c   Data          96  usart.o(.bss)
    hUsbDeviceFS                             0x20000dcc   Data         668  usb_device.o(.bss)
    hpcd_USB_OTG_FS                          0x20001068   Data        1032  usbd_conf.o(.bss)
    USBD_StrDesc                             0x20001470   Data         512  usbd_desc.o(.bss)
    UserRxBufferFS                           0x20001670   Data        2048  usbd_cdc_if.o(.bss)
    UserTxBufferFS                           0x20001e70   Data        2048  usbd_cdc_if.o(.bss)
    g_MPUManager                             0x200026a0   Data          26  mpu6050.o(.bss)
    buffer                                   0x200026ba   Data          14  mpu6050.o(.bss)
    g_Attitude                               0x200026c8   Data          12  imu.o(.bss)
    ANO_OF                                   0x200026d4   Data          72  ano_of.o(.bss)
    g_UAVinfo                                0x20002750   Data          36  gcs.o(.bss)
    SBusRxBuff                               0x20002774   Data         150  hardware_uart.o(.bss)
    TF_Luna                                  0x2000280a   Data           9  hardware_uart.o(.bss)
    UsartGroup                               0x20002814   Data        5184  hardware_uart.o(.bss)
    fix_rat                                  0x20003c54   Data          12  speed_estimator.o(.bss)
    USB_Send_Queue                           0x20003c60   Data         332  init.o(.bss)
    lcd_manager                              0x20003dac   Data         444  lcd_status.o(.bss)
    temp_                                    0x20003f68   Data          21  lcd_status.o(.bss)
    UWB_Manager                              0x20003f7d   Data          19  uwb.o(.bss)
    PIDGroup                                 0x20003f90   Data         884  pid.o(.bss)
    fb_gyro_lpf                              0x20004304   Data          12  control.o(.bss)
    HeightInfo                               0x20004310   Data          20  height_control.o(.bss)
    SBusRemote                               0x20004334   Data          32  remote.o(.bss)
    RC_rxData                                0x20004354   Data          32  remote.o(.bss)
    Remote                                   0x20004374   Data          24  remote.o(.bss)
    PreRemote                                0x2000438c   Data          26  remote.o(.bss)
    sdk_pid                                  0x200043a8   Data         204  sdk.o(.bss)
    sdk_manager                              0x20004474   Data          44  sdk.o(.bss)
    s2_height                                0x200044a0   Data          88  sdk.o(.bss)
    FollowManager                            0x200044f8   Data          52  followline.o(.bss)
    StandardControl                          0x20004538   Data          36  program_ctrl.o(.bss)
    program_ctrl                             0x2000455c   Data          88  program_ctrl.o(.bss)
    __heap_base                              0x200045b8   Data           0  startup_stm32f407xx.o(HEAP)
    __heap_limit                             0x200047b8   Data           0  startup_stm32f407xx.o(HEAP)
    __initial_sp                             0x200049b8   Data           0  startup_stm32f407xx.o(STACK)



==============================================================================

Memory Map of the image

  Image Entry point : 0x08000189

  Load Region LR_IROM1 (Base: 0x08000000, Size: 0x0000e580, Max: 0x00080000, ABSOLUTE, COMPRESSED[0x0000e098])

    Execution Region ER_IROM1 (Exec base: 0x08000000, Load base: 0x08000000, Size: 0x0000deb8, Max: 0x00080000, ABSOLUTE)

    Exec Addr    Load Addr    Size         Type   Attr      Idx    E Section Name        Object

    0x08000000   0x08000000   0x00000188   Data   RO            3    RESET               startup_stm32f407xx.o
    0x08000188   0x08000188   0x00000000   Code   RO         7110  * .ARM.Collect$$$$00000000  mc_w.l(entry.o)
    0x08000188   0x08000188   0x00000004   Code   RO         7224    .ARM.Collect$$$$00000001  mc_w.l(entry2.o)
    0x0800018c   0x0800018c   0x00000004   Code   RO         7227    .ARM.Collect$$$$00000004  mc_w.l(entry5.o)
    0x08000190   0x08000190   0x00000000   Code   RO         7229    .ARM.Collect$$$$00000008  mc_w.l(entry7b.o)
    0x08000190   0x08000190   0x00000000   Code   RO         7231    .ARM.Collect$$$$0000000A  mc_w.l(entry8b.o)
    0x08000190   0x08000190   0x00000008   Code   RO         7232    .ARM.Collect$$$$0000000B  mc_w.l(entry9a.o)
    0x08000198   0x08000198   0x00000004   Code   RO         7239    .ARM.Collect$$$$0000000E  mc_w.l(entry12b.o)
    0x0800019c   0x0800019c   0x00000000   Code   RO         7234    .ARM.Collect$$$$0000000F  mc_w.l(entry10a.o)
    0x0800019c   0x0800019c   0x00000000   Code   RO         7236    .ARM.Collect$$$$00000011  mc_w.l(entry11a.o)
    0x0800019c   0x0800019c   0x00000004   Code   RO         7225    .ARM.Collect$$$$00002712  mc_w.l(entry2.o)
    0x080001a0   0x080001a0   0x00000024   Code   RO            4    .text               startup_stm32f407xx.o
    0x080001c4   0x080001c4   0x00000062   Code   RO         7113    .text               mc_w.l(uldiv.o)
    0x08000226   0x08000226   0x00000040   Code   RO         7117    .text               mc_w.l(memmovea.o)
    0x08000266   0x08000266   0x00000024   Code   RO         7119    .text               mc_w.l(memseta.o)
    0x0800028a   0x0800028a   0x0000014e   Code   RO         7157    .text               mf_w.l(dadd.o)
    0x080003d8   0x080003d8   0x000000e4   Code   RO         7159    .text               mf_w.l(dmul.o)
    0x080004bc   0x080004bc   0x0000001a   Code   RO         7161    .text               mf_w.l(dfltui.o)
    0x080004d6   0x080004d6   0x00000032   Code   RO         7163    .text               mf_w.l(dfixui.o)
    0x08000508   0x08000508   0x00000026   Code   RO         7165    .text               mf_w.l(f2d.o)
    0x0800052e   0x0800052e   0x00000038   Code   RO         7167    .text               mf_w.l(d2f.o)
    0x08000566   0x08000566   0x0000001e   Code   RO         7240    .text               mc_w.l(llshl.o)
    0x08000584   0x08000584   0x00000020   Code   RO         7242    .text               mc_w.l(llushr.o)
    0x080005a4   0x080005a4   0x00000024   Code   RO         7244    .text               mc_w.l(llsshr.o)
    0x080005c8   0x080005c8   0x00000000   Code   RO         7255    .text               mc_w.l(iusefp.o)
    0x080005c8   0x080005c8   0x0000006e   Code   RO         7256    .text               mf_w.l(fepilogue.o)
    0x08000636   0x08000636   0x000000ba   Code   RO         7258    .text               mf_w.l(depilogue.o)
    0x080006f0   0x080006f0   0x000000de   Code   RO         7260    .text               mf_w.l(ddiv.o)
    0x080007ce   0x080007ce   0x00000002   PAD
    0x080007d0   0x080007d0   0x00000024   Code   RO         7264    .text               mc_w.l(init.o)
    0x080007f4   0x080007f4   0x000000a2   Code   RO         7266    .text               mf_w.l(dsqrt.o)
    0x08000896   0x08000896   0x00000056   Code   RO         7278    .text               mc_w.l(__dczerorl2.o)
    0x080008ec   0x080008ec   0x000002ac   Code   RO         6561    i.ALT_Ctrl          height_control.o
    0x08000b98   0x08000b98   0x00000344   Code   RO         5240    i.ATT_Update        imu.o
    0x08000edc   0x08000edc   0x0000002c   Code   RO         6881    i.ActionHoldPoint   followline.o
    0x08000f08   0x08000f08   0x0000021c   Code   RO         6631    i.AnalyRC           remote.o
    0x08001124   0x08001124   0x00000060   Code   RO         5301    i.AnoOF_Check       ano_of.o
    0x08001184   0x08001184   0x000000bc   Code   RO         5302    i.AnoOF_DataAnl     ano_of.o
    0x08001240   0x08001240   0x000000a4   Code   RO         5303    i.AnoOF_GetOneByte  ano_of.o
    0x080012e4   0x080012e4   0x00000020   Code   RO         5304    i.AnoOF_State_Get   ano_of.o
    0x08001304   0x08001304   0x0000000a   Code   RO         5305    i.AnoOF_State_Task  ano_of.o
    0x0800130e   0x0800130e   0x00000002   Code   RO          529    i.BusFault_Handler  stm32f4xx_it.o
    0x08001310   0x08001310   0x00000004   Code   RO         1227    i.CDC_Control_FS    usbd_cdc_if.o
    0x08001314   0x08001314   0x00000004   Code   RO         1228    i.CDC_DeInit_FS     usbd_cdc_if.o
    0x08001318   0x08001318   0x00000024   Code   RO         1229    i.CDC_Init_FS       usbd_cdc_if.o
    0x0800133c   0x0800133c   0x00000018   Code   RO         1230    i.CDC_Receive_FS    usbd_cdc_if.o
    0x08001354   0x08001354   0x00000026   Code   RO         6436    i.ClacCascadePID    pid.o
    0x0800137a   0x0800137a   0x00000002   PAD
    0x0800137c   0x0800137c   0x0000000c   Code   RO          530    i.DMA1_Stream0_IRQHandler  stm32f4xx_it.o
    0x08001388   0x08001388   0x0000000c   Code   RO          531    i.DMA1_Stream1_IRQHandler  stm32f4xx_it.o
    0x08001394   0x08001394   0x0000000c   Code   RO          532    i.DMA1_Stream2_IRQHandler  stm32f4xx_it.o
    0x080013a0   0x080013a0   0x0000001c   Code   RO          533    i.DMA1_Stream3_IRQHandler  stm32f4xx_it.o
    0x080013bc   0x080013bc   0x0000001c   Code   RO          534    i.DMA1_Stream4_IRQHandler  stm32f4xx_it.o
    0x080013d8   0x080013d8   0x0000000c   Code   RO          535    i.DMA1_Stream5_IRQHandler  stm32f4xx_it.o
    0x080013e4   0x080013e4   0x0000001c   Code   RO          536    i.DMA1_Stream6_IRQHandler  stm32f4xx_it.o
    0x08001400   0x08001400   0x0000001c   Code   RO          537    i.DMA1_Stream7_IRQHandler  stm32f4xx_it.o
    0x0800141c   0x0800141c   0x0000000c   Code   RO          538    i.DMA2_Stream1_IRQHandler  stm32f4xx_it.o
    0x08001428   0x08001428   0x0000000c   Code   RO          539    i.DMA2_Stream2_IRQHandler  stm32f4xx_it.o
    0x08001434   0x08001434   0x0000001c   Code   RO          540    i.DMA2_Stream6_IRQHandler  stm32f4xx_it.o
    0x08001450   0x08001450   0x00000028   Code   RO         4018    i.DMA_CalcBaseAndBitshift  stm32f4xx_hal_dma.o
    0x08001478   0x08001478   0x00000054   Code   RO         4019    i.DMA_CheckFifoParam  stm32f4xx_hal_dma.o
    0x080014cc   0x080014cc   0x00000028   Code   RO         4020    i.DMA_SetConfig     stm32f4xx_hal_dma.o
    0x080014f4   0x080014f4   0x00000002   Code   RO          541    i.DebugMon_Handler  stm32f4xx_it.o
    0x080014f6   0x080014f6   0x00000002   Code   RO          271    i.Error_Handler     main.o
    0x080014f8   0x080014f8   0x0000019c   Code   RO         6516    i.FlightPidControl  control.o
    0x08001694   0x08001694   0x000001a4   Code   RO         6882    i.Follow_Init       followline.o
    0x08001838   0x08001838   0x000000a4   Code   RO         5241    i.GetAngle          imu.o
    0x080018dc   0x080018dc   0x000000a0   Code   RO         5167    i.GetMPU6050Data    mpu6050.o
    0x0800197c   0x0800197c   0x00000160   Code   RO         5168    i.GetMPU6050Offset  mpu6050.o
    0x08001adc   0x08001adc   0x0000008e   Code   RO         4021    i.HAL_DMA_Abort     stm32f4xx_hal_dma.o
    0x08001b6a   0x08001b6a   0x00000024   Code   RO         4022    i.HAL_DMA_Abort_IT  stm32f4xx_hal_dma.o
    0x08001b8e   0x08001b8e   0x00000002   PAD
    0x08001b90   0x08001b90   0x000001a0   Code   RO         4026    i.HAL_DMA_IRQHandler  stm32f4xx_hal_dma.o
    0x08001d30   0x08001d30   0x000000d4   Code   RO         4027    i.HAL_DMA_Init      stm32f4xx_hal_dma.o
    0x08001e04   0x08001e04   0x00000078   Code   RO         4031    i.HAL_DMA_Start_IT  stm32f4xx_hal_dma.o
    0x08001e7c   0x08001e7c   0x00000024   Code   RO         4440    i.HAL_Delay         stm32f4xx_hal.o
    0x08001ea0   0x08001ea0   0x000001b0   Code   RO         3914    i.HAL_GPIO_Init     stm32f4xx_hal_gpio.o
    0x08002050   0x08002050   0x0000000a   Code   RO         3916    i.HAL_GPIO_ReadPin  stm32f4xx_hal_gpio.o
    0x0800205a   0x0800205a   0x0000000e   Code   RO         3917    i.HAL_GPIO_TogglePin  stm32f4xx_hal_gpio.o
    0x08002068   0x08002068   0x0000000a   Code   RO         3918    i.HAL_GPIO_WritePin  stm32f4xx_hal_gpio.o
    0x08002072   0x08002072   0x00000002   PAD
    0x08002074   0x08002074   0x0000000c   Code   RO         4446    i.HAL_GetTick       stm32f4xx_hal.o
    0x08002080   0x08002080   0x00000174   Code   RO         1876    i.HAL_I2C_Init      stm32f4xx_hal_i2c.o
    0x080021f4   0x080021f4   0x00000088   Code   RO          488    i.HAL_I2C_MspInit   i2c.o
    0x0800227c   0x0800227c   0x00000010   Code   RO         4452    i.HAL_IncTick       stm32f4xx_hal.o
    0x0800228c   0x0800228c   0x00000034   Code   RO         4453    i.HAL_Init          stm32f4xx_hal.o
    0x080022c0   0x080022c0   0x00000040   Code   RO         4454    i.HAL_InitTick      stm32f4xx_hal.o
    0x08002300   0x08002300   0x00000030   Code   RO         1279    i.HAL_MspInit       stm32f4xx_hal_msp.o
    0x08002330   0x08002330   0x0000001a   Code   RO         4303    i.HAL_NVIC_EnableIRQ  stm32f4xx_hal_cortex.o
    0x0800234a   0x0800234a   0x00000002   PAD
    0x0800234c   0x0800234c   0x00000040   Code   RO         4309    i.HAL_NVIC_SetPriority  stm32f4xx_hal_cortex.o
    0x0800238c   0x0800238c   0x00000024   Code   RO         4310    i.HAL_NVIC_SetPriorityGrouping  stm32f4xx_hal_cortex.o
    0x080023b0   0x080023b0   0x00000002   Code   RO         1524    i.HAL_PCDEx_LPM_Callback  stm32f4xx_hal_pcd_ex.o
    0x080023b2   0x080023b2   0x00000008   Code   RO         1525    i.HAL_PCDEx_SetRxFiFo  stm32f4xx_hal_pcd_ex.o
    0x080023ba   0x080023ba   0x00000044   Code   RO         1526    i.HAL_PCDEx_SetTxFiFo  stm32f4xx_hal_pcd_ex.o
    0x080023fe   0x080023fe   0x00000008   Code   RO          946    i.HAL_PCD_ConnectCallback  usbd_conf.o
    0x08002406   0x08002406   0x00000012   Code   RO          947    i.HAL_PCD_DataInStageCallback  usbd_conf.o
    0x08002418   0x08002418   0x00000014   Code   RO          948    i.HAL_PCD_DataOutStageCallback  usbd_conf.o
    0x0800242c   0x0800242c   0x00000008   Code   RO          949    i.HAL_PCD_DisconnectCallback  usbd_conf.o
    0x08002434   0x08002434   0x0000004c   Code   RO         1312    i.HAL_PCD_EP_Close  stm32f4xx_hal_pcd.o
    0x08002480   0x08002480   0x0000005c   Code   RO         1313    i.HAL_PCD_EP_ClrStall  stm32f4xx_hal_pcd.o
    0x080024dc   0x080024dc   0x00000012   Code   RO         1315    i.HAL_PCD_EP_GetRxCount  stm32f4xx_hal_pcd.o
    0x080024ee   0x080024ee   0x00000060   Code   RO         1316    i.HAL_PCD_EP_Open   stm32f4xx_hal_pcd.o
    0x0800254e   0x0800254e   0x00000048   Code   RO         1317    i.HAL_PCD_EP_Receive  stm32f4xx_hal_pcd.o
    0x08002596   0x08002596   0x00000074   Code   RO         1318    i.HAL_PCD_EP_SetStall  stm32f4xx_hal_pcd.o
    0x0800260a   0x0800260a   0x00000040   Code   RO         1319    i.HAL_PCD_EP_Transmit  stm32f4xx_hal_pcd.o
    0x0800264a   0x0800264a   0x00000002   PAD
    0x0800264c   0x0800264c   0x00000464   Code   RO         1321    i.HAL_PCD_IRQHandler  stm32f4xx_hal_pcd.o
    0x08002ab0   0x08002ab0   0x00000008   Code   RO          950    i.HAL_PCD_ISOINIncompleteCallback  usbd_conf.o
    0x08002ab8   0x08002ab8   0x00000008   Code   RO          951    i.HAL_PCD_ISOOUTIncompleteCallback  usbd_conf.o
    0x08002ac0   0x08002ac0   0x000000e2   Code   RO         1324    i.HAL_PCD_Init      stm32f4xx_hal_pcd.o
    0x08002ba2   0x08002ba2   0x00000002   PAD
    0x08002ba4   0x08002ba4   0x00000084   Code   RO          953    i.HAL_PCD_MspInit   usbd_conf.o
    0x08002c28   0x08002c28   0x0000002c   Code   RO          954    i.HAL_PCD_ResetCallback  usbd_conf.o
    0x08002c54   0x08002c54   0x00000008   Code   RO          955    i.HAL_PCD_ResumeCallback  usbd_conf.o
    0x08002c5c   0x08002c5c   0x00000008   Code   RO          956    i.HAL_PCD_SOFCallback  usbd_conf.o
    0x08002c64   0x08002c64   0x00000028   Code   RO         1330    i.HAL_PCD_SetAddress  stm32f4xx_hal_pcd.o
    0x08002c8c   0x08002c8c   0x0000000e   Code   RO          957    i.HAL_PCD_SetupStageCallback  usbd_conf.o
    0x08002c9a   0x08002c9a   0x00000042   Code   RO         1332    i.HAL_PCD_Start     stm32f4xx_hal_pcd.o
    0x08002cdc   0x08002cdc   0x00000030   Code   RO          958    i.HAL_PCD_SuspendCallback  usbd_conf.o
    0x08002d0c   0x08002d0c   0x00000130   Code   RO         3560    i.HAL_RCC_ClockConfig  stm32f4xx_hal_rcc.o
    0x08002e3c   0x08002e3c   0x0000000c   Code   RO         3565    i.HAL_RCC_GetHCLKFreq  stm32f4xx_hal_rcc.o
    0x08002e48   0x08002e48   0x00000020   Code   RO         3567    i.HAL_RCC_GetPCLK1Freq  stm32f4xx_hal_rcc.o
    0x08002e68   0x08002e68   0x00000020   Code   RO         3568    i.HAL_RCC_GetPCLK2Freq  stm32f4xx_hal_rcc.o
    0x08002e88   0x08002e88   0x00000064   Code   RO         3569    i.HAL_RCC_GetSysClockFreq  stm32f4xx_hal_rcc.o
    0x08002eec   0x08002eec   0x0000031c   Code   RO         3572    i.HAL_RCC_OscConfig  stm32f4xx_hal_rcc.o
    0x08003208   0x08003208   0x00000028   Code   RO         4314    i.HAL_SYSTICK_Config  stm32f4xx_hal_cortex.o
    0x08003230   0x08003230   0x00000002   Code   RO         2982    i.HAL_TIMEx_BreakCallback  stm32f4xx_hal_tim_ex.o
    0x08003232   0x08003232   0x00000002   Code   RO         2983    i.HAL_TIMEx_CommutCallback  stm32f4xx_hal_tim_ex.o
    0x08003234   0x08003234   0x00000054   Code   RO         2985    i.HAL_TIMEx_ConfigBreakDeadTime  stm32f4xx_hal_tim_ex.o
    0x08003288   0x08003288   0x00000042   Code   RO         3000    i.HAL_TIMEx_MasterConfigSynchronization  stm32f4xx_hal_tim_ex.o
    0x080032ca   0x080032ca   0x00000036   Code   RO         2307    i.HAL_TIM_Base_Init  stm32f4xx_hal_tim.o
    0x08003300   0x08003300   0x00000064   Code   RO          740    i.HAL_TIM_Base_MspInit  tim.o
    0x08003364   0x08003364   0x00000024   Code   RO         2310    i.HAL_TIM_Base_Start  stm32f4xx_hal_tim.o
    0x08003388   0x08003388   0x00000022   Code   RO         2312    i.HAL_TIM_Base_Start_IT  stm32f4xx_hal_tim.o
    0x080033aa   0x080033aa   0x000000d6   Code   RO         2316    i.HAL_TIM_ConfigClockSource  stm32f4xx_hal_tim.o
    0x08003480   0x08003480   0x00000002   Code   RO         2336    i.HAL_TIM_IC_CaptureCallback  stm32f4xx_hal_tim.o
    0x08003482   0x08003482   0x00000166   Code   RO         2350    i.HAL_TIM_IRQHandler  stm32f4xx_hal_tim.o
    0x080035e8   0x080035e8   0x000000a4   Code   RO          741    i.HAL_TIM_MspPostInit  tim.o
    0x0800368c   0x0800368c   0x00000002   Code   RO         2353    i.HAL_TIM_OC_DelayElapsedCallback  stm32f4xx_hal_tim.o
    0x0800368e   0x0800368e   0x000000d0   Code   RO         2374    i.HAL_TIM_PWM_ConfigChannel  stm32f4xx_hal_tim.o
    0x0800375e   0x0800375e   0x00000036   Code   RO         2377    i.HAL_TIM_PWM_Init  stm32f4xx_hal_tim.o
    0x08003794   0x08003794   0x00000034   Code   RO          743    i.HAL_TIM_PWM_MspInit  tim.o
    0x080037c8   0x080037c8   0x00000002   Code   RO         2380    i.HAL_TIM_PWM_PulseFinishedCallback  stm32f4xx_hal_tim.o
    0x080037ca   0x080037ca   0x00000002   PAD
    0x080037cc   0x080037cc   0x00000044   Code   RO         2382    i.HAL_TIM_PWM_Start  stm32f4xx_hal_tim.o
    0x08003810   0x08003810   0x00000002   Code   RO         2388    i.HAL_TIM_PeriodElapsedCallback  stm32f4xx_hal_tim.o
    0x08003812   0x08003812   0x00000002   Code   RO         2393    i.HAL_TIM_TriggerCallback  stm32f4xx_hal_tim.o
    0x08003814   0x08003814   0x00000058   Code   RO         3252    i.HAL_UART_DMAStop  stm32f4xx_hal_uart.o
    0x0800386c   0x0800386c   0x00000002   Code   RO         3254    i.HAL_UART_ErrorCallback  stm32f4xx_hal_uart.o
    0x0800386e   0x0800386e   0x00000002   PAD
    0x08003870   0x08003870   0x00000110   Code   RO         3257    i.HAL_UART_IRQHandler  stm32f4xx_hal_uart.o
    0x08003980   0x08003980   0x00000062   Code   RO         3258    i.HAL_UART_Init     stm32f4xx_hal_uart.o
    0x080039e2   0x080039e2   0x00000002   PAD
    0x080039e4   0x080039e4   0x000004d0   Code   RO          818    i.HAL_UART_MspInit  usart.o
    0x08003eb4   0x08003eb4   0x00000098   Code   RO         3262    i.HAL_UART_Receive_DMA  stm32f4xx_hal_uart.o
    0x08003f4c   0x08003f4c   0x00000002   Code   RO         5488    i.HAL_UART_RxCpltCallback  hardware_uart.o
    0x08003f4e   0x08003f4e   0x00000002   Code   RO         3265    i.HAL_UART_RxHalfCpltCallback  stm32f4xx_hal_uart.o
    0x08003f50   0x08003f50   0x000000ba   Code   RO         3266    i.HAL_UART_Transmit  stm32f4xx_hal_uart.o
    0x0800400a   0x0800400a   0x00000002   PAD
    0x0800400c   0x0800400c   0x00000080   Code   RO         3267    i.HAL_UART_Transmit_DMA  stm32f4xx_hal_uart.o
    0x0800408c   0x0800408c   0x00000002   Code   RO         3269    i.HAL_UART_TxCpltCallback  stm32f4xx_hal_uart.o
    0x0800408e   0x0800408e   0x00000002   Code   RO         3270    i.HAL_UART_TxHalfCpltCallback  stm32f4xx_hal_uart.o
    0x08004090   0x08004090   0x0000005c   Code   RO         5768    i.Hadrware_Init     init.o
    0x080040ec   0x080040ec   0x00000002   Code   RO          542    i.HardFault_Handler  stm32f4xx_it.o
    0x080040ee   0x080040ee   0x00000002   PAD
    0x080040f0   0x080040f0   0x0000022c   Code   RO         6883    i.HoldCurrentPostion  followline.o
    0x0800431c   0x0800431c   0x00000028   Code   RO         5599    i.I2C_Init          hardware_i2c.o
    0x08004344   0x08004344   0x00000040   Code   RO         5600    i.I2C_Read_Byte     hardware_i2c.o
    0x08004384   0x08004384   0x00000032   Code   RO         5602    i.I2C_Write_Byte    hardware_i2c.o
    0x080043b6   0x080043b6   0x00000002   PAD
    0x080043b8   0x080043b8   0x00000054   Code   RO         5603    i.IIC_RecvACK       hardware_i2c.o
    0x0800440c   0x0800440c   0x0000004c   Code   RO         5604    i.IIC_RecvByte      hardware_i2c.o
    0x08004458   0x08004458   0x00000060   Code   RO         5605    i.IIC_SendACK       hardware_i2c.o
    0x080044b8   0x080044b8   0x00000060   Code   RO         5606    i.IIC_SendByte      hardware_i2c.o
    0x08004518   0x08004518   0x0000004c   Code   RO         5607    i.IIC_Start         hardware_i2c.o
    0x08004564   0x08004564   0x00000044   Code   RO         5608    i.IIC_Stop          hardware_i2c.o
    0x080045a8   0x080045a8   0x00000024   Code   RO         5243    i.IMU_Reset         imu.o
    0x080045cc   0x080045cc   0x00000038   Code   RO         1141    i.IntToUnicode      usbd_desc.o
    0x08004604   0x08004604   0x000001e8   Code   RO           13    i.KernelPolling     system.o
    0x080047ec   0x080047ec   0x00000042   Code   RO         6106    i.LCD_Address_Set   lcd_init.o
    0x0800482e   0x0800482e   0x00000016   Code   RO         5970    i.LCD_DrawPoint     lcd.o
    0x08004844   0x08004844   0x0000003e   Code   RO         5972    i.LCD_Fill          lcd.o
    0x08004882   0x08004882   0x00000002   PAD
    0x08004884   0x08004884   0x00000254   Code   RO         6108    i.LCD_Init          lcd_init.o
    0x08004ad8   0x08004ad8   0x0000010c   Code   RO         5973    i.LCD_ShowChar      lcd.o
    0x08004be4   0x08004be4   0x00000080   Code   RO         5980    i.LCD_ShowIntNum    lcd.o
    0x08004c64   0x08004c64   0x0000003a   Code   RO         5983    i.LCD_ShowString    lcd.o
    0x08004c9e   0x08004c9e   0x00000014   Code   RO         6109    i.LCD_WR_DATA       lcd_init.o
    0x08004cb2   0x08004cb2   0x00000002   PAD
    0x08004cb4   0x08004cb4   0x00000028   Code   RO         6111    i.LCD_WR_REG        lcd_init.o
    0x08004cdc   0x08004cdc   0x00000058   Code   RO         6112    i.LCD_Writ_Bus      lcd_init.o
    0x08004d34   0x08004d34   0x00000018   Code   RO         5131    i.LEDInit           led.o
    0x08004d4c   0x08004d4c   0x000000ac   Code   RO         5169    i.MPU6050Init       mpu6050.o
    0x08004df8   0x08004df8   0x000000cc   Code   RO          460    i.MX_DMA_Init       dma.o
    0x08004ec4   0x08004ec4   0x00000188   Code   RO          329    i.MX_GPIO_Init      gpio.o
    0x0800504c   0x0800504c   0x00000040   Code   RO          489    i.MX_I2C3_Init      i2c.o
    0x0800508c   0x0800508c   0x000000d4   Code   RO          744    i.MX_TIM1_Init      tim.o
    0x08005160   0x08005160   0x00000090   Code   RO          745    i.MX_TIM2_Init      tim.o
    0x080051f0   0x080051f0   0x00000068   Code   RO          746    i.MX_TIM3_Init      tim.o
    0x08005258   0x08005258   0x00000068   Code   RO          747    i.MX_TIM4_Init      tim.o
    0x080052c0   0x080052c0   0x00000038   Code   RO          819    i.MX_UART4_Init     usart.o
    0x080052f8   0x080052f8   0x00000038   Code   RO          820    i.MX_UART5_Init     usart.o
    0x08005330   0x08005330   0x00000044   Code   RO          821    i.MX_USART1_UART_Init  usart.o
    0x08005374   0x08005374   0x00000038   Code   RO          822    i.MX_USART2_UART_Init  usart.o
    0x080053ac   0x080053ac   0x00000038   Code   RO          823    i.MX_USART3_UART_Init  usart.o
    0x080053e4   0x080053e4   0x00000038   Code   RO          824    i.MX_USART6_UART_Init  usart.o
    0x0800541c   0x0800541c   0x00000054   Code   RO          889    i.MX_USB_DEVICE_Init  usb_device.o
    0x08005470   0x08005470   0x00000002   Code   RO          543    i.MemManage_Handler  stm32f4xx_it.o
    0x08005472   0x08005472   0x00000002   PAD
    0x08005474   0x08005474   0x00000228   Code   RO         6517    i.MotorControl      control.o
    0x0800569c   0x0800569c   0x0000002c   Code   RO         5914    i.Motor_Init        motor.o
    0x080056c8   0x080056c8   0x00000002   Code   RO          544    i.NMI_Handler       stm32f4xx_it.o
    0x080056ca   0x080056ca   0x00000002   PAD
    0x080056cc   0x080056cc   0x0000000c   Code   RO          545    i.OTG_FS_IRQHandler  stm32f4xx_it.o
    0x080056d8   0x080056d8   0x000000dc   Code   RO         1335    i.PCD_EP_OutXfrComplete_int  stm32f4xx_hal_pcd.o
    0x080057b4   0x080057b4   0x000000a2   Code   RO         1336    i.PCD_WriteEmptyTxFifo  stm32f4xx_hal_pcd.o
    0x08005856   0x08005856   0x00000002   PAD
    0x08005858   0x08005858   0x00000090   Code   RO         5769    i.PID_Init          init.o
    0x080058e8   0x080058e8   0x0000023c   Code   RO         6601    i.POS_Ctrl          pos_ctrl.o
    0x08005b24   0x08005b24   0x00000002   Code   RO          546    i.PendSV_Handler    stm32f4xx_it.o
    0x08005b26   0x08005b26   0x00000002   PAD
    0x08005b28   0x08005b28   0x00000054   Code   RO         5355    i.PollingGCS        gcs.o
    0x08005b7c   0x08005b7c   0x000000c4   Code   RO         5132    i.PollingLED        led.o
    0x08005c40   0x08005c40   0x00000058   Code   RO         5489    i.PollingUSART      hardware_uart.o
    0x08005c98   0x08005c98   0x0000002c   Code   RO         6371    i.Q_rsqrt           mymath.o
    0x08005cc4   0x08005cc4   0x00000104   Code   RO         6632    i.RCReceiveHandle   remote.o
    0x08005dc8   0x08005dc8   0x00000034   Code   RO         6633    i.RemotePolling     remote.o
    0x08005dfc   0x08005dfc   0x000000b8   Code   RO         6634    i.RemoteUnlock      remote.o
    0x08005eb4   0x08005eb4   0x00000028   Code   RO         6635    i.Remote_init       remote.o
    0x08005edc   0x08005edc   0x0000003c   Code   RO         6437    i.ResetPID          pid.o
    0x08005f18   0x08005f18   0x00000002   Code   RO          547    i.SVC_Handler       stm32f4xx_it.o
    0x08005f1a   0x08005f1a   0x00000002   PAD
    0x08005f1c   0x08005f1c   0x0000008c   Code   RO          548    i.SysTick_Handler   stm32f4xx_it.o
    0x08005fa8   0x08005fa8   0x00000088   Code   RO          272    i.SystemClock_Config  main.o
    0x08006030   0x08006030   0x00000054   Code   RO         4689    i.SystemInit        system_stm32f4xx.o
    0x08006084   0x08006084   0x0000000c   Code   RO          549    i.TIM3_IRQHandler   stm32f4xx_it.o
    0x08006090   0x08006090   0x0000000c   Code   RO          550    i.TIM4_IRQHandler   stm32f4xx_it.o
    0x0800609c   0x0800609c   0x000000c8   Code   RO         2395    i.TIM_Base_SetConfig  stm32f4xx_hal_tim.o
    0x08006164   0x08006164   0x0000001a   Code   RO         2396    i.TIM_CCxChannelCmd  stm32f4xx_hal_tim.o
    0x0800617e   0x0800617e   0x00000014   Code   RO         2406    i.TIM_ETR_SetConfig  stm32f4xx_hal_tim.o
    0x08006192   0x08006192   0x00000010   Code   RO         2407    i.TIM_ITRx_SetConfig  stm32f4xx_hal_tim.o
    0x080061a2   0x080061a2   0x00000002   PAD
    0x080061a4   0x080061a4   0x00000060   Code   RO         2408    i.TIM_OC1_SetConfig  stm32f4xx_hal_tim.o
    0x08006204   0x08006204   0x0000006c   Code   RO         2409    i.TIM_OC2_SetConfig  stm32f4xx_hal_tim.o
    0x08006270   0x08006270   0x00000068   Code   RO         2410    i.TIM_OC3_SetConfig  stm32f4xx_hal_tim.o
    0x080062d8   0x080062d8   0x00000050   Code   RO         2411    i.TIM_OC4_SetConfig  stm32f4xx_hal_tim.o
    0x08006328   0x08006328   0x00000022   Code   RO         2413    i.TIM_TI1_ConfigInputStage  stm32f4xx_hal_tim.o
    0x0800634a   0x0800634a   0x00000024   Code   RO         2415    i.TIM_TI2_ConfigInputStage  stm32f4xx_hal_tim.o
    0x0800636e   0x0800636e   0x00000002   PAD
    0x08006370   0x08006370   0x00000034   Code   RO         5686    i.Terrain_following  speed_estimator.o
    0x080063a4   0x080063a4   0x00000030   Code   RO          551    i.UART4_IRQHandler  stm32f4xx_it.o
    0x080063d4   0x080063d4   0x00000048   Code   RO          552    i.UART5_IRQHandler  stm32f4xx_it.o
    0x0800641c   0x0800641c   0x00000024   Code   RO         5490    i.UART_1_ReceiveHandle  hardware_uart.o
    0x08006440   0x08006440   0x00000014   Code   RO         5491    i.UART_2_ReceiveHandle  hardware_uart.o
    0x08006454   0x08006454   0x00000010   Code   RO         5492    i.UART_3_ReceiveHandle  hardware_uart.o
    0x08006464   0x08006464   0x0000001c   Code   RO         5493    i.UART_4_ReceiveHandle  hardware_uart.o
    0x08006480   0x08006480   0x00000038   Code   RO         5494    i.UART_5_ReceiveHandle  hardware_uart.o
    0x080064b8   0x080064b8   0x000000a4   Code   RO         5495    i.UART_6_ReceiveHandle  hardware_uart.o
    0x0800655c   0x0800655c   0x00000010   Code   RO         3271    i.UART_DMAAbortOnError  stm32f4xx_hal_uart.o
    0x0800656c   0x0800656c   0x0000004a   Code   RO         3272    i.UART_DMAError     stm32f4xx_hal_uart.o
    0x080065b6   0x080065b6   0x0000003c   Code   RO         3273    i.UART_DMAReceiveCplt  stm32f4xx_hal_uart.o
    0x080065f2   0x080065f2   0x0000000a   Code   RO         3275    i.UART_DMARxHalfCplt  stm32f4xx_hal_uart.o
    0x080065fc   0x080065fc   0x0000002e   Code   RO         3277    i.UART_DMATransmitCplt  stm32f4xx_hal_uart.o
    0x0800662a   0x0800662a   0x0000000a   Code   RO         3279    i.UART_DMATxHalfCplt  stm32f4xx_hal_uart.o
    0x08006634   0x08006634   0x0000001c   Code   RO         3281    i.UART_EndRxTransfer  stm32f4xx_hal_uart.o
    0x08006650   0x08006650   0x00000012   Code   RO         3282    i.UART_EndTxTransfer  stm32f4xx_hal_uart.o
    0x08006662   0x08006662   0x00000096   Code   RO         3283    i.UART_Receive_IT   stm32f4xx_hal_uart.o
    0x080066f8   0x080066f8   0x000002ac   Code   RO         3284    i.UART_SetConfig    stm32f4xx_hal_uart.o
    0x080069a4   0x080069a4   0x00000062   Code   RO         3285    i.UART_Transmit_IT  stm32f4xx_hal_uart.o
    0x08006a06   0x08006a06   0x00000064   Code   RO         3286    i.UART_WaitOnFlagUntilTimeout  stm32f4xx_hal_uart.o
    0x08006a6a   0x08006a6a   0x00000002   PAD
    0x08006a6c   0x08006a6c   0x00000030   Code   RO          553    i.USART1_IRQHandler  stm32f4xx_it.o
    0x08006a9c   0x08006a9c   0x00000034   Code   RO          554    i.USART2_IRQHandler  stm32f4xx_it.o
    0x08006ad0   0x08006ad0   0x00000030   Code   RO          555    i.USART3_IRQHandler  stm32f4xx_it.o
    0x08006b00   0x08006b00   0x00000048   Code   RO          556    i.USART6_IRQHandler  stm32f4xx_it.o
    0x08006b48   0x08006b48   0x00000344   Code   RO         5496    i.USART_Init        hardware_uart.o
    0x08006e8c   0x08006e8c   0x0000004a   Code   RO         4989    i.USBD_CDC_DataIn   usbd_cdc.o
    0x08006ed6   0x08006ed6   0x0000002e   Code   RO         4990    i.USBD_CDC_DataOut  usbd_cdc.o
    0x08006f04   0x08006f04   0x00000044   Code   RO         4991    i.USBD_CDC_DeInit   usbd_cdc.o
    0x08006f48   0x08006f48   0x00000024   Code   RO         4992    i.USBD_CDC_EP0_RxReady  usbd_cdc.o
    0x08006f6c   0x08006f6c   0x0000000c   Code   RO         4993    i.USBD_CDC_GetDeviceQualifierDescriptor  usbd_cdc.o
    0x08006f78   0x08006f78   0x0000000c   Code   RO         4994    i.USBD_CDC_GetFSCfgDesc  usbd_cdc.o
    0x08006f84   0x08006f84   0x0000000c   Code   RO         4995    i.USBD_CDC_GetHSCfgDesc  usbd_cdc.o
    0x08006f90   0x08006f90   0x0000000c   Code   RO         4996    i.USBD_CDC_GetOtherSpeedCfgDesc  usbd_cdc.o
    0x08006f9c   0x08006f9c   0x00000094   Code   RO         4997    i.USBD_CDC_Init     usbd_cdc.o
    0x08007030   0x08007030   0x00000028   Code   RO         4998    i.USBD_CDC_ReceivePacket  usbd_cdc.o
    0x08007058   0x08007058   0x00000010   Code   RO         4999    i.USBD_CDC_RegisterInterface  usbd_cdc.o
    0x08007068   0x08007068   0x0000000c   Code   RO         5000    i.USBD_CDC_SetRxBuffer  usbd_cdc.o
    0x08007074   0x08007074   0x00000010   Code   RO         5001    i.USBD_CDC_SetTxBuffer  usbd_cdc.o
    0x08007084   0x08007084   0x000000ac   Code   RO         5002    i.USBD_CDC_Setup    usbd_cdc.o
    0x08007130   0x08007130   0x0000000e   Code   RO         4726    i.USBD_ClrClassConfig  usbd_core.o
    0x0800713e   0x0800713e   0x00000010   Code   RO         4929    i.USBD_CtlContinueRx  usbd_ioreq.o
    0x0800714e   0x0800714e   0x00000010   Code   RO         4930    i.USBD_CtlContinueSendData  usbd_ioreq.o
    0x0800715e   0x0800715e   0x00000016   Code   RO         4864    i.USBD_CtlError     usbd_ctlreq.o
    0x08007174   0x08007174   0x0000001e   Code   RO         4931    i.USBD_CtlPrepareRx  usbd_ioreq.o
    0x08007192   0x08007192   0x00000016   Code   RO         4932    i.USBD_CtlReceiveStatus  usbd_ioreq.o
    0x080071a8   0x080071a8   0x0000001a   Code   RO         4933    i.USBD_CtlSendData  usbd_ioreq.o
    0x080071c2   0x080071c2   0x00000016   Code   RO         4934    i.USBD_CtlSendStatus  usbd_ioreq.o
    0x080071d8   0x080071d8   0x00000020   Code   RO         1142    i.USBD_FS_ConfigStrDescriptor  usbd_desc.o
    0x080071f8   0x080071f8   0x0000000c   Code   RO         1143    i.USBD_FS_DeviceDescriptor  usbd_desc.o
    0x08007204   0x08007204   0x00000024   Code   RO         1144    i.USBD_FS_InterfaceStrDescriptor  usbd_desc.o
    0x08007228   0x08007228   0x0000000c   Code   RO         1145    i.USBD_FS_LangIDStrDescriptor  usbd_desc.o
    0x08007234   0x08007234   0x0000001c   Code   RO         1146    i.USBD_FS_ManufacturerStrDescriptor  usbd_desc.o
    0x08007250   0x08007250   0x0000001c   Code   RO         1147    i.USBD_FS_ProductStrDescriptor  usbd_desc.o
    0x0800726c   0x0800726c   0x00000038   Code   RO         1148    i.USBD_FS_SerialStrDescriptor  usbd_desc.o
    0x080072a4   0x080072a4   0x000000e8   Code   RO         4865    i.USBD_GetDescriptor  usbd_ctlreq.o
    0x0800738c   0x0800738c   0x00000048   Code   RO         4866    i.USBD_GetString    usbd_ctlreq.o
    0x080073d4   0x080073d4   0x00000018   Code   RO          959    i.USBD_Get_USB_Status  usbd_conf.o
    0x080073ec   0x080073ec   0x0000002a   Code   RO         4728    i.USBD_Init         usbd_core.o
    0x08007416   0x08007416   0x00000012   Code   RO          960    i.USBD_LL_ClearStallEP  usbd_conf.o
    0x08007428   0x08007428   0x00000012   Code   RO          961    i.USBD_LL_CloseEP   usbd_conf.o
    0x0800743a   0x0800743a   0x000000c6   Code   RO         4729    i.USBD_LL_DataInStage  usbd_core.o
    0x08007500   0x08007500   0x00000082   Code   RO         4730    i.USBD_LL_DataOutStage  usbd_core.o
    0x08007582   0x08007582   0x00000004   Code   RO         4731    i.USBD_LL_DevConnected  usbd_core.o
    0x08007586   0x08007586   0x00000016   Code   RO         4732    i.USBD_LL_DevDisconnected  usbd_core.o
    0x0800759c   0x0800759c   0x00000008   Code   RO          965    i.USBD_LL_GetRxDataSize  usbd_conf.o
    0x080075a4   0x080075a4   0x00000060   Code   RO          966    i.USBD_LL_Init      usbd_conf.o
    0x08007604   0x08007604   0x00000020   Code   RO          967    i.USBD_LL_IsStallEP  usbd_conf.o
    0x08007624   0x08007624   0x00000004   Code   RO         4733    i.USBD_LL_IsoINIncomplete  usbd_core.o
    0x08007628   0x08007628   0x00000004   Code   RO         4734    i.USBD_LL_IsoOUTIncomplete  usbd_core.o
    0x0800762c   0x0800762c   0x00000018   Code   RO          968    i.USBD_LL_OpenEP    usbd_conf.o
    0x08007644   0x08007644   0x00000012   Code   RO          969    i.USBD_LL_PrepareReceive  usbd_conf.o
    0x08007656   0x08007656   0x00000050   Code   RO         4735    i.USBD_LL_Reset     usbd_core.o
    0x080076a6   0x080076a6   0x0000000c   Code   RO         4736    i.USBD_LL_Resume    usbd_core.o
    0x080076b2   0x080076b2   0x00000018   Code   RO         4737    i.USBD_LL_SOF       usbd_core.o
    0x080076ca   0x080076ca   0x00000006   Code   RO         4738    i.USBD_LL_SetSpeed  usbd_core.o
    0x080076d0   0x080076d0   0x00000012   Code   RO          970    i.USBD_LL_SetUSBAddress  usbd_conf.o
    0x080076e2   0x080076e2   0x0000005a   Code   RO         4739    i.USBD_LL_SetupStage  usbd_core.o
    0x0800773c   0x0800773c   0x00000012   Code   RO          971    i.USBD_LL_StallEP   usbd_conf.o
    0x0800774e   0x0800774e   0x00000012   Code   RO          972    i.USBD_LL_Start     usbd_conf.o
    0x08007760   0x08007760   0x00000012   Code   RO         4740    i.USBD_LL_Suspend   usbd_core.o
    0x08007772   0x08007772   0x00000012   Code   RO          974    i.USBD_LL_Transmit  usbd_conf.o
    0x08007784   0x08007784   0x00000028   Code   RO         4867    i.USBD_ParseSetupRequest  usbd_ctlreq.o
    0x080077ac   0x080077ac   0x00000010   Code   RO         4741    i.USBD_RegisterClass  usbd_core.o
    0x080077bc   0x080077bc   0x00000016   Code   RO         4743    i.USBD_SetClassConfig  usbd_core.o
    0x080077d2   0x080077d2   0x00000002   PAD
    0x080077d4   0x080077d4   0x00000084   Code   RO         4868    i.USBD_SetConfig    usbd_ctlreq.o
    0x08007858   0x08007858   0x0000000a   Code   RO         4744    i.USBD_Start        usbd_core.o
    0x08007862   0x08007862   0x00000112   Code   RO         4869    i.USBD_StdDevReq    usbd_ctlreq.o
    0x08007974   0x08007974   0x00000150   Code   RO         4870    i.USBD_StdEPReq     usbd_ctlreq.o
    0x08007ac4   0x08007ac4   0x0000004e   Code   RO         4871    i.USBD_StdItfReq    usbd_ctlreq.o
    0x08007b12   0x08007b12   0x00000002   PAD
    0x08007b14   0x08007b14   0x00000080   Code   RO         1566    i.USB_ActivateEndpoint  stm32f4xx_ll_usb.o
    0x08007b94   0x08007b94   0x00000034   Code   RO         1568    i.USB_ActivateSetup  stm32f4xx_ll_usb.o
    0x08007bc8   0x08007bc8   0x00000074   Code   RO         1570    i.USB_CoreInit      stm32f4xx_ll_usb.o
    0x08007c3c   0x08007c3c   0x00000038   Code   RO         1571    i.USB_CoreReset     stm32f4xx_ll_usb.o
    0x08007c74   0x08007c74   0x00000080   Code   RO         1574    i.USB_DeactivateEndpoint  stm32f4xx_ll_usb.o
    0x08007cf4   0x08007cf4   0x00000018   Code   RO         1575    i.USB_DevConnect    stm32f4xx_ll_usb.o
    0x08007d0c   0x08007d0c   0x00000018   Code   RO         1576    i.USB_DevDisconnect  stm32f4xx_ll_usb.o
    0x08007d24   0x08007d24   0x0000018c   Code   RO         1577    i.USB_DevInit       stm32f4xx_ll_usb.o
    0x08007eb0   0x08007eb0   0x0000000c   Code   RO         1578    i.USB_DisableGlobalInt  stm32f4xx_ll_usb.o
    0x08007ebc   0x08007ebc   0x00000118   Code   RO         1581    i.USB_EP0StartXfer  stm32f4xx_ll_usb.o
    0x08007fd4   0x08007fd4   0x00000058   Code   RO         1582    i.USB_EP0_OutStart  stm32f4xx_ll_usb.o
    0x0800802c   0x0800802c   0x00000058   Code   RO         1583    i.USB_EPClearStall  stm32f4xx_ll_usb.o
    0x08008084   0x08008084   0x00000058   Code   RO         1584    i.USB_EPSetStall    stm32f4xx_ll_usb.o
    0x080080dc   0x080080dc   0x000001e8   Code   RO         1585    i.USB_EPStartXfer   stm32f4xx_ll_usb.o
    0x080082c4   0x080082c4   0x0000000c   Code   RO         1586    i.USB_EnableGlobalInt  stm32f4xx_ll_usb.o
    0x080082d0   0x080082d0   0x00000020   Code   RO         1587    i.USB_FlushRxFifo   stm32f4xx_ll_usb.o
    0x080082f0   0x080082f0   0x00000024   Code   RO         1588    i.USB_FlushTxFifo   stm32f4xx_ll_usb.o
    0x08008314   0x08008314   0x0000001a   Code   RO         1590    i.USB_GetDevSpeed   stm32f4xx_ll_usb.o
    0x0800832e   0x0800832e   0x00000008   Code   RO         1592    i.USB_GetMode       stm32f4xx_ll_usb.o
    0x08008336   0x08008336   0x0000000e   Code   RO         1599    i.USB_ReadDevAllInEpInterrupt  stm32f4xx_ll_usb.o
    0x08008344   0x08008344   0x0000000e   Code   RO         1600    i.USB_ReadDevAllOutEpInterrupt  stm32f4xx_ll_usb.o
    0x08008352   0x08008352   0x00000024   Code   RO         1601    i.USB_ReadDevInEPInterrupt  stm32f4xx_ll_usb.o
    0x08008376   0x08008376   0x00000010   Code   RO         1602    i.USB_ReadDevOutEPInterrupt  stm32f4xx_ll_usb.o
    0x08008386   0x08008386   0x00000008   Code   RO         1603    i.USB_ReadInterrupts  stm32f4xx_ll_usb.o
    0x0800838e   0x0800838e   0x0000001c   Code   RO         1604    i.USB_ReadPacket    stm32f4xx_ll_usb.o
    0x080083aa   0x080083aa   0x0000002e   Code   RO         1606    i.USB_SetCurrentMode  stm32f4xx_ll_usb.o
    0x080083d8   0x080083d8   0x00000022   Code   RO         1607    i.USB_SetDevAddress  stm32f4xx_ll_usb.o
    0x080083fa   0x080083fa   0x00000002   PAD
    0x080083fc   0x080083fc   0x000000e8   Code   RO         1609    i.USB_SetTurnaroundTime  stm32f4xx_ll_usb.o
    0x080084e4   0x080084e4   0x00000024   Code   RO         1612    i.USB_WritePacket   stm32f4xx_ll_usb.o
    0x08008508   0x08008508   0x0000020c   Code   RO         6886    i.UpdateAction      followline.o
    0x08008714   0x08008714   0x0000004c   Code   RO         6887    i.UpdateButton      followline.o
    0x08008760   0x08008760   0x00000022   Code   RO         6888    i.UpdateCentControl  followline.o
    0x08008782   0x08008782   0x00000002   PAD
    0x08008784   0x08008784   0x00000050   Code   RO         6889    i.UpdateDebugInfo   followline.o
    0x080087d4   0x080087d4   0x00000060   Code   RO         5917    i.UpdateMotor       motor.o
    0x08008834   0x08008834   0x00000164   Code   RO         6438    i.UpdatePID         pid.o
    0x08008998   0x08008998   0x000000c4   Code   RO         6890    i.UpdateStatus      followline.o
    0x08008a5c   0x08008a5c   0x00000054   Code   RO         5356    i.UpdateToGCSAltitude  gcs.o
    0x08008ab0   0x08008ab0   0x000000b8   Code   RO         5357    i.UpdateToGCSAttitude  gcs.o
    0x08008b68   0x08008b68   0x00000048   Code   RO         5359    i.UpdateToGCSHardwareInfo  gcs.o
    0x08008bb0   0x08008bb0   0x00000058   Code   RO         5361    i.UpdateToGCSLine2  gcs.o
    0x08008c08   0x08008c08   0x00000044   Code   RO         5362    i.UpdateToGCSMPU6050  gcs.o
    0x08008c4c   0x08008c4c   0x0000001c   Code   RO         5365    i.UpdateUSBQueue    gcs.o
    0x08008c68   0x08008c68   0x00000002   Code   RO          557    i.UsageFault_Handler  stm32f4xx_it.o
    0x08008c6a   0x08008c6a   0x00000002   PAD
    0x08008c6c   0x08008c6c   0x0000002c   Code   RO         5687    i.WZ_Est_Calcu      speed_estimator.o
    0x08008c98   0x08008c98   0x000000fc   Code   RO         5688    i.WZ_Fix_Calcu      speed_estimator.o
    0x08008d94   0x08008d94   0x00000020   Code   RO         5689    i.WZ_Fus_Reset      speed_estimator.o
    0x08008db4   0x08008db4   0x0000011c   Code   RO         5690    i.WZ_Obs_Calcu      speed_estimator.o
    0x08008ed0   0x08008ed0   0x00000010   Code   RO         5827    i.ZKHD_Link_FMU_To_GCS_Handle  zkhd_link.o
    0x08008ee0   0x08008ee0   0x00000064   Code   RO         5831    i.ZKHD_Link_MakeFrame  zkhd_link.o
    0x08008f44   0x08008f44   0x00000030   Code   RO         7189    i.__ARM_fpclassify  m_wm.l(fpclassify.o)
    0x08008f74   0x08008f74   0x00000026   Code   RO         7191    i.__ARM_fpclassifyf  m_wm.l(fpclassifyf.o)
    0x08008f9a   0x08008f9a   0x00000020   Code   RO         4316    i.__NVIC_SetPriority  stm32f4xx_hal_cortex.o
    0x08008fba   0x08008fba   0x00000006   PAD
    0x08008fc0   0x08008fc0   0x00000360   Code   RO         7060    i.__hardfp_asin     m_wm.l(asin.o)
    0x08009320   0x08009320   0x000002ac   Code   RO         7074    i.__hardfp_atan2f   m_wm.l(atan2f.o)
    0x080095cc   0x080095cc   0x000000f8   Code   RO         7207    i.__kernel_poly     m_wm.l(poly.o)
    0x080096c4   0x080096c4   0x00000014   Code   RO         7170    i.__mathlib_dbl_infnan  m_wm.l(dunder.o)
    0x080096d8   0x080096d8   0x00000020   Code   RO         7172    i.__mathlib_dbl_invalid  m_wm.l(dunder.o)
    0x080096f8   0x080096f8   0x00000020   Code   RO         7175    i.__mathlib_dbl_underflow  m_wm.l(dunder.o)
    0x08009718   0x08009718   0x00000006   Code   RO         7195    i.__mathlib_flt_infnan2  m_wm.l(funder.o)
    0x0800971e   0x0800971e   0x00000002   PAD
    0x08009720   0x08009720   0x00000010   Code   RO         7199    i.__mathlib_flt_underflow  m_wm.l(funder.o)
    0x08009730   0x08009730   0x0000000e   Code   RO         7272    i.__scatterload_copy  mc_w.l(handlers.o)
    0x0800973e   0x0800973e   0x00000002   Code   RO         7273    i.__scatterload_null  mc_w.l(handlers.o)
    0x08009740   0x08009740   0x0000000e   Code   RO         7274    i.__scatterload_zeroinit  mc_w.l(handlers.o)
    0x0800974e   0x0800974e   0x00000002   PAD
    0x08009750   0x08009750   0x0000000c   Code   RO         7250    i.__set_errno       mc_w.l(errno.o)
    0x0800975c   0x0800975c   0x0000001a   Code   RO         6891    i.absolute          followline.o
    0x08009776   0x08009776   0x00000002   PAD
    0x08009778   0x08009778   0x00000010   Code   RO         5096    i.beep_update       beep.o
    0x08009788   0x08009788   0x00000044   Code   RO         6490    i.deQueue           my_queue.o
    0x080097cc   0x080097cc   0x00000010   Code   RO         5609    i.delay             hardware_i2c.o
    0x080097dc   0x080097dc   0x00000046   Code   RO         6491    i.enQueue           my_queue.o
    0x08009822   0x08009822   0x00000018   Code   RO         7185    i.fabs              m_wm.l(fabs.o)
    0x0800983a   0x0800983a   0x00000002   PAD
    0x0800983c   0x0800983c   0x00000034   Code   RO         6163    i.flush_lcd         lcd_status.o
    0x08009870   0x08009870   0x00000050   Code   RO         7129    i.free              mc_w.l(malloc.o)
    0x080098c0   0x080098c0   0x0000003c   Code   RO         5367    i.gcs_init          gcs.o
    0x080098fc   0x080098fc   0x00000020   Code   RO         6164    i.lcd_exchange_page  lcd_status.o
    0x0800991c   0x0800991c   0x0000007c   Code   RO         6165    i.lcd_message       lcd_status.o
    0x08009998   0x08009998   0x0000005c   Code   RO         6166    i.lcd_status_init   lcd_status.o
    0x080099f4   0x080099f4   0x00000274   Code   RO         6167    i.lcd_update        lcd_status.o
    0x08009c68   0x08009c68   0x00000074   Code   RO          273    i.main              main.o
    0x08009cdc   0x08009cdc   0x0000006c   Code   RO         7130    i.malloc            mc_w.l(malloc.o)
    0x08009d48   0x08009d48   0x00000010   Code   RO         5984    i.mypow             lcd.o
    0x08009d58   0x08009d58   0x0000002c   Code   RO         6246    i.power_init        power.o
    0x08009d84   0x08009d84   0x00000080   Code   RO         6247    i.power_update      power.o
    0x08009e04   0x08009e04   0x00000010   Code   RO         6439    i.reset_i           pid.o
    0x08009e14   0x08009e14   0x000000bc   Code   RO         6707    i.sdk_init          sdk.o
    0x08009ed0   0x08009ed0   0x0000000c   Code   RO         6708    i.sdk_land          sdk.o
    0x08009edc   0x08009edc   0x00000010   Code   RO         6709    i.sdk_lock          sdk.o
    0x08009eec   0x08009eec   0x000000f0   Code   RO         6710    i.sdk_pos_set       sdk.o
    0x08009fdc   0x08009fdc   0x00000018   Code   RO         6711    i.sdk_reset_Location  sdk.o
    0x08009ff4   0x08009ff4   0x00000014   Code   RO         6714    i.sdk_takeoff       sdk.o
    0x0800a008   0x0800a008   0x00000010   Code   RO         6715    i.sdk_unlock        sdk.o
    0x0800a018   0x0800a018   0x00000148   Code   RO         6716    i.sdk_update        sdk.o
    0x0800a160   0x0800a160   0x00000030   Code   RO         6717    i.sdk_update_position  sdk.o
    0x0800a190   0x0800a190   0x00000080   Code   RO         6718    i.sdk_update_s_2    sdk.o
    0x0800a210   0x0800a210   0x00000018   Code   RO         6719    i.sdk_velocity_reset  sdk.o
    0x0800a228   0x0800a228   0x00000060   Code   RO         6720    i.sdk_velocity_set  sdk.o
    0x0800a288   0x0800a288   0x00000014   Code   RO         6724    i.sdk_yaw_reset     sdk.o
    0x0800a29c   0x0800a29c   0x0000006e   Code   RO         7214    i.sqrt              m_wm.l(sqrt.o)
    0x0800a30a   0x0800a30a   0x00000002   PAD
    0x0800a30c   0x0800a30c   0x00000034   Code   RO         5369    i.update2gcs_mode   gcs.o
    0x0800a340   0x0800a340   0x00000094   Code   RO         5370    i.update2gcsdevecelist  gcs.o
    0x0800a3d4   0x0800a3d4   0x0000007c   Code   RO         5371    i.update2gcsotherinfogroup1  gcs.o
    0x0800a450   0x0800a450   0x0000002c   Code   RO         6222    i.update_status     status.o
    0x0800a47c   0x0800a47c   0x00000068   Code   RO         5498    i.usart_rx_idle_handle  hardware_uart.o
    0x0800a4e4   0x0800a4e4   0x0000001c   Code   RO         6286    i.uwb_init          uwb.o
    0x0800a500   0x0800a500   0x00000008   Data   RO         4033    .constdata          stm32f4xx_hal_dma.o
    0x0800a508   0x0800a508   0x00000010   Data   RO         4690    .constdata          system_stm32f4xx.o
    0x0800a518   0x0800a518   0x00000008   Data   RO         4691    .constdata          system_stm32f4xx.o
    0x0800a520   0x0800a520   0x0000391c   Data   RO         5986    .constdata          lcd.o
    0x0800de3c   0x0800de3c   0x00000004   Data   RO         6378    .constdata          mymath.o
    0x0800de40   0x0800de40   0x00000004   Data   RO         6380    .constdata          mymath.o
    0x0800de44   0x0800de44   0x00000004   Data   RO         6381    .constdata          mymath.o
    0x0800de48   0x0800de48   0x00000050   Data   RO         7063    .constdata          m_wm.l(asin.o)
    0x0800de98   0x0800de98   0x00000020   Data   RO         7270    Region$$Table       anon$$obj.o


    Execution Region RW_IRAM1 (Exec base: 0x20000000, Load base: 0x0800deb8, Size: 0x000049b8, Max: 0x00020000, ABSOLUTE, COMPRESSED[0x000001e0])

    Exec Addr    Load Addr    Size         Type   Attr      Idx    E Section Name        Object

    0x20000000   COMPRESSED   0x0000000c   Data   RW           17    .data               system.o
    0x2000000c   COMPRESSED   0x00000008   Data   RW          561    .data               stm32f4xx_it.o
    0x20000014   COMPRESSED   0x0000001c   Data   RW         1150    .data               usbd_desc.o
    0x20000030   COMPRESSED   0x00000032   Data   RW         1151    .data               usbd_desc.o
    0x20000062   COMPRESSED   0x00000002   PAD
    0x20000064   COMPRESSED   0x00000010   Data   RW         1233    .data               usbd_cdc_if.o
    0x20000074   COMPRESSED   0x0000000c   Data   RW         4460    .data               stm32f4xx_hal.o
    0x20000080   COMPRESSED   0x00000004   Data   RW         4692    .data               system_stm32f4xx.o
    0x20000084   COMPRESSED   0x00000001   Data   RW         4872    .data               usbd_ctlreq.o
    0x20000085   COMPRESSED   0x00000003   PAD
    0x20000088   COMPRESSED   0x000000d7   Data   RW         5004    .data               usbd_cdc.o
    0x2000015f   COMPRESSED   0x00000001   PAD
    0x20000160   COMPRESSED   0x00000038   Data   RW         5005    .data               usbd_cdc.o
    0x20000198   COMPRESSED   0x00000006   Data   RW         5097    .data               beep.o
    0x2000019e   COMPRESSED   0x00000008   Data   RW         5133    .data               led.o
    0x200001a6   COMPRESSED   0x00000002   PAD
    0x200001a8   COMPRESSED   0x0000000c   Data   RW         5171    .data               mpu6050.o
    0x200001b4   COMPRESSED   0x0000002c   Data   RW         5245    .data               imu.o
    0x200001e0   COMPRESSED   0x00000014   Data   RW         5308    .data               ano_of.o
    0x200001f4   COMPRESSED   0x00000010   Data   RW         5373    .data               gcs.o
    0x20000204   COMPRESSED   0x00000002   Data   RW         5374    .data               gcs.o
    0x20000206   COMPRESSED   0x00000002   Data   RW         5375    .data               gcs.o
    0x20000208   COMPRESSED   0x00000004   Data   RW         5500    .data               hardware_uart.o
    0x2000020c   COMPRESSED   0x00000008   Data   RW         5610    .data               hardware_i2c.o
    0x20000214   COMPRESSED   0x00000054   Data   RW         5692    .data               speed_estimator.o
    0x20000268   COMPRESSED   0x00000001   Data   RW         5772    .data               init.o
    0x20000269   COMPRESSED   0x0000025a   Data   RW         6169    .data               lcd_status.o
    0x200004c3   COMPRESSED   0x00000001   PAD
    0x200004c4   COMPRESSED   0x00000008   Data   RW         6248    .data               power.o
    0x200004cc   COMPRESSED   0x00000010   Data   RW         6519    .data               control.o
    0x200004dc   COMPRESSED   0x00000038   Data   RW         6563    .data               height_control.o
    0x20000514   COMPRESSED   0x00000048   Data   RW         6602    .data               pos_ctrl.o
    0x2000055c   COMPRESSED   0x00000008   Data   RW         6638    .data               remote.o
    0x20000564   COMPRESSED   0x0000001c   Data   RW         6728    .data               sdk.o
    0x20000580   COMPRESSED   0x0000013c   Data   RW         6894    .data               followline.o
    0x200006bc   COMPRESSED   0x00000004   Data   RW         7246    .data               mc_w.l(mvars.o)
    0x200006c0   COMPRESSED   0x00000004   Data   RW         7247    .data               mc_w.l(mvars.o)
    0x200006c4   COMPRESSED   0x00000004   Data   RW         7251    .data               mc_w.l(errno.o)
    0x200006c8        -       0x0000000f   Zero   RW           15    .bss                system.o
    0x200006d7   COMPRESSED   0x00000001   PAD
    0x200006d8        -       0x00000054   Zero   RW          490    .bss                i2c.o
    0x2000072c        -       0x00000100   Zero   RW          748    .bss                tim.o
    0x2000082c        -       0x000005a0   Zero   RW          825    .bss                usart.o
    0x20000dcc        -       0x0000029c   Zero   RW          890    .bss                usb_device.o
    0x20001068        -       0x00000408   Zero   RW          975    .bss                usbd_conf.o
    0x20001470        -       0x00000200   Zero   RW         1149    .bss                usbd_desc.o
    0x20001670        -       0x00001000   Zero   RW         1232    .bss                usbd_cdc_if.o
    0x20002670        -       0x00000058   Zero   RW         5170    .bss                mpu6050.o
    0x200026c8        -       0x0000000c   Zero   RW         5244    .bss                imu.o
    0x200026d4        -       0x0000007a   Zero   RW         5306    .bss                ano_of.o
    0x2000274e   COMPRESSED   0x00000002   PAD
    0x20002750        -       0x00000024   Zero   RW         5372    .bss                gcs.o
    0x20002774        -       0x000014e0   Zero   RW         5499    .bss                hardware_uart.o
    0x20003c54        -       0x0000000c   Zero   RW         5691    .bss                speed_estimator.o
    0x20003c60        -       0x0000014c   Zero   RW         5770    .bss                init.o
    0x20003dac        -       0x000001d1   Zero   RW         6168    .bss                lcd_status.o
    0x20003f7d        -       0x00000013   Zero   RW         6287    .bss                uwb.o
    0x20003f90        -       0x00000374   Zero   RW         6440    .bss                pid.o
    0x20004304        -       0x0000000c   Zero   RW         6518    .bss                control.o
    0x20004310        -       0x00000024   Zero   RW         6562    .bss                height_control.o
    0x20004334        -       0x00000072   Zero   RW         6637    .bss                remote.o
    0x200043a6   COMPRESSED   0x00000002   PAD
    0x200043a8        -       0x00000150   Zero   RW         6727    .bss                sdk.o
    0x200044f8        -       0x0000003e   Zero   RW         6893    .bss                followline.o
    0x20004536   COMPRESSED   0x00000002   PAD
    0x20004538        -       0x0000007c   Zero   RW         6999    .bss                program_ctrl.o
    0x200045b4   COMPRESSED   0x00000004   PAD
    0x200045b8        -       0x00000200   Zero   RW            2    HEAP                startup_stm32f407xx.o
    0x200047b8        -       0x00000200   Zero   RW            1    STACK               startup_stm32f407xx.o


==============================================================================

Image component sizes


      Code (inc. data)   RO Data    RW Data    ZI Data      Debug   Object Name

       490         34          0         20        122       5372   ano_of.o
        16          6          0          6          0       1404   beep.o
       964         82          0         16         12       4684   control.o
       204          4          0          0          0        934   dma.o
      1956        184          0        316         62      12809   followline.o
       992        116          0         20         36      10451   gcs.o
       392         20          0          0          0     701543   gpio.o
       666         44          0          8          0       6773   hardware_i2c.o
      1350        116          0          4       5344       9087   hardware_uart.o
       684        106          0         56         36       2957   height_control.o
       200         32          0          0         84       1829   i2c.o
      1036         44          0         44         12       4005   imu.o
       236         38          0          1        332       3200   init.o
       554         16      14620          0          0       7010   lcd.o
       810         16          0          0          0       6076   lcd_init.o
       928        310          0        602        465       5267   lcd_status.o
       220         20          0          8          0       2730   led.o
       254         16          0          0          0       2332   main.o
       140         10          0          0          0       1155   motor.o
       684         32          0         12         88       5256   mpu6050.o
       138          0          0          0          0       1804   my_queue.o
        44          4         12          0          0       1029   mymath.o
       470         32          0          0        884       4129   pid.o
       572         66          0         72          0       2212   pos_ctrl.o
       172         24          0          8          0       1959   power.o
         0          0          0          0        124       1515   program_ctrl.o
      1076        116          0          8        114       5562   remote.o
      1160        190          0         28        336      10083   sdk.o
       664        108          0         84         12       6542   speed_estimator.o
        36          8        392          0       1024        916   startup_stm32f407xx.o
        44         12          0          0          0        524   status.o
       180         28          0         12          0       4825   stm32f4xx_hal.o
       198         14          0          0          0      34163   stm32f4xx_hal_cortex.o
      1090         16          8          0          0       7674   stm32f4xx_hal_dma.o
       466         44          0          0          0       3880   stm32f4xx_hal_gpio.o
       372         16          0          0          0       3011   stm32f4xx_hal_i2c.o
        48          6          0          0          0        902   stm32f4xx_hal_msp.o
      2372         18          0          0          0      13393   stm32f4xx_hal_pcd.o
        78          0          0          0          0       2545   stm32f4xx_hal_pcd_ex.o
      1276         86          0          0          0       5876   stm32f4xx_hal_rcc.o
      1756         90          0          0          0      18017   stm32f4xx_hal_tim.o
       154          0          0          0          0       3433   stm32f4xx_hal_tim_ex.o
      2226         42          0          0          0      16963   stm32f4xx_hal_uart.o
       744        178          0          8          0      17701   stm32f4xx_it.o
      2546        140          0          0          0      23835   stm32f4xx_ll_usb.o
       488         48          0         12         15     702597   system.o
        84         18         24          4          0       1267   system_stm32f4xx.o
       880         78          0          0        256       5445   tim.o
      1580        128          0          0       1440       6576   usart.o
        84         18          0          0        668       7195   usb_device.o
       676         16          0        271          0      13324   usbd_cdc.o
        68         16          0         16       4096       2842   usbd_cdc_if.o
       634         20          0          0       1032      15820   usbd_conf.o
       696          0          0          0          0      12953   usbd_core.o
      1186         28          0          1          0       8436   usbd_ctlreq.o
       260         76          0         78        512       6249   usbd_desc.o
       132          0          0          0          0       4760   usbd_ioreq.o
        28          6          0          0         19       1353   uwb.o
       116          6          0          0          0       2269   zkhd_link.o

    ----------------------------------------------------------------------
     37632       2942      15088       1724      17136    1778453   Object Totals
         0          0         32          0          0          0   (incl. Generated)
        62          0          0          9         11          0   (incl. Padding)

    ----------------------------------------------------------------------

      Code (inc. data)   RO Data    RW Data    ZI Data      Debug   Library Member Name

       864         94         80          0          0        280   asin.o
       684         90          0          0          0        208   atan2f.o
        84         16          0          0          0        372   dunder.o
        24          0          0          0          0        124   fabs.o
        48          0          0          0          0        124   fpclassify.o
        38          0          0          0          0        116   fpclassifyf.o
        22          6          0          0          0        232   funder.o
       248          0          0          0          0        152   poly.o
       110          0          0          0          0        148   sqrt.o
        86          0          0          0          0          0   __dczerorl2.o
         0          0          0          0          0          0   entry.o
         0          0          0          0          0          0   entry10a.o
         0          0          0          0          0          0   entry11a.o
         4          0          0          0          0          0   entry12b.o
         8          4          0          0          0          0   entry2.o
         4          0          0          0          0          0   entry5.o
         0          0          0          0          0          0   entry7b.o
         0          0          0          0          0          0   entry8b.o
         8          4          0          0          0          0   entry9a.o
        12          6          0          4          0         68   errno.o
        30          0          0          0          0          0   handlers.o
        36          8          0          0          0         68   init.o
         0          0          0          0          0          0   iusefp.o
        30          0          0          0          0         68   llshl.o
        36          0          0          0          0         68   llsshr.o
        32          0          0          0          0         68   llushr.o
       188         20          0          0          0        160   malloc.o
        64          0          0          0          0         76   memmovea.o
        36          0          0          0          0        108   memseta.o
         0          0          0          8          0          0   mvars.o
        98          0          0          0          0         92   uldiv.o
        56          0          0          0          0         88   d2f.o
       334          0          0          0          0        148   dadd.o
       222          0          0          0          0        100   ddiv.o
       186          0          0          0          0        176   depilogue.o
        50          0          0          0          0         76   dfixui.o
        26          0          0          0          0         76   dfltui.o
       228          0          0          0          0         96   dmul.o
       162          0          0          0          0        100   dsqrt.o
        38          0          0          0          0         68   f2d.o
       110          0          0          0          0        168   fepilogue.o

    ----------------------------------------------------------------------
      4216        248         80         12          0       3628   Library Totals
        10          0          0          0          0          0   (incl. Padding)

    ----------------------------------------------------------------------

      Code (inc. data)   RO Data    RW Data    ZI Data      Debug   Library Name

      2122        206         80          0          0       1756   m_wm.l
       672         42          0         12          0        776   mc_w.l
      1412          0          0          0          0       1096   mf_w.l

    ----------------------------------------------------------------------
      4216        248         80         12          0       3628   Library Totals

    ----------------------------------------------------------------------

==============================================================================


      Code (inc. data)   RO Data    RW Data    ZI Data      Debug   

     41848       3190      15168       1736      17136    1745481   Grand Totals
     41848       3190      15168        480      17136    1745481   ELF Image Totals (compressed)
     41848       3190      15168        480          0          0   ROM Totals

==============================================================================

    Total RO  Size (Code + RO Data)                57016 (  55.68kB)
    Total RW  Size (RW Data + ZI Data)             18872 (  18.43kB)
    Total ROM Size (Code + RO Data + RW Data)      57496 (  56.15kB)

==============================================================================

